Component: ARM Compiler 5.06 update 6 (build 750) Tool: armlink [4d35ed]

==============================================================================

Section Cross References

    can.o(i.CanWriteData) refers to dleqf.o(x$fpl$dleqf) for __aeabi_cdcmple
    can.o(i.CanWriteData) refers to dfix.o(x$fpl$dfix) for __aeabi_d2iz
    can.o(i.CanWriteData) refers to stm32f10x_can.o(i.CAN_Transmit) for CAN_Transmit
    can.o(i.Can_config) refers to stm32f10x_rcc.o(i.RCC_APB2PeriphClockCmd) for RCC_APB2PeriphClockCmd
    can.o(i.Can_config) refers to stm32f10x_rcc.o(i.RCC_APB1PeriphClockCmd) for RCC_APB1PeriphClockCmd
    can.o(i.Can_config) refers to stm32f10x_gpio.o(i.GPIO_PinRemapConfig) for GPIO_PinRemapConfig
    can.o(i.Can_config) refers to stm32f10x_gpio.o(i.GPIO_Init) for GPIO_Init
    can.o(i.Can_config) refers to stm32f10x_can.o(i.CAN_DeInit) for CAN_DeInit
    can.o(i.Can_config) refers to stm32f10x_can.o(i.CAN_StructInit) for CAN_StructInit
    can.o(i.Can_config) refers to stm32f10x_can.o(i.CAN_Init) for CAN_Init
    can.o(i.Can_config) refers to stm32f10x_can.o(i.CAN_ITConfig) for CAN_ITConfig
    can.o(i.Can_config) refers to stm32f10x_can.o(i.CAN_FilterInit) for CAN_FilterInit
    can.o(i.Can_config) refers to misc.o(i.NVIC_PriorityGroupConfig) for NVIC_PriorityGroupConfig
    can.o(i.Can_config) refers to misc.o(i.NVIC_Init) for NVIC_Init
    can.o(i.USB_LP_CAN1_RX0_IRQHandler) refers to stm32f10x_can.o(i.CAN_Receive) for CAN_Receive
    can.o(i.USB_LP_CAN1_RX0_IRQHandler) refers to stm32f10x_tim.o(i.TIM_Cmd) for TIM_Cmd
    can.o(i.USB_LP_CAN1_RX0_IRQHandler) refers to dflt_clz.o(x$fpl$dflt) for __aeabi_i2d
    can.o(i.USB_LP_CAN1_RX0_IRQHandler) refers to ddiv.o(x$fpl$ddiv) for __aeabi_ddiv
    can.o(i.USB_LP_CAN1_RX0_IRQHandler) refers to drleqf.o(x$fpl$drleqf) for __aeabi_cdrcmple
    can.o(i.USB_LP_CAN1_RX0_IRQHandler) refers to dleqf.o(x$fpl$dleqf) for __aeabi_cdcmple
    can.o(i.USB_LP_CAN1_RX0_IRQHandler) refers to stm32f10x_tim.o(i.TIM_SetCompare1) for TIM_SetCompare1
    can.o(i.USB_LP_CAN1_RX0_IRQHandler) refers to stm32f10x_tim.o(i.TIM_SetCompare2) for TIM_SetCompare2
    can.o(i.USB_LP_CAN1_RX0_IRQHandler) refers to stm32f10x_tim.o(i.TIM_SetCounter) for TIM_SetCounter
    can.o(i.USB_LP_CAN1_RX0_IRQHandler) refers to stm32f10x_tim.o(i.TIM_CtrlPWMOutputs) for TIM_CtrlPWMOutputs
    can.o(i.USB_LP_CAN1_RX0_IRQHandler) refers to stm32f10x_gpio.o(i.GPIO_ResetBits) for GPIO_ResetBits
    can.o(i.USB_LP_CAN1_RX0_IRQHandler) refers to stm32f10x_can.o(i.CAN_ClearITPendingBit) for CAN_ClearITPendingBit
    can.o(i.USB_LP_CAN1_RX0_IRQHandler) refers to can.o(.data) for CAN_ID
    can.o(i.USB_LP_CAN1_RX0_IRQHandler) refers to controller.o(.data) for Set_Position
    controller.o(i.Estimation_Algorithm) refers to main.o(i.Tranpose_Matrix) for Tranpose_Matrix
    controller.o(i.Estimation_Algorithm) refers to main.o(i.Multiply_Matrix) for Multiply_Matrix
    controller.o(i.Estimation_Algorithm) refers to daddsub_clz.o(x$fpl$dsub) for __aeabi_dsub
    controller.o(i.Estimation_Algorithm) refers to daddsub_clz.o(x$fpl$dadd) for __aeabi_dadd
    controller.o(i.Estimation_Algorithm) refers to main.o(i.Divide_Matrix_Vector) for Divide_Matrix_Vector
    controller.o(i.Estimation_Algorithm) refers to dmul.o(x$fpl$dmul) for __aeabi_dmul
    controller.o(i.Estimation_Algorithm) refers to ddiv.o(x$fpl$ddiv) for __aeabi_ddiv
    controller.o(i.Estimation_Algorithm) refers to drleqf.o(x$fpl$drleqf) for __aeabi_cdrcmple
    controller.o(i.Estimation_Algorithm) refers to dleqf.o(x$fpl$dleqf) for __aeabi_cdcmple
    controller.o(i.Estimation_Algorithm) refers to main.o(i.Sub_Matrix) for Sub_Matrix
    controller.o(i.Estimation_Algorithm) refers to main.o(i.Multiply_Matrix_Vector) for Multiply_Matrix_Vector
    controller.o(i.Estimation_Algorithm) refers to main.o(i.Add_Matrix) for Add_Matrix
    controller.o(i.Estimation_Algorithm) refers to deqf.o(x$fpl$deqf) for __aeabi_cdcmpeq
    controller.o(i.Estimation_Algorithm) refers to controller.o(.data) for Delay_time
    controller.o(i.Estimation_Algorithm) refers to controller.o(.bss) for phi
    controller.o(i.MRC_Design) refers to controller.o(i.Model_Position) for Model_Position
    controller.o(i.MRC_Design) refers to stm32f10x_tim.o(i.TIM_GetCounter) for TIM_GetCounter
    controller.o(i.MRC_Design) refers to dflt_clz.o(x$fpl$dflt) for __aeabi_i2d
    controller.o(i.MRC_Design) refers to dmul.o(x$fpl$dmul) for __aeabi_dmul
    controller.o(i.MRC_Design) refers to daddsub_clz.o(x$fpl$dadd) for __aeabi_dadd
    controller.o(i.MRC_Design) refers to ddiv.o(x$fpl$ddiv) for __aeabi_ddiv
    controller.o(i.MRC_Design) refers to daddsub_clz.o(x$fpl$dsub) for __aeabi_dsub
    controller.o(i.MRC_Design) refers to dleqf.o(x$fpl$dleqf) for __aeabi_cdcmple
    controller.o(i.MRC_Design) refers to drleqf.o(x$fpl$drleqf) for __aeabi_cdrcmple
[...]
    Removing stm32f10x_flash.o(i.FLASH_ReadOutProtection), (172 bytes).
    Removing stm32f10x_flash.o(i.FLASH_Unlock), (24 bytes).
    Removing stm32f10x_flash.o(i.FLASH_UnlockBank1), (24 bytes).
    Removing stm32f10x_flash.o(i.FLASH_UserOptionByteConfig), (104 bytes).
    Removing stm32f10x_flash.o(i.FLASH_WaitForLastBank1Operation), (38 bytes).
    Removing stm32f10x_flash.o(i.FLASH_WaitForLastOperation), (38 bytes).
    Removing core_cm3.o(.emb_text), (32 bytes).
    Removing system_stm32f10x.o(i.SystemCoreClockUpdate), (164 bytes).
    Removing system_stm32f10x.o(.data), (20 bytes).

153 unused section(s) (total 6498 bytes) removed from the image.

==============================================================================

Image Symbol Table

    Local Symbols

    Symbol Name                              Value     Ov Type        Size  Object(Section)

    ../clib/angel/boardlib.s                 0x00000000   Number         0  boardshut.o ABSOLUTE
    ../clib/angel/boardlib.s                 0x00000000   Number         0  boardinit1.o ABSOLUTE
    ../clib/angel/boardlib.s                 0x00000000   Number         0  boardinit3.o ABSOLUTE
    ../clib/angel/boardlib.s                 0x00000000   Number         0  boardinit2.o ABSOLUTE
    ../clib/angel/dczerorl.s                 0x00000000   Number         0  __dczerorl.o ABSOLUTE
    ../clib/angel/handlers.s                 0x00000000   Number         0  __scatter_zi.o ABSOLUTE
    ../clib/angel/kernel.s                   0x00000000   Number         0  __rtentry4.o ABSOLUTE
    ../clib/angel/kernel.s                   0x00000000   Number         0  __rtentry.o ABSOLUTE
    ../clib/angel/kernel.s                   0x00000000   Number         0  rtexit2.o ABSOLUTE
    ../clib/angel/kernel.s                   0x00000000   Number         0  __rtentry2.o ABSOLUTE
    ../clib/angel/kernel.s                   0x00000000   Number         0  rtexit.o ABSOLUTE
    ../clib/angel/rt.s                       0x00000000   Number         0  rt_locale.o ABSOLUTE
    ../clib/angel/rt.s                       0x00000000   Number         0  rt_locale_intlibspace.o ABSOLUTE
    ../clib/angel/rt.s                       0x00000000   Number         0  rt_errno_addr_intlibspace.o ABSOLUTE
    ../clib/angel/rt.s                       0x00000000   Number         0  rt_raise.o ABSOLUTE
    ../clib/angel/rt.s                       0x00000000   Number         0  rt_errno_addr.o ABSOLUTE
    ../clib/angel/rt.s                       0x00000000   Number         0  rt_heap_descriptor.o ABSOLUTE
    ../clib/angel/rt.s                       0x00000000   Number         0  rt_heap_descriptor_intlibspace.o ABSOLUTE
    ../clib/angel/scatter.s                  0x00000000   Number         0  __scatter.o ABSOLUTE
    ../clib/angel/startup.s                  0x00000000   Number         0  __main.o ABSOLUTE
    ../clib/angel/sys.s                      0x00000000   Number         0  mutex_dummy.o ABSOLUTE
    ../clib/angel/sys.s                      0x00000000   Number         0  libspace.o ABSOLUTE
    ../clib/angel/sys.s                      0x00000000   Number         0  sys_stackheap_outer.o ABSOLUTE
    ../clib/angel/sys.s                      0x00000000   Number         0  use_no_semi.o ABSOLUTE
    ../clib/angel/sys.s                      0x00000000   Number         0  indicate_semi.o ABSOLUTE
    ../clib/angel/sysapp.c                   0x00000000   Number         0  sys_exit.o ABSOLUTE
    ../clib/angel/sysapp.c                   0x00000000   Number         0  sys_command.o ABSOLUTE
    ../clib/angel/sysapp.c                   0x00000000   Number         0  sys_wrch.o ABSOLUTE
    ../clib/angel/sysapp.c                   0x00000000   Number         0  sys_io.o ABSOLUTE
    ../clib/armsys.c                         0x00000000   Number         0  no_argv.o ABSOLUTE
    ../clib/armsys.c                         0x00000000   Number         0  _get_argv_nomalloc.o ABSOLUTE
    ../clib/armsys.c                         0x00000000   Number         0  _get_argv.o ABSOLUTE
    ../clib/armsys.c                         0x00000000   Number         0  argv_veneer.o ABSOLUTE
    ../clib/armsys.c                         0x00000000   Number         0  argv_veneer.o ABSOLUTE
    ../clib/assert.c                         0x00000000   Number         0  assert_stdio.o ABSOLUTE
    ../clib/bigflt.c                         0x00000000   Number         0  bigflt0.o ABSOLUTE
    ../clib/btod.s                           0x00000000   Number         0  btod.o ABSOLUTE
    ../clib/heap1.c                          0x00000000   Number         0  h1_alloc_mt.o ABSOLUTE
    ../clib/heap1.c                          0x00000000   Number         0  h1_alloc.o ABSOLUTE
    ../clib/heap1.c                          0x00000000   Number         0  h1_final_mt.o ABSOLUTE
    ../clib/heap1.c                          0x00000000   Number         0  h1_extend.o ABSOLUTE
    ../clib/heap1.c                          0x00000000   Number         0  h1_free.o ABSOLUTE
    ../clib/heap1.c                          0x00000000   Number         0  h1_free_mt.o ABSOLUTE
    ../clib/heap1.c                          0x00000000   Number         0  h1_extend_mt.o ABSOLUTE
    ../clib/heap1.c                          0x00000000   Number         0  h1_init_mt.o ABSOLUTE
    ../clib/heap1.c                          0x00000000   Number         0  h1_init.o ABSOLUTE
    ../clib/heap1.c                          0x00000000   Number         0  h1_final.o ABSOLUTE
    ../clib/heap2.c                          0x00000000   Number         0  fdtree.o ABSOLUTE
    ../clib/heap2.c                          0x00000000   Number         0  heap2.o ABSOLUTE
    ../clib/heap2.c                          0x00000000   Number         0  heap2mt.o ABSOLUTE
    ../clib/heapalloc.c                      0x00000000   Number         0  maybetermalloc2.o ABSOLUTE
    ../clib/heapalloc.c                      0x00000000   Number         0  maybetermalloc2.o ABSOLUTE
    ../clib/heapalloc.c                      0x00000000   Number         0  maybetermalloc1.o ABSOLUTE
    ../clib/heapalloc.c                      0x00000000   Number         0  hguard.o ABSOLUTE
    ../clib/heapalloc.c                      0x00000000   Number         0  init_alloc.o ABSOLUTE
    ../clib/heapalloc.c                      0x00000000   Number         0  malloc.o ABSOLUTE
    ../clib/heapalloc.c                      0x00000000   Number         0  heapstubs.o ABSOLUTE
    ../clib/heapalloc.c                      0x00000000   Number         0  hrguard.o ABSOLUTE
    ../clib/heapalloc.c                      0x00000000   Number         0  free.o ABSOLUTE
    ../clib/heapalloc.c                      0x00000000   Number         0  term_alloc.o ABSOLUTE
    ../clib/heapalloc.c                      0x00000000   Number         0  maybetermalloc1.o ABSOLUTE
    ../clib/heapaux.c                        0x00000000   Number         0  heapauxa.o ABSOLUTE
    ../clib/heapaux.c                        0x00000000   Number         0  heapauxi.o ABSOLUTE
    ../clib/libinit.s                        0x00000000   Number         0  libinit.o ABSOLUTE
    ../clib/libinit.s                        0x00000000   Number         0  libinit2.o ABSOLUTE
    ../clib/libinit.s                        0x00000000   Number         0  libshutdown2.o ABSOLUTE
    ../clib/libinit.s                        0x00000000   Number         0  libshutdown.o ABSOLUTE
    ../clib/locale.s                         0x00000000   Number         0  lc_numeric_c.o ABSOLUTE
    ../clib/longlong.s                       0x00000000   Number         0  lludiv10.o ABSOLUTE
    ../clib/memcpset.s                       0x00000000   Number         0  strcmpv7m.o ABSOLUTE
    ../clib/memcpset.s                       0x00000000   Number         0  rt_memcpy_v6.o ABSOLUTE
    ../clib/memcpset.s                       0x00000000   Number         0  rt_memclr_w.o ABSOLUTE
    ../clib/memcpset.s                       0x00000000   Number         0  rt_memcpy_w.o ABSOLUTE
    ../clib/misc.s                           0x00000000   Number         0  printf_stubs.o ABSOLUTE
    ../clib/printf.c                         0x00000000   Number         0  _printf_char_file.o ABSOLUTE
    ../clib/printf.c                         0x00000000   Number         0  __printf_wp.o ABSOLUTE
    ../clib/printf.c                         0x00000000   Number         0  __printf_flags_wp.o ABSOLUTE
    ../clib/printf.c                         0x00000000   Number         0  __printf_ss_wp.o ABSOLUTE
    ../clib/printf.c                         0x00000000   Number         0  __printf_flags_ss_wp.o ABSOLUTE
    ../clib/printf.c                         0x00000000   Number         0  _printf_fp_infnan.o ABSOLUTE
    ../clib/printf.c                         0x00000000   Number         0  _printf_char_common.o ABSOLUTE
    ../clib/printf.c                         0x00000000   Number         0  _printf_char_file_locked.o ABSOLUTE
    ../clib/printf.c                         0x00000000   Number         0  _printf_fp_dec.o ABSOLUTE
    ../clib/printf.c                         0x00000000   Number         0  __printf_nopercent.o ABSOLUTE
    ../clib/printf.c                         0x00000000   Number         0  __2printf.o ABSOLUTE
    ../clib/printf.c                         0x00000000   Number         0  noretval__2printf.o ABSOLUTE
    ../clib/printf.c                         0x00000000   Number         0  __printf.o ABSOLUTE
    ../clib/printf.c                         0x00000000   Number         0  _printf_pad.o ABSOLUTE
    ../clib/printf.c                         0x00000000   Number         0  __printf_flags.o ABSOLUTE
    ../clib/printf.c                         0x00000000   Number         0  __printf_ss.o ABSOLUTE
    ../clib/printf.c                         0x00000000   Number         0  __printf_flags_ss.o ABSOLUTE
    ../clib/printf_percent.s                 0x00000000   Number         0  _printf_percent_end.o ABSOLUTE
    ../clib/printf_percent.s                 0x00000000   Number         0  _printf_percent.o ABSOLUTE
    ../clib/printf_percent.s                 0x00000000   Number         0  _printf_f.o ABSOLUTE
    ../clib/signal.c                         0x00000000   Number         0  defsig_abrt_inner.o ABSOLUTE
    ../clib/signal.c                         0x00000000   Number         0  defsig_segv_inner.o ABSOLUTE
    ../clib/signal.c                         0x00000000   Number         0  defsig_other.o ABSOLUTE
    ../clib/signal.c                         0x00000000   Number         0  defsig_rtred_outer.o ABSOLUTE
    ../clib/signal.c                         0x00000000   Number         0  defsig_cppl_inner.o ABSOLUTE
    ../clib/signal.c                         0x00000000   Number         0  defsig_exit.o ABSOLUTE
    ../clib/signal.c                         0x00000000   Number         0  __raise.o ABSOLUTE
    ../clib/signal.c                         0x00000000   Number         0  defsig_pvfn_inner.o ABSOLUTE
    ../clib/signal.c                         0x00000000   Number         0  defsig_rtmem_inner.o ABSOLUTE
    ../clib/signal.c                         0x00000000   Number         0  defsig_stak_inner.o ABSOLUTE
    ../clib/signal.c                         0x00000000   Number         0  defsig_rtred_inner.o ABSOLUTE
    ../clib/signal.c                         0x00000000   Number         0  defsig_rtmem_formal.o ABSOLUTE
    ../clib/signal.c                         0x00000000   Number         0  defsig_fpe_inner.o ABSOLUTE
    ../clib/signal.c                         0x00000000   Number         0  defsig_rtred_formal.o ABSOLUTE
    ../clib/signal.c                         0x00000000   Number         0  defsig_general.o ABSOLUTE
    ../clib/signal.c                         0x00000000   Number         0  defsig_rtmem_outer.o ABSOLUTE
    ../clib/signal.s                         0x00000000   Number         0  defsig.o ABSOLUTE
    ../clib/stdio.c                          0x00000000   Number         0  stdio_streams.o ABSOLUTE
    ../clib/stdio.c                          0x00000000   Number         0  ferror.o ABSOLUTE
    ../clib/stdio.c                          0x00000000   Number         0  fflush.o ABSOLUTE
    ../clib/stdio.c                          0x00000000   Number         0  fopen_locked.o ABSOLUTE
    ../clib/stdio.c                          0x00000000   Number         0  fclose.o ABSOLUTE
    ../clib/stdio.c                          0x00000000   Number         0  fopen.o ABSOLUTE
    ../clib/stdio.c                          0x00000000   Number         0  setvbuf.o ABSOLUTE
    ../clib/stdio.c                          0x00000000   Number         0  flsbuf.o ABSOLUTE
    ../clib/stdio.c                          0x00000000   Number         0  fputs.o ABSOLUTE
    ../clib/stdio.c                          0x00000000   Number         0  ftell.o ABSOLUTE
    ../clib/stdio.c                          0x00000000   Number         0  streamlock.o ABSOLUTE
    ../clib/stdio.c                          0x00000000   Number         0  fputs_locked.o ABSOLUTE
    ../clib/stdio.c                          0x00000000   Number         0  fflush_locked.o ABSOLUTE
    ../clib/stdio.c                          0x00000000   Number         0  fseek.o ABSOLUTE
    ../clib/stdio.c                          0x00000000   Number         0  stdio.o ABSOLUTE
    ../clib/stdio.c                          0x00000000   Number         0  fwritefast.o ABSOLUTE
    ../clib/stdio.c                          0x00000000   Number         0  fwritefast_locked.o ABSOLUTE
    ../clib/stdio.c                          0x00000000   Number         0  setvbuf_locked.o ABSOLUTE
    ../clib/stdio.c                          0x00000000   Number         0  initio_locked.o ABSOLUTE
    ../clib/stdio.c                          0x00000000   Number         0  ferror_locked.o ABSOLUTE
    ../clib/stdio.c                          0x00000000   Number         0  fputc_locked.o ABSOLUTE
    ../clib/stdio.c                          0x00000000   Number         0  fputc.o ABSOLUTE
    ../clib/stdio.c                          0x00000000   Number         0  initio.o ABSOLUTE
    ../clib/stdlib.c                         0x00000000   Number         0  exit.o ABSOLUTE
    ../clib/string.c                         0x00000000   Number         0  strlen.o ABSOLUTE
    ../clib/wchar.c                          0x00000000   Number         0  flsbuf_fwide.o ABSOLUTE
    ../fplib/daddsub.s                       0x00000000   Number         0  daddsub_clz.o ABSOLUTE
    ../fplib/dcmpi.s                         0x00000000   Number         0  dcmpi.o ABSOLUTE
    ../fplib/ddiv.s                          0x00000000   Number         0  ddiv.o ABSOLUTE
    ../fplib/deqf.s                          0x00000000   Number         0  deqf.o ABSOLUTE
    ../fplib/dfix.s                          0x00000000   Number         0  dfix.o ABSOLUTE
    ../fplib/dflt.s                          0x00000000   Number         0  dflt_clz.o ABSOLUTE
    ../fplib/dleqf.s                         0x00000000   Number         0  dleqf.o ABSOLUTE
    ../fplib/dmul.s                          0x00000000   Number         0  dmul.o ABSOLUTE
    ../fplib/dnaninf.s                       0x00000000   Number         0  dnaninf.o ABSOLUTE
    ../fplib/dretinf.s                       0x00000000   Number         0  dretinf.o ABSOLUTE
    ../fplib/drleqf.s                        0x00000000   Number         0  drleqf.o ABSOLUTE
    ../fplib/fpinit.s                        0x00000000   Number         0  fpinit.o ABSOLUTE
    ../fplib/istatus.s                       0x00000000   Number         0  istatus.o ABSOLUTE
    ../fplib/printf1.s                       0x00000000   Number         0  printf1.o ABSOLUTE
    ../fplib/usenofp.s                       0x00000000   Number         0  usenofp.o ABSOLUTE
    ../mathlib/fpclassify.c                  0x00000000   Number         0  fpclassify.o ABSOLUTE
    CMSIS\CM3\CoreSupport\core_cm3.c         0x00000000   Number         0  core_cm3.o ABSOLUTE
    CMSIS\CM3\DeviceSupport\ST\STM32F10x\startup\arm\startup_stm32f10x_md.s 0x00000000   Number         0  startup_stm32f10x_md.o ABSOLUTE
    CMSIS\CM3\DeviceSupport\ST\STM32F10x\system_stm32f10x.c 0x00000000   Number         0  system_stm32f10x.o ABSOLUTE
    CMSIS\\CM3\\CoreSupport\\core_cm3.c      0x00000000   Number         0  core_cm3.o ABSOLUTE
    Proximity_LS_IO.c                        0x00000000   Number         0  proximity_ls_io.o ABSOLUTE
    STM32F10x_StdPeriph_Driver\src\misc.c    0x00000000   Number         0  misc.o ABSOLUTE
    STM32F10x_StdPeriph_Driver\src\stm32f10x_can.c 0x00000000   Number         0  stm32f10x_can.o ABSOLUTE
    STM32F10x_StdPeriph_Driver\src\stm32f10x_exti.c 0x00000000   Number         0  stm32f10x_exti.o ABSOLUTE
    STM32F10x_StdPeriph_Driver\src\stm32f10x_flash.c 0x00000000   Number         0  stm32f10x_flash.o ABSOLUTE
    STM32F10x_StdPeriph_Driver\src\stm32f10x_gpio.c 0x00000000   Number         0  stm32f10x_gpio.o ABSOLUTE
    STM32F10x_StdPeriph_Driver\src\stm32f10x_rcc.c 0x00000000   Number         0  stm32f10x_rcc.o ABSOLUTE
    STM32F10x_StdPeriph_Driver\src\stm32f10x_tim.c 0x00000000   Number         0  stm32f10x_tim.o ABSOLUTE
    can.c                                    0x00000000   Number         0  can.o ABSOLUTE
    controller.c                             0x00000000   Number         0  controller.o ABSOLUTE
    dc.s                                     0x00000000   Number         0  dc.o ABSOLUTE
    main.c                                   0x00000000   Number         0  main.o ABSOLUTE
    stm32f10x_it.c                           0x00000000   Number         0  stm32f10x_it.o ABSOLUTE
    RESET                                    0x08000000   Section      236  startup_stm32f10x_md.o(RESET)
    !!!main                                  0x080000ec   Section        8  __main.o(!!!main)
    !!!scatter                               0x080000f4   Section       52  __scatter.o(!!!scatter)
    !!dczerorl                               0x08000128   Section       58  __dczerorl.o(!!dczerorl)
    !!handler_zi                             0x08000164   Section       28  __scatter_zi.o(!!handler_zi)
    .ARM.Collect$$libinit$$00000000          0x08000180   Section        2  libinit.o(.ARM.Collect$$libinit$$00000000)
    .ARM.Collect$$libinit$$00000002          0x08000182   Section        0  libinit2.o(.ARM.Collect$$libinit$$00000002)
    .ARM.Collect$$libinit$$00000004          0x08000182   Section        0  libinit2.o(.ARM.Collect$$libinit$$00000004)
    .ARM.Collect$$libinit$$0000000A          0x08000182   Section        0  libinit2.o(.ARM.Collect$$libinit$$0000000A)
    .ARM.Collect$$libinit$$0000000C          0x08000182   Section        0  libinit2.o(.ARM.Collect$$libinit$$0000000C)
    .ARM.Collect$$libinit$$0000000E          0x08000182   Section        0  libinit2.o(.ARM.Collect$$libinit$$0000000E)
    .ARM.Collect$$libinit$$00000011          0x08000182   Section        0  libinit2.o(.ARM.Collect$$libinit$$00000011)
    .ARM.Collect$$libinit$$00000013          0x08000182   Section        0  libinit2.o(.ARM.Collect$$libinit$$00000013)
    .ARM.Collect$$libinit$$00000015          0x08000182   Section        0  libinit2.o(.ARM.Collect$$libinit$$00000015)
    .ARM.Collect$$libinit$$00000017          0x08000182   Section        0  libinit2.o(.ARM.Collect$$libinit$$00000017)
    .ARM.Collect$$libinit$$00000019          0x08000182   Section        0  libinit2.o(.ARM.Collect$$libinit$$00000019)
    .ARM.Collect$$libinit$$0000001B          0x08000182   Section        0  libinit2.o(.ARM.Collect$$libinit$$0000001B)
    .ARM.Collect$$libinit$$0000001D          0x08000182   Section        0  libinit2.o(.ARM.Collect$$libinit$$0000001D)
    .ARM.Collect$$libinit$$0000001F          0x08000182   Section        0  libinit2.o(.ARM.Collect$$libinit$$0000001F)
    .ARM.Collect$$libinit$$00000021          0x08000182   Section        0  libinit2.o(.ARM.Collect$$libinit$$00000021)
    .ARM.Collect$$libinit$$00000023          0x08000182   Section        0  libinit2.o(.ARM.Collect$$libinit$$00000023)
    .ARM.Collect$$libinit$$00000025          0x08000182   Section        0  libinit2.o(.ARM.Collect$$libinit$$00000025)
    .ARM.Collect$$libinit$$0000002C          0x08000182   Section        0  libinit2.o(.ARM.Collect$$libinit$$0000002C)
    .ARM.Collect$$libinit$$0000002E          0x08000182   Section        0  libinit2.o(.ARM.Collect$$libinit$$0000002E)
    .ARM.Collect$$libinit$$00000030          0x08000182   Section        0  libinit2.o(.ARM.Collect$$libinit$$00000030)
    .ARM.Collect$$libinit$$00000032          0x08000182   Section        0  libinit2.o(.ARM.Collect$$libinit$$00000032)
    .ARM.Collect$$libinit$$00000033          0x08000182   Section        2  libinit2.o(.ARM.Collect$$libinit$$00000033)
    .ARM.Collect$$libshutdown$$00000000      0x08000184   Section        2  libshutdown.o(.ARM.Collect$$libshutdown$$00000000)
    .ARM.Collect$$libshutdown$$00000002      0x08000186   Section        0  libshutdown2.o(.ARM.Collect$$libshutdown$$00000002)
    .ARM.Collect$$libshutdown$$00000004      0x08000186   Section        0  libshutdown2.o(.ARM.Collect$$libshutdown$$00000004)
    .ARM.Collect$$libshutdown$$00000007      0x08000186   Section        0  libshutdown2.o(.ARM.Collect$$libshutdown$$00000007)
    .ARM.Collect$$libshutdown$$0000000A      0x08000186   Section        0  libshutdown2.o(.ARM.Collect$$libshutdown$$0000000A)
    .ARM.Collect$$libshutdown$$0000000C      0x08000186   Section        0  libshutdown2.o(.ARM.Collect$$libshutdown$$0000000C)
    .ARM.Collect$$libshutdown$$0000000F      0x08000186   Section        0  libshutdown2.o(.ARM.Collect$$libshutdown$$0000000F)
    .ARM.Collect$$libshutdown$$00000010      0x08000186   Section        2  libshutdown2.o(.ARM.Collect$$libshutdown$$00000010)
    .ARM.Collect$$rtentry$$00000000          0x08000188   Section        0  __rtentry.o(.ARM.Collect$$rtentry$$00000000)
    .ARM.Collect$$rtentry$$00000002          0x08000188   Section        0  __rtentry2.o(.ARM.Collect$$rtentry$$00000002)
    .ARM.Collect$$rtentry$$00000004          0x08000188   Section        6  __rtentry4.o(.ARM.Collect$$rtentry$$00000004)
    .ARM.Collect$$rtentry$$00000009          0x0800018e   Section        0  __rtentry2.o(.ARM.Collect$$rtentry$$00000009)
    .ARM.Collect$$rtentry$$0000000A          0x0800018e   Section        4  __rtentry2.o(.ARM.Collect$$rtentry$$0000000A)
    .ARM.Collect$$rtentry$$0000000C          0x08000192   Section        0  __rtentry2.o(.ARM.Collect$$rtentry$$0000000C)
    .ARM.Collect$$rtentry$$0000000D          0x08000192   Section        8  __rtentry2.o(.ARM.Collect$$rtentry$$0000000D)
    .ARM.Collect$$rtexit$$00000000           0x0800019a   Section        2  rtexit.o(.ARM.Collect$$rtexit$$00000000)
    .ARM.Collect$$rtexit$$00000002           0x0800019c   Section        0  rtexit2.o(.ARM.Collect$$rtexit$$00000002)
    .ARM.Collect$$rtexit$$00000003           0x0800019c   Section        4  rtexit2.o(.ARM.Collect$$rtexit$$00000003)
    .ARM.Collect$$rtexit$$00000004           0x080001a0   Section        6  rtexit2.o(.ARM.Collect$$rtexit$$00000004)
    .text                                    0x080001a8   Section       64  startup_stm32f10x_md.o(.text)
    .text                                    0x080001e8   Section        0  heapauxi.o(.text)
    .text                                    0x080001f0   Section        8  libspace.o(.text)
    .text                                    0x080001f8   Section       74  sys_stackheap_outer.o(.text)
    .text                                    0x08000242   Section        0  exit.o(.text)
    .text                                    0x08000254   Section        2  use_no_semi.o(.text)
    .text                                    0x08000256   Section        0  indicate_semi.o(.text)
    .text                                    0x08000258   Section        0  sys_exit.o(.text)
    i.Add_Matrix                             0x08000264   Section        0  main.o(i.Add_Matrix)
    i.CAN_ClearITPendingBit                  0x08000300   Section        0  stm32f10x_can.o(i.CAN_ClearITPendingBit)
    i.CAN_DeInit                             0x080003a8   Section        0  stm32f10x_can.o(i.CAN_DeInit)
    i.CAN_FilterInit                         0x080003e0   Section        0  stm32f10x_can.o(i.CAN_FilterInit)
    i.CAN_ITConfig                           0x080004e8   Section        0  stm32f10x_can.o(i.CAN_ITConfig)
    i.CAN_Init                               0x080004fa   Section        0  stm32f10x_can.o(i.CAN_Init)
    i.CAN_Receive                            0x0800060e   Section        0  stm32f10x_can.o(i.CAN_Receive)
    i.CAN_StructInit                         0x080006fe   Section        0  stm32f10x_can.o(i.CAN_StructInit)
    i.CAN_Transmit                           0x0800071e   Section        0  stm32f10x_can.o(i.CAN_Transmit)
    i.CanWriteData                           0x08000844   Section        0  can.o(i.CanWriteData)
    i.Can_config                             0x080008bc   Section        0  can.o(i.Can_config)
    i.Config_IO                              0x080009c8   Section        0  proximity_ls_io.o(i.Config_IO)
    i.Config_LS                              0x08000a24   Section        0  proximity_ls_io.o(i.Config_LS)
    i.Config_Pro_LS_IO                       0x08000a9c   Section        0  proximity_ls_io.o(i.Config_Pro_LS_IO)
    i.Config_RCC                             0x08000aa8   Section        0  main.o(i.Config_RCC)
    i.Divide_Matrix_Vector                   0x08000b14   Section        0  main.o(i.Divide_Matrix_Vector)
    i.EXTI0_IRQHandler                       0x08000b9c   Section        0  stm32f10x_it.o(i.EXTI0_IRQHandler)
    i.EXTI_ClearITPendingBit                 0x08000bf8   Section        0  stm32f10x_exti.o(i.EXTI_ClearITPendingBit)
    i.EXTI_GetITStatus                       0x08000c04   Section        0  stm32f10x_exti.o(i.EXTI_GetITStatus)
    i.EXTI_Init                              0x08000c2c   Section        0  stm32f10x_exti.o(i.EXTI_Init)
    i.Estimation_Algorithm                   0x08000cc0   Section        0  controller.o(i.Estimation_Algorithm)
    i.FLASH_PrefetchBufferCmd                0x080010b0   Section        0  stm32f10x_flash.o(i.FLASH_PrefetchBufferCmd)
    i.FLASH_SetLatency                       0x080010cc   Section        0  stm32f10x_flash.o(i.FLASH_SetLatency)
    i.GPIO_EXTILineConfig                    0x080010e4   Section        0  stm32f10x_gpio.o(i.GPIO_EXTILineConfig)
    i.GPIO_Init                              0x08001124   Section        0  stm32f10x_gpio.o(i.GPIO_Init)
    i.GPIO_PinRemapConfig                    0x0800123c   Section        0  stm32f10x_gpio.o(i.GPIO_PinRemapConfig)
    i.GPIO_ResetBits                         0x080012cc   Section        0  stm32f10x_gpio.o(i.GPIO_ResetBits)
    i.GPIO_SetBits                           0x080012d0   Section        0  stm32f10x_gpio.o(i.GPIO_SetBits)
    i.Initial_Condition_Position             0x080012d4   Section        0  main.o(i.Initial_Condition_Position)
    i.MRC_Design                             0x0800133c   Section        0  controller.o(i.MRC_Design)
    i.Model_Position                         0x08001548   Section        0  controller.o(i.Model_Position)
    i.Multiply_Matrix                        0x08001684   Section        0  main.o(i.Multiply_Matrix)
    i.Multiply_Matrix_Vector                 0x08001764   Section        0  main.o(i.Multiply_Matrix_Vector)
    i.NVIC_Init                              0x080017ec   Section        0  misc.o(i.NVIC_Init)
    i.NVIC_PriorityGroupConfig               0x0800185c   Section        0  misc.o(i.NVIC_PriorityGroupConfig)
    i.RCC_APB1PeriphClockCmd                 0x08001870   Section        0  stm32f10x_rcc.o(i.RCC_APB1PeriphClockCmd)
    i.RCC_APB1PeriphResetCmd                 0x08001890   Section        0  stm32f10x_rcc.o(i.RCC_APB1PeriphResetCmd)
    i.RCC_APB2PeriphClockCmd                 0x080018b0   Section        0  stm32f10x_rcc.o(i.RCC_APB2PeriphClockCmd)
    i.RCC_DeInit                             0x080018d0   Section        0  stm32f10x_rcc.o(i.RCC_DeInit)
    i.RCC_GetFlagStatus                      0x0800191c   Section        0  stm32f10x_rcc.o(i.RCC_GetFlagStatus)
    i.RCC_GetSYSCLKSource                    0x08001958   Section        0  stm32f10x_rcc.o(i.RCC_GetSYSCLKSource)
    i.RCC_HCLKConfig                         0x08001968   Section        0  stm32f10x_rcc.o(i.RCC_HCLKConfig)
    i.RCC_HSEConfig                          0x08001980   Section        0  stm32f10x_rcc.o(i.RCC_HSEConfig)
    i.RCC_PCLK1Config                        0x080019cc   Section        0  stm32f10x_rcc.o(i.RCC_PCLK1Config)
    i.RCC_PCLK2Config                        0x080019e4   Section        0  stm32f10x_rcc.o(i.RCC_PCLK2Config)
    i.RCC_PLLCmd                             0x080019fc   Section        0  stm32f10x_rcc.o(i.RCC_PLLCmd)
    i.RCC_PLLConfig                          0x08001a08   Section        0  stm32f10x_rcc.o(i.RCC_PLLConfig)
    i.RCC_SYSCLKConfig                       0x08001a24   Section        0  stm32f10x_rcc.o(i.RCC_SYSCLKConfig)
    i.RCC_WaitForHSEStartUp                  0x08001a3c   Section        0  stm32f10x_rcc.o(i.RCC_WaitForHSEStartUp)
    i.STR_Position                           0x08001a74   Section        0  controller.o(i.STR_Position)
    i.SetSysClock                            0x08001a80   Section        0  system_stm32f10x.o(i.SetSysClock)
    SetSysClock                              0x08001a81   Thumb Code     8  system_stm32f10x.o(i.SetSysClock)
    i.SetSysClockTo72                        0x08001a88   Section        0  system_stm32f10x.o(i.SetSysClockTo72)
    SetSysClockTo72                          0x08001a89   Thumb Code   214  system_stm32f10x.o(i.SetSysClockTo72)
    i.Sub_Matrix                             0x08001b68   Section        0  main.o(i.Sub_Matrix)
    i.SystemInit                             0x08001c04   Section        0  system_stm32f10x.o(i.SystemInit)
    i.TI1_Config                             0x08001c64   Section        0  stm32f10x_tim.o(i.TI1_Config)
    TI1_Config                               0x08001c65   Thumb Code   108  stm32f10x_tim.o(i.TI1_Config)
    i.TI2_Config                             0x08001ce4   Section        0  stm32f10x_tim.o(i.TI2_Config)
    TI2_Config                               0x08001ce5   Thumb Code   130  stm32f10x_tim.o(i.TI2_Config)
    i.TI3_Config                             0x08001d7c   Section        0  stm32f10x_tim.o(i.TI3_Config)
    TI3_Config                               0x08001d7d   Thumb Code   122  stm32f10x_tim.o(i.TI3_Config)
    i.TI4_Config                             0x08001e0c   Section        0  stm32f10x_tim.o(i.TI4_Config)
    TI4_Config                               0x08001e0d   Thumb Code   130  stm32f10x_tim.o(i.TI4_Config)
    i.TIM1_Config_PWM                        0x08001ea4   Section        0  main.o(i.TIM1_Config_PWM)
    i.TIM2_Config_Sample_time                0x08001f80   Section        0  main.o(i.TIM2_Config_Sample_time)
    i.TIM2_IRQHandler                        0x08001fe8   Section        0  stm32f10x_it.o(i.TIM2_IRQHandler)
    i.TIM3_Config_Encoder                    0x08002004   Section        0  main.o(i.TIM3_Config_Encoder)
    i.TIM3_IRQHandler                        0x080020e0   Section        0  stm32f10x_it.o(i.TIM3_IRQHandler)
    i.TIM_ARRPreloadConfig                   0x08002124   Section        0  stm32f10x_tim.o(i.TIM_ARRPreloadConfig)
    i.TIM_ClearFlag                          0x0800213c   Section        0  stm32f10x_tim.o(i.TIM_ClearFlag)
    i.TIM_ClearITPendingBit                  0x08002142   Section        0  stm32f10x_tim.o(i.TIM_ClearITPendingBit)
    i.TIM_Cmd                                0x08002148   Section        0  stm32f10x_tim.o(i.TIM_Cmd)
    i.TIM_CtrlPWMOutputs                     0x08002160   Section        0  stm32f10x_tim.o(i.TIM_CtrlPWMOutputs)
    i.TIM_EncoderInterfaceConfig             0x0800217e   Section        0  stm32f10x_tim.o(i.TIM_EncoderInterfaceConfig)
    i.TIM_GetCounter                         0x080021c0   Section        0  stm32f10x_tim.o(i.TIM_GetCounter)
    i.TIM_GetITStatus                        0x080021c6   Section        0  stm32f10x_tim.o(i.TIM_GetITStatus)
    i.TIM_ICInit                             0x080021e8   Section        0  stm32f10x_tim.o(i.TIM_ICInit)
    i.TIM_ITConfig                           0x08002294   Section        0  stm32f10x_tim.o(i.TIM_ITConfig)
    i.TIM_OC1Init                            0x080022a8   Section        0  stm32f10x_tim.o(i.TIM_OC1Init)
    i.TIM_OC1PreloadConfig                   0x08002340   Section        0  stm32f10x_tim.o(i.TIM_OC1PreloadConfig)
    i.TIM_OC2Init                            0x08002354   Section        0  stm32f10x_tim.o(i.TIM_OC2Init)
    i.TIM_OC2PreloadConfig                   0x080023f8   Section        0  stm32f10x_tim.o(i.TIM_OC2PreloadConfig)
    i.TIM_SetCompare1                        0x08002412   Section        0  stm32f10x_tim.o(i.TIM_SetCompare1)
    i.TIM_SetCompare2                        0x08002416   Section        0  stm32f10x_tim.o(i.TIM_SetCompare2)
    i.TIM_SetCounter                         0x0800241a   Section        0  stm32f10x_tim.o(i.TIM_SetCounter)
    i.TIM_SetIC1Prescaler                    0x0800241e   Section        0  stm32f10x_tim.o(i.TIM_SetIC1Prescaler)
    i.TIM_SetIC2Prescaler                    0x08002430   Section        0  stm32f10x_tim.o(i.TIM_SetIC2Prescaler)
    i.TIM_SetIC3Prescaler                    0x0800244a   Section        0  stm32f10x_tim.o(i.TIM_SetIC3Prescaler)
    i.TIM_SetIC4Prescaler                    0x0800245c   Section        0  stm32f10x_tim.o(i.TIM_SetIC4Prescaler)
    i.TIM_TimeBaseInit                       0x08002478   Section        0  stm32f10x_tim.o(i.TIM_TimeBaseInit)
    i.Tranpose_Matrix                        0x0800251c   Section        0  main.o(i.Tranpose_Matrix)
    i.USB_LP_CAN1_RX0_IRQHandler             0x080025dc   Section        0  can.o(i.USB_LP_CAN1_RX0_IRQHandler)
    i.int32_to_uint16                        0x08002738   Section        0  controller.o(i.int32_to_uint16)
    i.main                                   0x08002746   Section        0  main.o(i.main)
    x$fpl$dadd                               0x08002768   Section      336  daddsub_clz.o(x$fpl$dadd)
    _dadd1                                   0x08002779   Thumb Code     0  daddsub_clz.o(x$fpl$dadd)
    x$fpl$dcmpinf                            0x080028b8   Section       24  dcmpi.o(x$fpl$dcmpinf)
    x$fpl$ddiv                               0x080028d0   Section      688  ddiv.o(x$fpl$ddiv)
    ddiv_entry                               0x080028d7   Thumb Code     0  ddiv.o(x$fpl$ddiv)
    x$fpl$deqf                               0x08002b80   Section      120  deqf.o(x$fpl$deqf)
    x$fpl$dfix                               0x08002bf8   Section       94  dfix.o(x$fpl$dfix)
    x$fpl$dflt                               0x08002c56   Section       46  dflt_clz.o(x$fpl$dflt)
    x$fpl$dleqf                              0x08002c84   Section      120  dleqf.o(x$fpl$dleqf)
    x$fpl$dmul                               0x08002cfc   Section      340  dmul.o(x$fpl$dmul)
    x$fpl$dnaninf                            0x08002e50   Section      156  dnaninf.o(x$fpl$dnaninf)
    x$fpl$dretinf                            0x08002eec   Section       12  dretinf.o(x$fpl$dretinf)
    x$fpl$drleqf                             0x08002ef8   Section      108  drleqf.o(x$fpl$drleqf)
    x$fpl$dsub                               0x08002f64   Section      468  daddsub_clz.o(x$fpl$dsub)
    _dsub1                                   0x08002f75   Thumb Code     0  daddsub_clz.o(x$fpl$dsub)
    x$fpl$usenofp                            0x08003138   Section        0  usenofp.o(x$fpl$usenofp)
    .data                                    0x20000000   Section        4  can.o(.data)
    .data                                    0x20000008   Section      272  controller.o(.data)
    .data                                    0x20000118   Section       24  main.o(.data)
    .bss                                     0x20000130   Section     2880  controller.o(.bss)
    .bss                                     0x20000c70   Section       96  libspace.o(.bss)
    HEAP                                     0x20000cd0   Section      512  startup_stm32f10x_md.o(HEAP)
    Heap_Mem                                 0x20000cd0   Data         512  startup_stm32f10x_md.o(HEAP)
    STACK                                    0x20000ed0   Section     1024  startup_stm32f10x_md.o(STACK)
    Stack_Mem                                0x20000ed0   Data        1024  startup_stm32f10x_md.o(STACK)
    __initial_sp                             0x200012d0   Data           0  startup_stm32f10x_md.o(STACK)

    Global Symbols

    Symbol Name                              Value     Ov Type        Size  Object(Section)

    BuildAttributes$$THM_ISAv4$P$D$K$B$S$PE$A:L22UL41UL21$X:L11$S22US41US21$IEEE1$IW$USESV6$~STKCKD$USESV7$~SHL$OTIME$ROPI$IEEEJ$EBA8$UX$STANDARDLIB$REQ8$PRES8$EABIv2 0x00000000   Number         0  anon$$obj.o ABSOLUTE
    __ARM_use_no_argv                        0x00000000   Number         0  main.o ABSOLUTE
    _printf_flags                            0x00000000   Number         0  printf_stubs.o ABSOLUTE
    _printf_return_value                     0x00000000   Number         0  printf_stubs.o ABSOLUTE
    _printf_sizespec                         0x00000000   Number         0  printf_stubs.o ABSOLUTE
    _printf_widthprec                        0x00000000   Number         0  printf_stubs.o ABSOLUTE
    __ARM_exceptions_init                     - Undefined Weak Reference
    __alloca_initialize                       - Undefined Weak Reference
    __arm_preinit_                            - Undefined Weak Reference
    __cpp_initialize__aeabi_                  - Undefined Weak Reference
    __cxa_finalize                            - Undefined Weak Reference
    __sigvec_lookup                           - Undefined Weak Reference
    __user_heap_extent                        - Undefined Weak Reference
    _atexit_init                              - Undefined Weak Reference
    _call_atexit_fns                          - Undefined Weak Reference
    _clock_init                               - Undefined Weak Reference
    _fp_trap_init                             - Undefined Weak Reference
    _fp_trap_shutdown                         - Undefined Weak Reference
    _get_lc_collate                           - Undefined Weak Reference
    _get_lc_ctype                             - Undefined Weak Reference
    _get_lc_monetary                          - Undefined Weak Reference
    _get_lc_time                              - Undefined Weak Reference
    _getenv_init                              - Undefined Weak Reference
    _handle_redirection                       - Undefined Weak Reference
    _mutex_acquire                            - Undefined Weak Reference
    _mutex_free                               - Undefined Weak Reference
    _mutex_release                            - Undefined Weak Reference
    _rand_init                                - Undefined Weak Reference
    _signal_finish                            - Undefined Weak Reference
    _signal_init                              - Undefined Weak Reference
    __Vectors_Size                           0x000000ec   Number         0  startup_stm32f10x_md.o ABSOLUTE
    __Vectors                                0x08000000   Data           4  startup_stm32f10x_md.o(RESET)
    __Vectors_End                            0x080000ec   Data           0  startup_stm32f10x_md.o(RESET)
    __main                                   0x080000ed   Thumb Code     8  __main.o(!!!main)
    __scatterload                            0x080000f5   Thumb Code     0  __scatter.o(!!!scatter)
    __scatterload_rt2                        0x080000f5   Thumb Code    44  __scatter.o(!!!scatter)
    __scatterload_rt2_thumb_only             0x080000f5   Thumb Code     0  __scatter.o(!!!scatter)
    __scatterload_null                       0x08000103   Thumb Code     0  __scatter.o(!!!scatter)
    __decompress                             0x08000129   Thumb Code    58  __dczerorl.o(!!dczerorl)
    __decompress0                            0x08000129   Thumb Code     0  __dczerorl.o(!!dczerorl)
    __scatterload_zeroinit                   0x08000165   Thumb Code    28  __scatter_zi.o(!!handler_zi)
    __rt_lib_init                            0x08000181   Thumb Code     0  libinit.o(.ARM.Collect$$libinit$$00000000)
    __rt_lib_init_alloca_1                   0x08000183   Thumb Code     0  libinit2.o(.ARM.Collect$$libinit$$0000002E)
    __rt_lib_init_argv_1                     0x08000183   Thumb Code     0  libinit2.o(.ARM.Collect$$libinit$$0000002C)
    __rt_lib_init_atexit_1                   0x08000183   Thumb Code     0  libinit2.o(.ARM.Collect$$libinit$$0000001B)
    __rt_lib_init_clock_1                    0x08000183   Thumb Code     0  libinit2.o(.ARM.Collect$$libinit$$00000021)
    __rt_lib_init_cpp_1                      0x08000183   Thumb Code     0  libinit2.o(.ARM.Collect$$libinit$$00000032)
    __rt_lib_init_exceptions_1               0x08000183   Thumb Code     0  libinit2.o(.ARM.Collect$$libinit$$00000030)
    __rt_lib_init_fp_1                       0x08000183   Thumb Code     0  libinit2.o(.ARM.Collect$$libinit$$00000002)
    __rt_lib_init_fp_trap_1                  0x08000183   Thumb Code     0  libinit2.o(.ARM.Collect$$libinit$$0000001F)
    __rt_lib_init_getenv_1                   0x08000183   Thumb Code     0  libinit2.o(.ARM.Collect$$libinit$$00000023)
    __rt_lib_init_heap_1                     0x08000183   Thumb Code     0  libinit2.o(.ARM.Collect$$libinit$$0000000A)
    __rt_lib_init_lc_collate_1               0x08000183   Thumb Code     0  libinit2.o(.ARM.Collect$$libinit$$00000011)
    __rt_lib_init_lc_ctype_1                 0x08000183   Thumb Code     0  libinit2.o(.ARM.Collect$$libinit$$00000013)
    __rt_lib_init_lc_monetary_1              0x08000183   Thumb Code     0  libinit2.o(.ARM.Collect$$libinit$$00000015)
    __rt_lib_init_lc_numeric_1               0x08000183   Thumb Code     0  libinit2.o(.ARM.Collect$$libinit$$00000017)
    __rt_lib_init_lc_time_1                  0x08000183   Thumb Code     0  libinit2.o(.ARM.Collect$$libinit$$00000019)
    __rt_lib_init_preinit_1                  0x08000183   Thumb Code     0  libinit2.o(.ARM.Collect$$libinit$$00000004)
    __rt_lib_init_rand_1                     0x08000183   Thumb Code     0  libinit2.o(.ARM.Collect$$libinit$$0000000E)
    __rt_lib_init_return                     0x08000183   Thumb Code     0  libinit2.o(.ARM.Collect$$libinit$$00000033)
    __rt_lib_init_signal_1                   0x08000183   Thumb Code     0  libinit2.o(.ARM.Collect$$libinit$$0000001D)
    __rt_lib_init_stdio_1                    0x08000183   Thumb Code     0  libinit2.o(.ARM.Collect$$libinit$$00000025)
    __rt_lib_init_user_alloc_1               0x08000183   Thumb Code     0  libinit2.o(.ARM.Collect$$libinit$$0000000C)
    __rt_lib_shutdown                        0x08000185   Thumb Code     0  libshutdown.o(.ARM.Collect$$libshutdown$$00000000)
    __rt_lib_shutdown_cpp_1                  0x08000187   Thumb Code     0  libshutdown2.o(.ARM.Collect$$libshutdown$$00000002)
    __rt_lib_shutdown_fp_trap_1              0x08000187   Thumb Code     0  libshutdown2.o(.ARM.Collect$$libshutdown$$00000007)
    __rt_lib_shutdown_heap_1                 0x08000187   Thumb Code     0  libshutdown2.o(.ARM.Collect$$libshutdown$$0000000F)
    __rt_lib_shutdown_return                 0x08000187   Thumb Code     0  libshutdown2.o(.ARM.Collect$$libshutdown$$00000010)
    __rt_lib_shutdown_signal_1               0x08000187   Thumb Code     0  libshutdown2.o(.ARM.Collect$$libshutdown$$0000000A)
    __rt_lib_shutdown_stdio_1                0x08000187   Thumb Code     0  libshutdown2.o(.ARM.Collect$$libshutdown$$00000004)
    __rt_lib_shutdown_user_alloc_1           0x08000187   Thumb Code     0  libshutdown2.o(.ARM.Collect$$libshutdown$$0000000C)
    __rt_entry                               0x08000189   Thumb Code     0  __rtentry.o(.ARM.Collect$$rtentry$$00000000)
    __rt_entry_presh_1                       0x08000189   Thumb Code     0  __rtentry2.o(.ARM.Collect$$rtentry$$00000002)
    __rt_entry_sh                            0x08000189   Thumb Code     0  __rtentry4.o(.ARM.Collect$$rtentry$$00000004)
    __rt_entry_li                            0x0800018f   Thumb Code     0  __rtentry2.o(.ARM.Collect$$rtentry$$0000000A)
    __rt_entry_postsh_1                      0x0800018f   Thumb Code     0  __rtentry2.o(.ARM.Collect$$rtentry$$00000009)
    __rt_entry_main                          0x08000193   Thumb Code     0  __rtentry2.o(.ARM.Collect$$rtentry$$0000000D)
    __rt_entry_postli_1                      0x08000193   Thumb Code     0  __rtentry2.o(.ARM.Collect$$rtentry$$0000000C)
    __rt_exit                                0x0800019b   Thumb Code     0  rtexit.o(.ARM.Collect$$rtexit$$00000000)
    __rt_exit_ls                             0x0800019d   Thumb Code     0  rtexit2.o(.ARM.Collect$$rtexit$$00000003)
    __rt_exit_prels_1                        0x0800019d   Thumb Code     0  rtexit2.o(.ARM.Collect$$rtexit$$00000002)
    __rt_exit_exit                           0x080001a1   Thumb Code     0  rtexit2.o(.ARM.Collect$$rtexit$$00000004)
    Reset_Handler                            0x080001a9   Thumb Code     8  startup_stm32f10x_md.o(.text)
    NMI_Handler                              0x080001b1   Thumb Code     2  startup_stm32f10x_md.o(.text)
    HardFault_Handler                        0x080001b3   Thumb Code     2  startup_stm32f10x_md.o(.text)
    MemManage_Handler                        0x080001b5   Thumb Code     2  startup_stm32f10x_md.o(.text)
    BusFault_Handler                         0x080001b7   Thumb Code     2  startup_stm32f10x_md.o(.text)
    UsageFault_Handler                       0x080001b9   Thumb Code     2  startup_stm32f10x_md.o(.text)
    SVC_Handler                              0x080001bb   Thumb Code     2  startup_stm32f10x_md.o(.text)
    DebugMon_Handler                         0x080001bd   Thumb Code     2  startup_stm32f10x_md.o(.text)
    PendSV_Handler                           0x080001bf   Thumb Code     2  startup_stm32f10x_md.o(.text)
    SysTick_Handler                          0x080001c1   Thumb Code     2  startup_stm32f10x_md.o(.text)
    ADC1_2_IRQHandler                        0x080001c3   Thumb Code     0  startup_stm32f10x_md.o(.text)
    CAN1_RX1_IRQHandler                      0x080001c3   Thumb Code     0  startup_stm32f10x_md.o(.text)
    CAN1_SCE_IRQHandler                      0x080001c3   Thumb Code     0  startup_stm32f10x_md.o(.text)
    DMA1_Channel1_IRQHandler                 0x080001c3   Thumb Code     0  startup_stm32f10x_md.o(.text)
    DMA1_Channel2_IRQHandler                 0x080001c3   Thumb Code     0  startup_stm32f10x_md.o(.text)
    DMA1_Channel3_IRQHandler                 0x080001c3   Thumb Code     0  startup_stm32f10x_md.o(.text)
    DMA1_Channel4_IRQHandler                 0x080001c3   Thumb Code     0  startup_stm32f10x_md.o(.text)
    DMA1_Channel5_IRQHandler                 0x080001c3   Thumb Code     0  startup_stm32f10x_md.o(.text)
    DMA1_Channel6_IRQHandler                 0x080001c3   Thumb Code     0  startup_stm32f10x_md.o(.text)
    DMA1_Channel7_IRQHandler                 0x080001c3   Thumb Code     0  startup_stm32f10x_md.o(.text)
    EXTI15_10_IRQHandler                     0x080001c3   Thumb Code     0  startup_stm32f10x_md.o(.text)
    EXTI1_IRQHandler                         0x080001c3   Thumb Code     0  startup_stm32f10x_md.o(.text)
    EXTI2_IRQHandler                         0x080001c3   Thumb Code     0  startup_stm32f10x_md.o(.text)
    EXTI3_IRQHandler                         0x080001c3   Thumb Code     0  startup_stm32f10x_md.o(.text)
    EXTI4_IRQHandler                         0x080001c3   Thumb Code     0  startup_stm32f10x_md.o(.text)
    EXTI9_5_IRQHandler                       0x080001c3   Thumb Code     0  startup_stm32f10x_md.o(.text)
    FLASH_IRQHandler                         0x080001c3   Thumb Code     0  startup_stm32f10x_md.o(.text)
    I2C1_ER_IRQHandler                       0x080001c3   Thumb Code     0  startup_stm32f10x_md.o(.text)
    I2C1_EV_IRQHandler                       0x080001c3   Thumb Code     0  startup_stm32f10x_md.o(.text)
    I2C2_ER_IRQHandler                       0x080001c3   Thumb Code     0  startup_stm32f10x_md.o(.text)
    I2C2_EV_IRQHandler                       0x080001c3   Thumb Code     0  startup_stm32f10x_md.o(.text)
    PVD_IRQHandler                           0x080001c3   Thumb Code     0  startup_stm32f10x_md.o(.text)
    RCC_IRQHandler                           0x080001c3   Thumb Code     0  startup_stm32f10x_md.o(.text)
    RTCAlarm_IRQHandler                      0x080001c3   Thumb Code     0  startup_stm32f10x_md.o(.text)
    RTC_IRQHandler                           0x080001c3   Thumb Code     0  startup_stm32f10x_md.o(.text)
    SPI1_IRQHandler                          0x080001c3   Thumb Code     0  startup_stm32f10x_md.o(.text)
    SPI2_IRQHandler                          0x080001c3   Thumb Code     0  startup_stm32f10x_md.o(.text)
    TAMPER_IRQHandler                        0x080001c3   Thumb Code     0  startup_stm32f10x_md.o(.text)
    TIM1_BRK_IRQHandler                      0x080001c3   Thumb Code     0  startup_stm32f10x_md.o(.text)
    TIM1_CC_IRQHandler                       0x080001c3   Thumb Code     0  startup_stm32f10x_md.o(.text)
    TIM1_TRG_COM_IRQHandler                  0x080001c3   Thumb Code     0  startup_stm32f10x_md.o(.text)
    TIM1_UP_IRQHandler                       0x080001c3   Thumb Code     0  startup_stm32f10x_md.o(.text)
    TIM4_IRQHandler                          0x080001c3   Thumb Code     0  startup_stm32f10x_md.o(.text)
    USART1_IRQHandler                        0x080001c3   Thumb Code     0  startup_stm32f10x_md.o(.text)
    USART2_IRQHandler                        0x080001c3   Thumb Code     0  startup_stm32f10x_md.o(.text)
    USART3_IRQHandler                        0x080001c3   Thumb Code     0  startup_stm32f10x_md.o(.text)
    USBWakeUp_IRQHandler                     0x080001c3   Thumb Code     0  startup_stm32f10x_md.o(.text)
    USB_HP_CAN1_TX_IRQHandler                0x080001c3   Thumb Code     0  startup_stm32f10x_md.o(.text)
    WWDG_IRQHandler                          0x080001c3   Thumb Code     0  startup_stm32f10x_md.o(.text)
    __user_initial_stackheap                 0x080001c5   Thumb Code     0  startup_stm32f10x_md.o(.text)
    __use_two_region_memory                  0x080001e9   Thumb Code     2  heapauxi.o(.text)
    __rt_heap_escrow                         0x080001eb   Thumb Code     2  heapauxi.o(.text)
    __rt_heap_expand                         0x080001ed   Thumb Code     2  heapauxi.o(.text)
    __user_libspace                          0x080001f1   Thumb Code     8  libspace.o(.text)
    __user_perproc_libspace                  0x080001f1   Thumb Code     0  libspace.o(.text)
    __user_perthread_libspace                0x080001f1   Thumb Code     0  libspace.o(.text)
    __user_setup_stackheap                   0x080001f9   Thumb Code    74  sys_stackheap_outer.o(.text)
    exit                                     0x08000243   Thumb Code    18  exit.o(.text)
    __I$use$semihosting                      0x08000255   Thumb Code     0  use_no_semi.o(.text)
    __use_no_semihosting_swi                 0x08000255   Thumb Code     2  use_no_semi.o(.text)
    __semihosting_library_function           0x08000257   Thumb Code     0  indicate_semi.o(.text)
    _sys_exit                                0x08000259   Thumb Code     8  sys_exit.o(.text)
    Add_Matrix                               0x08000265   Thumb Code   148  main.o(i.Add_Matrix)
    CAN_ClearITPendingBit                    0x08000301   Thumb Code   162  stm32f10x_can.o(i.CAN_ClearITPendingBit)
    CAN_DeInit                               0x080003a9   Thumb Code    50  stm32f10x_can.o(i.CAN_DeInit)
    CAN_FilterInit                           0x080003e1   Thumb Code   258  stm32f10x_can.o(i.CAN_FilterInit)
    CAN_ITConfig                             0x080004e9   Thumb Code    18  stm32f10x_can.o(i.CAN_ITConfig)
    CAN_Init                                 0x080004fb   Thumb Code   276  stm32f10x_can.o(i.CAN_Init)
    CAN_Receive                              0x0800060f   Thumb Code   240  stm32f10x_can.o(i.CAN_Receive)
    CAN_StructInit                           0x080006ff   Thumb Code    32  stm32f10x_can.o(i.CAN_StructInit)
    CAN_Transmit                             0x0800071f   Thumb Code   294  stm32f10x_can.o(i.CAN_Transmit)
    CanWriteData                             0x08000845   Thumb Code   116  can.o(i.CanWriteData)
    Can_config                               0x080008bd   Thumb Code   258  can.o(i.Can_config)
    Config_IO                                0x080009c9   Thumb Code    84  proximity_ls_io.o(i.Config_IO)
    Config_LS                                0x08000a25   Thumb Code   116  proximity_ls_io.o(i.Config_LS)
    Config_Pro_LS_IO                         0x08000a9d   Thumb Code    12  proximity_ls_io.o(i.Config_Pro_LS_IO)
    Config_RCC                               0x08000aa9   Thumb Code   108  main.o(i.Config_RCC)
    Divide_Matrix_Vector                     0x08000b15   Thumb Code   128  main.o(i.Divide_Matrix_Vector)
    EXTI0_IRQHandler                         0x08000b9d   Thumb Code    82  stm32f10x_it.o(i.EXTI0_IRQHandler)
    EXTI_ClearITPendingBit                   0x08000bf9   Thumb Code     6  stm32f10x_exti.o(i.EXTI_ClearITPendingBit)
    EXTI_GetITStatus                         0x08000c05   Thumb Code    34  stm32f10x_exti.o(i.EXTI_GetITStatus)
    EXTI_Init                                0x08000c2d   Thumb Code   142  stm32f10x_exti.o(i.EXTI_Init)
    Estimation_Algorithm                     0x08000cc1   Thumb Code   874  controller.o(i.Estimation_Algorithm)
    FLASH_PrefetchBufferCmd                  0x080010b1   Thumb Code    22  stm32f10x_flash.o(i.FLASH_PrefetchBufferCmd)
    FLASH_SetLatency                         0x080010cd   Thumb Code    18  stm32f10x_flash.o(i.FLASH_SetLatency)
    GPIO_EXTILineConfig                      0x080010e5   Thumb Code    60  stm32f10x_gpio.o(i.GPIO_EXTILineConfig)
    GPIO_Init                                0x08001125   Thumb Code   278  stm32f10x_gpio.o(i.GPIO_Init)
    GPIO_PinRemapConfig                      0x0800123d   Thumb Code   138  stm32f10x_gpio.o(i.GPIO_PinRemapConfig)
    GPIO_ResetBits                           0x080012cd   Thumb Code     4  stm32f10x_gpio.o(i.GPIO_ResetBits)
    GPIO_SetBits                             0x080012d1   Thumb Code     4  stm32f10x_gpio.o(i.GPIO_SetBits)
    Initial_Condition_Position               0x080012d5   Thumb Code    84  main.o(i.Initial_Condition_Position)
    MRC_Design                               0x0800133d   Thumb Code   416  controller.o(i.MRC_Design)
    Model_Position                           0x08001549   Thumb Code   232  controller.o(i.Model_Position)
    Multiply_Matrix                          0x08001685   Thumb Code   208  main.o(i.Multiply_Matrix)
    Multiply_Matrix_Vector                   0x08001765   Thumb Code   128  main.o(i.Multiply_Matrix_Vector)
    NVIC_Init                                0x080017ed   Thumb Code   100  misc.o(i.NVIC_Init)
    NVIC_PriorityGroupConfig                 0x0800185d   Thumb Code    10  misc.o(i.NVIC_PriorityGroupConfig)
    RCC_APB1PeriphClockCmd                   0x08001871   Thumb Code    26  stm32f10x_rcc.o(i.RCC_APB1PeriphClockCmd)
    RCC_APB1PeriphResetCmd                   0x08001891   Thumb Code    26  stm32f10x_rcc.o(i.RCC_APB1PeriphResetCmd)
    RCC_APB2PeriphClockCmd                   0x080018b1   Thumb Code    26  stm32f10x_rcc.o(i.RCC_APB2PeriphClockCmd)
    RCC_DeInit                               0x080018d1   Thumb Code    64  stm32f10x_rcc.o(i.RCC_DeInit)
    RCC_GetFlagStatus                        0x0800191d   Thumb Code    56  stm32f10x_rcc.o(i.RCC_GetFlagStatus)
    RCC_GetSYSCLKSource                      0x08001959   Thumb Code    10  stm32f10x_rcc.o(i.RCC_GetSYSCLKSource)
    RCC_HCLKConfig                           0x08001969   Thumb Code    18  stm32f10x_rcc.o(i.RCC_HCLKConfig)
    RCC_HSEConfig                            0x08001981   Thumb Code    70  stm32f10x_rcc.o(i.RCC_HSEConfig)
    RCC_PCLK1Config                          0x080019cd   Thumb Code    18  stm32f10x_rcc.o(i.RCC_PCLK1Config)
    RCC_PCLK2Config                          0x080019e5   Thumb Code    20  stm32f10x_rcc.o(i.RCC_PCLK2Config)
    RCC_PLLCmd                               0x080019fd   Thumb Code     6  stm32f10x_rcc.o(i.RCC_PLLCmd)
    RCC_PLLConfig                            0x08001a09   Thumb Code    24  stm32f10x_rcc.o(i.RCC_PLLConfig)
    RCC_SYSCLKConfig                         0x08001a25   Thumb Code    18  stm32f10x_rcc.o(i.RCC_SYSCLKConfig)
    RCC_WaitForHSEStartUp                    0x08001a3d   Thumb Code    56  stm32f10x_rcc.o(i.RCC_WaitForHSEStartUp)
    STR_Position                             0x08001a75   Thumb Code    12  controller.o(i.STR_Position)
    Sub_Matrix                               0x08001b69   Thumb Code   148  main.o(i.Sub_Matrix)
    SystemInit                               0x08001c05   Thumb Code    78  system_stm32f10x.o(i.SystemInit)
    TIM1_Config_PWM                          0x08001ea5   Thumb Code   212  main.o(i.TIM1_Config_PWM)
    TIM2_Config_Sample_time                  0x08001f81   Thumb Code   104  main.o(i.TIM2_Config_Sample_time)
    TIM2_IRQHandler                          0x08001fe9   Thumb Code    26  stm32f10x_it.o(i.TIM2_IRQHandler)
    TIM3_Config_Encoder                      0x08002005   Thumb Code   208  main.o(i.TIM3_Config_Encoder)
    TIM3_IRQHandler                          0x080020e1   Thumb Code    58  stm32f10x_it.o(i.TIM3_IRQHandler)
    TIM_ARRPreloadConfig                     0x08002125   Thumb Code    24  stm32f10x_tim.o(i.TIM_ARRPreloadConfig)
    TIM_ClearFlag                            0x0800213d   Thumb Code     6  stm32f10x_tim.o(i.TIM_ClearFlag)
    TIM_ClearITPendingBit                    0x08002143   Thumb Code     6  stm32f10x_tim.o(i.TIM_ClearITPendingBit)
    TIM_Cmd                                  0x08002149   Thumb Code    24  stm32f10x_tim.o(i.TIM_Cmd)
    TIM_CtrlPWMOutputs                       0x08002161   Thumb Code    30  stm32f10x_tim.o(i.TIM_CtrlPWMOutputs)
    TIM_EncoderInterfaceConfig               0x0800217f   Thumb Code    66  stm32f10x_tim.o(i.TIM_EncoderInterfaceConfig)
    TIM_GetCounter                           0x080021c1   Thumb Code     6  stm32f10x_tim.o(i.TIM_GetCounter)
    TIM_GetITStatus                          0x080021c7   Thumb Code    34  stm32f10x_tim.o(i.TIM_GetITStatus)
    TIM_ICInit                               0x080021e9   Thumb Code   150  stm32f10x_tim.o(i.TIM_ICInit)
    TIM_ITConfig                             0x08002295   Thumb Code    18  stm32f10x_tim.o(i.TIM_ITConfig)
    TIM_OC1Init                              0x080022a9   Thumb Code   132  stm32f10x_tim.o(i.TIM_OC1Init)
    TIM_OC1PreloadConfig                     0x08002341   Thumb Code    18  stm32f10x_tim.o(i.TIM_OC1PreloadConfig)
    TIM_OC2Init                              0x08002355   Thumb Code   154  stm32f10x_tim.o(i.TIM_OC2Init)
    TIM_OC2PreloadConfig                     0x080023f9   Thumb Code    26  stm32f10x_tim.o(i.TIM_OC2PreloadConfig)
    TIM_SetCompare1                          0x08002413   Thumb Code     4  stm32f10x_tim.o(i.TIM_SetCompare1)
    TIM_SetCompare2                          0x08002417   Thumb Code     4  stm32f10x_tim.o(i.TIM_SetCompare2)
    TIM_SetCounter                           0x0800241b   Thumb Code     4  stm32f10x_tim.o(i.TIM_SetCounter)
    TIM_SetIC1Prescaler                      0x0800241f   Thumb Code    18  stm32f10x_tim.o(i.TIM_SetIC1Prescaler)
    TIM_SetIC2Prescaler                      0x08002431   Thumb Code    26  stm32f10x_tim.o(i.TIM_SetIC2Prescaler)
    TIM_SetIC3Prescaler                      0x0800244b   Thumb Code    18  stm32f10x_tim.o(i.TIM_SetIC3Prescaler)
    TIM_SetIC4Prescaler                      0x0800245d   Thumb Code    26  stm32f10x_tim.o(i.TIM_SetIC4Prescaler)
    TIM_TimeBaseInit                         0x08002479   Thumb Code   122  stm32f10x_tim.o(i.TIM_TimeBaseInit)
    Tranpose_Matrix                          0x0800251d   Thumb Code   182  main.o(i.Tranpose_Matrix)
    USB_LP_CAN1_RX0_IRQHandler               0x080025dd   Thumb Code   300  can.o(i.USB_LP_CAN1_RX0_IRQHandler)
    int32_to_uint16                          0x08002739   Thumb Code    14  controller.o(i.int32_to_uint16)
    main                                     0x08002747   Thumb Code    32  main.o(i.main)
    __aeabi_dadd                             0x08002769   Thumb Code     0  daddsub_clz.o(x$fpl$dadd)
    _dadd                                    0x08002769   Thumb Code   332  daddsub_clz.o(x$fpl$dadd)
    __fpl_dcmp_Inf                           0x080028b9   Thumb Code    24  dcmpi.o(x$fpl$dcmpinf)
    __aeabi_ddiv                             0x080028d1   Thumb Code     0  ddiv.o(x$fpl$ddiv)
    _ddiv                                    0x080028d1   Thumb Code   552  ddiv.o(x$fpl$ddiv)
    __aeabi_cdcmpeq                          0x08002b81   Thumb Code     0  deqf.o(x$fpl$deqf)
    _dcmpeq                                  0x08002b81   Thumb Code   120  deqf.o(x$fpl$deqf)
    __aeabi_d2iz                             0x08002bf9   Thumb Code     0  dfix.o(x$fpl$dfix)
    _dfix                                    0x08002bf9   Thumb Code    94  dfix.o(x$fpl$dfix)
    __aeabi_i2d                              0x08002c57   Thumb Code     0  dflt_clz.o(x$fpl$dflt)
    _dflt                                    0x08002c57   Thumb Code    46  dflt_clz.o(x$fpl$dflt)
    __aeabi_cdcmple                          0x08002c85   Thumb Code     0  dleqf.o(x$fpl$dleqf)
    _dcmple                                  0x08002c85   Thumb Code   120  dleqf.o(x$fpl$dleqf)
    __fpl_dcmple_InfNaN                      0x08002ce7   Thumb Code     0  dleqf.o(x$fpl$dleqf)
    __aeabi_dmul                             0x08002cfd   Thumb Code     0  dmul.o(x$fpl$dmul)
    _dmul                                    0x08002cfd   Thumb Code   332  dmul.o(x$fpl$dmul)
    __fpl_dnaninf                            0x08002e51   Thumb Code   156  dnaninf.o(x$fpl$dnaninf)
    __fpl_dretinf                            0x08002eed   Thumb Code    12  dretinf.o(x$fpl$dretinf)
    __aeabi_cdrcmple                         0x08002ef9   Thumb Code     0  drleqf.o(x$fpl$drleqf)
    _drcmple                                 0x08002ef9   Thumb Code   108  drleqf.o(x$fpl$drleqf)
    __aeabi_dsub                             0x08002f65   Thumb Code     0  daddsub_clz.o(x$fpl$dsub)
    _dsub                                    0x08002f65   Thumb Code   464  daddsub_clz.o(x$fpl$dsub)
    Region$$Table$$Base                      0x08003138   Number         0  anon$$obj.o(Region$$Table)
    __I$use$fp                               0x08003138   Number         0  usenofp.o(x$fpl$usenofp)
    Region$$Table$$Limit                     0x08003158   Number         0  anon$$obj.o(Region$$Table)
    CAN_ID                                   0x20000000   Data           4  can.o(.data)
    Delay_time                               0x20000008   Data           1  controller.o(.data)
    Counter                                  0x2000000c   Data           4  controller.o(.data)
    Rotary                                   0x20000010   Data           4  controller.o(.data)
    epsilon                                  0x20000018   Data           8  controller.o(.data)
    phiTPphi                                 0x20000020   Data           8  controller.o(.data)
    lamda_predict                            0x20000028   Data           8  controller.o(.data)
    lamda                                    0x20000030   Data           8  controller.o(.data)
    Error                                    0x20000038   Data           8  controller.o(.data)
    pre_Error                                0x20000040   Data           8  controller.o(.data)
    Set_Position                             0x20000048   Data           8  controller.o(.data)
    pre_Set_Position                         0x20000050   Data           8  controller.o(.data)
    pre_pre_Set_Position                     0x20000058   Data           8  controller.o(.data)
    Position                                 0x20000060   Data           8  controller.o(.data)
    pre_Position                             0x20000068   Data           8  controller.o(.data)
    pre_pre_Position                         0x20000070   Data           8  controller.o(.data)
    pre_pre_pre_Position                     0x20000078   Data           8  controller.o(.data)
    pre_pre_pre_pre_Position                 0x20000080   Data           8  controller.o(.data)
    pre_pre_pre_pre_pre_Position             0x20000088   Data           8  controller.o(.data)
    out                                      0x20000090   Data           8  controller.o(.data)
    pre_out                                  0x20000098   Data           8  controller.o(.data)
    pre_pre_out                              0x200000a0   Data           8  controller.o(.data)
    pre_pre_pre_out                          0x200000a8   Data           8  controller.o(.data)
    pre_pre_pre_pre_out                      0x200000b0   Data           8  controller.o(.data)
    pre_pre_pre_pre_pre_out                  0x200000b8   Data           8  controller.o(.data)
    Output_int                               0x200000c0   Data           4  controller.o(.data)
    s0                                       0x200000c8   Data           8  controller.o(.data)
    s1                                       0x200000d0   Data           8  controller.o(.data)
    s2                                       0x200000d8   Data           8  controller.o(.data)
    s3                                       0x200000e0   Data           8  controller.o(.data)
    t0                                       0x200000e8   Data           8  controller.o(.data)
    t1                                       0x200000f0   Data           8  controller.o(.data)
    t2                                       0x200000f8   Data           8  controller.o(.data)
    r1                                       0x20000100   Data           8  controller.o(.data)
    r2                                       0x20000108   Data           8  controller.o(.data)
    r3                                       0x20000110   Data           8  controller.o(.data)
    i                                        0x20000118   Data           4  main.o(.data)
    j                                        0x2000011c   Data           4  main.o(.data)
    k                                        0x20000120   Data           4  main.o(.data)
    Temp_mul                                 0x20000128   Data           8  main.o(.data)
    phi                                      0x20000130   Data         288  controller.o(.bss)
    theta                                    0x20000250   Data         288  controller.o(.bss)
    theta_temp                               0x20000370   Data         288  controller.o(.bss)
    L                                        0x20000490   Data         288  controller.o(.bss)
    P                                        0x200005b0   Data         288  controller.o(.bss)
    phiT                                     0x200006d0   Data         288  controller.o(.bss)
    temp                                     0x200007f0   Data         288  controller.o(.bss)
    temp2                                    0x20000910   Data         288  controller.o(.bss)
    numerator                                0x20000a30   Data         288  controller.o(.bss)
    denominator                              0x20000b50   Data         288  controller.o(.bss)
    __libspace_start                         0x20000c70   Data          96  libspace.o(.bss)
    __temporary_stack_top$libspace           0x20000cd0   Data           0  libspace.o(.bss)



==============================================================================

Memory Map of the image

  Image Entry point : 0x080001a9

  Load Region LR_1 (Base: 0x08000000, Size: 0x00003288, Max: 0xffffffff, ABSOLUTE, COMPRESSED[0x00003168])

    Execution Region ER_RO (Exec base: 0x08000000, Load base: 0x08000000, Size: 0x00003158, Max: 0xffffffff, ABSOLUTE)

    Exec Addr    Load Addr    Size         Type   Attr      Idx    E Section Name        Object

    0x08000000   0x08000000   0x000000ec   Data   RO          325    RESET               startup_stm32f10x_md.o
    0x080000ec   0x080000ec   0x00000008   Code   RO         1709  * !!!main             c_w.l(__main.o)
    0x080000f4   0x080000f4   0x00000034   Code   RO         2142    !!!scatter          c_w.l(__scatter.o)
    0x08000128   0x08000128   0x0000003a   Code   RO         2140    !!dczerorl          c_w.l(__dczerorl.o)
    0x08000162   0x08000162   0x00000002   PAD
    0x08000164   0x08000164   0x0000001c   Code   RO         2144    !!handler_zi        c_w.l(__scatter_zi.o)
    0x08000180   0x08000180   0x00000002   Code   RO         1930    .ARM.Collect$$libinit$$00000000  c_w.l(libinit.o)
    0x08000182   0x08000182   0x00000000   Code   RO         1932    .ARM.Collect$$libinit$$00000002  c_w.l(libinit2.o)
    0x08000182   0x08000182   0x00000000   Code   RO         1934    .ARM.Collect$$libinit$$00000004  c_w.l(libinit2.o)
    0x08000182   0x08000182   0x00000000   Code   RO         1937    .ARM.Collect$$libinit$$0000000A  c_w.l(libinit2.o)
    0x08000182   0x08000182   0x00000000   Code   RO         1939    .ARM.Collect$$libinit$$0000000C  c_w.l(libinit2.o)
    0x08000182   0x08000182   0x00000000   Code   RO         1941    .ARM.Collect$$libinit$$0000000E  c_w.l(libinit2.o)
    0x08000182   0x08000182   0x00000000   Code   RO         1944    .ARM.Collect$$libinit$$00000011  c_w.l(libinit2.o)
    0x08000182   0x08000182   0x00000000   Code   RO         1946    .ARM.Collect$$libinit$$00000013  c_w.l(libinit2.o)
    0x08000182   0x08000182   0x00000000   Code   RO         1948    .ARM.Collect$$libinit$$00000015  c_w.l(libinit2.o)
    0x08000182   0x08000182   0x00000000   Code   RO         1950    .ARM.Collect$$libinit$$00000017  c_w.l(libinit2.o)
    0x08000182   0x08000182   0x00000000   Code   RO         1952    .ARM.Collect$$libinit$$00000019  c_w.l(libinit2.o)
    0x08000182   0x08000182   0x00000000   Code   RO         1954    .ARM.Collect$$libinit$$0000001B  c_w.l(libinit2.o)
    0x08000182   0x08000182   0x00000000   Code   RO         1956    .ARM.Collect$$libinit$$0000001D  c_w.l(libinit2.o)
    0x08000182   0x08000182   0x00000000   Code   RO         1958    .ARM.Collect$$libinit$$0000001F  c_w.l(libinit2.o)
    0x08000182   0x08000182   0x00000000   Code   RO         1960    .ARM.Collect$$libinit$$00000021  c_w.l(libinit2.o)
    0x08000182   0x08000182   0x00000000   Code   RO         1962    .ARM.Collect$$libinit$$00000023  c_w.l(libinit2.o)
    0x08000182   0x08000182   0x00000000   Code   RO         1964    .ARM.Collect$$libinit$$00000025  c_w.l(libinit2.o)
    0x08000182   0x08000182   0x00000000   Code   RO         1968    .ARM.Collect$$libinit$$0000002C  c_w.l(libinit2.o)
    0x08000182   0x08000182   0x00000000   Code   RO         1970    .ARM.Collect$$libinit$$0000002E  c_w.l(libinit2.o)
    0x08000182   0x08000182   0x00000000   Code   RO         1972    .ARM.Collect$$libinit$$00000030  c_w.l(libinit2.o)
    0x08000182   0x08000182   0x00000000   Code   RO         1974    .ARM.Collect$$libinit$$00000032  c_w.l(libinit2.o)
    0x08000182   0x08000182   0x00000002   Code   RO         1975    .ARM.Collect$$libinit$$00000033  c_w.l(libinit2.o)
    0x08000184   0x08000184   0x00000002   Code   RO         2119    .ARM.Collect$$libshutdown$$00000000  c_w.l(libshutdown.o)
    0x08000186   0x08000186   0x00000000   Code   RO         1977    .ARM.Collect$$libshutdown$$00000002  c_w.l(libshutdown2.o)
    0x08000186   0x08000186   0x00000000   Code   RO         1979    .ARM.Collect$$libshutdown$$00000004  c_w.l(libshutdown2.o)
    0x08000186   0x08000186   0x00000000   Code   RO         1982    .ARM.Collect$$libshutdown$$00000007  c_w.l(libshutdown2.o)
    0x08000186   0x08000186   0x00000000   Code   RO         1985    .ARM.Collect$$libshutdown$$0000000A  c_w.l(libshutdown2.o)
    0x08000186   0x08000186   0x00000000   Code   RO         1987    .ARM.Collect$$libshutdown$$0000000C  c_w.l(libshutdown2.o)
    0x08000186   0x08000186   0x00000000   Code   RO         1990    .ARM.Collect$$libshutdown$$0000000F  c_w.l(libshutdown2.o)
    0x08000186   0x08000186   0x00000002   Code   RO         1991    .ARM.Collect$$libshutdown$$00000010  c_w.l(libshutdown2.o)
    0x08000188   0x08000188   0x00000000   Code   RO         1741    .ARM.Collect$$rtentry$$00000000  c_w.l(__rtentry.o)
    0x08000188   0x08000188   0x00000000   Code   RO         1761    .ARM.Collect$$rtentry$$00000002  c_w.l(__rtentry2.o)
    0x08000188   0x08000188   0x00000006   Code   RO         1773    .ARM.Collect$$rtentry$$00000004  c_w.l(__rtentry4.o)
    0x0800018e   0x0800018e   0x00000000   Code   RO         1763    .ARM.Collect$$rtentry$$00000009  c_w.l(__rtentry2.o)
    0x0800018e   0x0800018e   0x00000004   Code   RO         1764    .ARM.Collect$$rtentry$$0000000A  c_w.l(__rtentry2.o)
    0x08000192   0x08000192   0x00000000   Code   RO         1766    .ARM.Collect$$rtentry$$0000000C  c_w.l(__rtentry2.o)
    0x08000192   0x08000192   0x00000008   Code   RO         1767    .ARM.Collect$$rtentry$$0000000D  c_w.l(__rtentry2.o)
    0x0800019a   0x0800019a   0x00000002   Code   RO         1997    .ARM.Collect$$rtexit$$00000000  c_w.l(rtexit.o)
    0x0800019c   0x0800019c   0x00000000   Code   RO         2055    .ARM.Collect$$rtexit$$00000002  c_w.l(rtexit2.o)
    0x0800019c   0x0800019c   0x00000004   Code   RO         2056    .ARM.Collect$$rtexit$$00000003  c_w.l(rtexit2.o)
    0x080001a0   0x080001a0   0x00000006   Code   RO         2057    .ARM.Collect$$rtexit$$00000004  c_w.l(rtexit2.o)
    0x080001a6   0x080001a6   0x00000002   PAD
    0x080001a8   0x080001a8   0x00000040   Code   RO          326  * .text               startup_stm32f10x_md.o
    0x080001e8   0x080001e8   0x00000006   Code   RO         1707    .text               c_w.l(heapauxi.o)
    0x080001ee   0x080001ee   0x00000002   PAD
    0x080001f0   0x080001f0   0x00000008   Code   RO         1837    .text               c_w.l(libspace.o)
    0x080001f8   0x080001f8   0x0000004a   Code   RO         1842    .text               c_w.l(sys_stackheap_outer.o)
    0x08000242   0x08000242   0x00000012   Code   RO         1915    .text               c_w.l(exit.o)
    0x08000254   0x08000254   0x00000002   Code   RO         1994    .text               c_w.l(use_no_semi.o)
    0x08000256   0x08000256   0x00000000   Code   RO         1996    .text               c_w.l(indicate_semi.o)
    0x08000256   0x08000256   0x00000002   PAD
    0x08000258   0x08000258   0x0000000c   Code   RO         2052    .text               c_w.l(sys_exit.o)
    0x08000264   0x08000264   0x0000009c   Code   RO          168    i.Add_Matrix        main.o
    0x08000300   0x08000300   0x000000a8   Code   RO         1285    i.CAN_ClearITPendingBit  stm32f10x_can.o
    0x080003a8   0x080003a8   0x00000038   Code   RO         1287    i.CAN_DeInit        stm32f10x_can.o
    0x080003e0   0x080003e0   0x00000108   Code   RO         1289    i.CAN_FilterInit    stm32f10x_can.o
    0x080004e8   0x080004e8   0x00000012   Code   RO         1295    i.CAN_ITConfig      stm32f10x_can.o
    0x080004fa   0x080004fa   0x00000114   Code   RO         1296    i.CAN_Init          stm32f10x_can.o
    0x0800060e   0x0800060e   0x000000f0   Code   RO         1299    i.CAN_Receive       stm32f10x_can.o
    0x080006fe   0x080006fe   0x00000020   Code   RO         1302    i.CAN_StructInit    stm32f10x_can.o
    0x0800071e   0x0800071e   0x00000126   Code   RO         1304    i.CAN_Transmit      stm32f10x_can.o
    0x08000844   0x08000844   0x00000078   Code   RO            1    i.CanWriteData      can.o
    0x080008bc   0x080008bc   0x0000010c   Code   RO            2    i.Can_config        can.o
    0x080009c8   0x080009c8   0x0000005c   Code   RO          266    i.Config_IO         proximity_ls_io.o
    0x08000a24   0x08000a24   0x00000078   Code   RO          267    i.Config_LS         proximity_ls_io.o
    0x08000a9c   0x08000a9c   0x0000000c   Code   RO          268    i.Config_Pro_LS_IO  proximity_ls_io.o
    0x08000aa8   0x08000aa8   0x0000006c   Code   RO          169    i.Config_RCC        main.o
    0x08000b14   0x08000b14   0x00000088   Code   RO          171    i.Divide_Matrix_Vector  main.o
    0x08000b9c   0x08000b9c   0x0000005c   Code   RO          294    i.EXTI0_IRQHandler  stm32f10x_it.o
    0x08000bf8   0x08000bf8   0x0000000c   Code   RO          368    i.EXTI_ClearITPendingBit  stm32f10x_exti.o
    0x08000c04   0x08000c04   0x00000028   Code   RO          372    i.EXTI_GetITStatus  stm32f10x_exti.o
    0x08000c2c   0x08000c2c   0x00000094   Code   RO          373    i.EXTI_Init         stm32f10x_exti.o
    0x08000cc0   0x08000cc0   0x000003f0   Code   RO          124    i.Estimation_Algorithm  controller.o
    0x080010b0   0x080010b0   0x0000001c   Code   RO         1455    i.FLASH_PrefetchBufferCmd  stm32f10x_flash.o
    0x080010cc   0x080010cc   0x00000018   Code   RO         1460    i.FLASH_SetLatency  stm32f10x_flash.o
    0x080010e4   0x080010e4   0x00000040   Code   RO          424    i.GPIO_EXTILineConfig  stm32f10x_gpio.o
    0x08001124   0x08001124   0x00000116   Code   RO          427    i.GPIO_Init         stm32f10x_gpio.o
    0x0800123a   0x0800123a   0x00000002   PAD
    0x0800123c   0x0800123c   0x00000090   Code   RO          429    i.GPIO_PinRemapConfig  stm32f10x_gpio.o
    0x080012cc   0x080012cc   0x00000004   Code   RO          434    i.GPIO_ResetBits    stm32f10x_gpio.o
    0x080012d0   0x080012d0   0x00000004   Code   RO          435    i.GPIO_SetBits      stm32f10x_gpio.o
    0x080012d4   0x080012d4   0x00000068   Code   RO          172    i.Initial_Condition_Position  main.o
    0x0800133c   0x0800133c   0x0000020c   Code   RO          125    i.MRC_Design        controller.o
    0x08001548   0x08001548   0x0000013c   Code   RO          126    i.Model_Position    controller.o
    0x08001684   0x08001684   0x000000e0   Code   RO          173    i.Multiply_Matrix   main.o
    0x08001764   0x08001764   0x00000088   Code   RO          174    i.Multiply_Matrix_Vector  main.o
    0x080017ec   0x080017ec   0x00000070   Code   RO          331    i.NVIC_Init         misc.o
    0x0800185c   0x0800185c   0x00000014   Code   RO          332    i.NVIC_PriorityGroupConfig  misc.o
    0x08001870   0x08001870   0x00000020   Code   RO          537    i.RCC_APB1PeriphClockCmd  stm32f10x_rcc.o
    0x08001890   0x08001890   0x00000020   Code   RO          538    i.RCC_APB1PeriphResetCmd  stm32f10x_rcc.o
    0x080018b0   0x080018b0   0x00000020   Code   RO          539    i.RCC_APB2PeriphClockCmd  stm32f10x_rcc.o
    0x080018d0   0x080018d0   0x0000004c   Code   RO          546    i.RCC_DeInit        stm32f10x_rcc.o
    0x0800191c   0x0800191c   0x0000003c   Code   RO          548    i.RCC_GetFlagStatus  stm32f10x_rcc.o
    0x08001958   0x08001958   0x00000010   Code   RO          550    i.RCC_GetSYSCLKSource  stm32f10x_rcc.o
    0x08001968   0x08001968   0x00000018   Code   RO          551    i.RCC_HCLKConfig    stm32f10x_rcc.o
    0x08001980   0x08001980   0x0000004c   Code   RO          552    i.RCC_HSEConfig     stm32f10x_rcc.o
    0x080019cc   0x080019cc   0x00000018   Code   RO          558    i.RCC_PCLK1Config   stm32f10x_rcc.o
    0x080019e4   0x080019e4   0x00000018   Code   RO          559    i.RCC_PCLK2Config   stm32f10x_rcc.o
    0x080019fc   0x080019fc   0x0000000c   Code   RO          560    i.RCC_PLLCmd        stm32f10x_rcc.o
    0x08001a08   0x08001a08   0x0000001c   Code   RO          561    i.RCC_PLLConfig     stm32f10x_rcc.o
    0x08001a24   0x08001a24   0x00000018   Code   RO          564    i.RCC_SYSCLKConfig  stm32f10x_rcc.o
    0x08001a3c   0x08001a3c   0x00000038   Code   RO          566    i.RCC_WaitForHSEStartUp  stm32f10x_rcc.o
    0x08001a74   0x08001a74   0x0000000c   Code   RO          127    i.STR_Position      controller.o
    0x08001a80   0x08001a80   0x00000008   Code   RO         1622    i.SetSysClock       system_stm32f10x.o
    0x08001a88   0x08001a88   0x000000e0   Code   RO         1623    i.SetSysClockTo72   system_stm32f10x.o
    0x08001b68   0x08001b68   0x0000009c   Code   RO          175    i.Sub_Matrix        main.o
    0x08001c04   0x08001c04   0x00000060   Code   RO         1625    i.SystemInit        system_stm32f10x.o
    0x08001c64   0x08001c64   0x00000080   Code   RO          735    i.TI1_Config        stm32f10x_tim.o
    0x08001ce4   0x08001ce4   0x00000098   Code   RO          736    i.TI2_Config        stm32f10x_tim.o
    0x08001d7c   0x08001d7c   0x00000090   Code   RO          737    i.TI3_Config        stm32f10x_tim.o
    0x08001e0c   0x08001e0c   0x00000098   Code   RO          738    i.TI4_Config        stm32f10x_tim.o
    0x08001ea4   0x08001ea4   0x000000dc   Code   RO          176    i.TIM1_Config_PWM   main.o
    0x08001f80   0x08001f80   0x00000068   Code   RO          177    i.TIM2_Config_Sample_time  main.o
    0x08001fe8   0x08001fe8   0x0000001a   Code   RO          295    i.TIM2_IRQHandler   stm32f10x_it.o
    0x08002002   0x08002002   0x00000002   PAD
    0x08002004   0x08002004   0x000000dc   Code   RO          178    i.TIM3_Config_Encoder  main.o
    0x080020e0   0x080020e0   0x00000044   Code   RO          296    i.TIM3_IRQHandler   stm32f10x_it.o
    0x08002124   0x08002124   0x00000018   Code   RO          739    i.TIM_ARRPreloadConfig  stm32f10x_tim.o
    0x0800213c   0x0800213c   0x00000006   Code   RO          745    i.TIM_ClearFlag     stm32f10x_tim.o
    0x08002142   0x08002142   0x00000006   Code   RO          746    i.TIM_ClearITPendingBit  stm32f10x_tim.o
    0x08002148   0x08002148   0x00000018   Code   RO          751    i.TIM_Cmd           stm32f10x_tim.o
    0x08002160   0x08002160   0x0000001e   Code   RO          753    i.TIM_CtrlPWMOutputs  stm32f10x_tim.o
    0x0800217e   0x0800217e   0x00000042   Code   RO          760    i.TIM_EncoderInterfaceConfig  stm32f10x_tim.o
    0x080021c0   0x080021c0   0x00000006   Code   RO          770    i.TIM_GetCounter    stm32f10x_tim.o
    0x080021c6   0x080021c6   0x00000022   Code   RO          772    i.TIM_GetITStatus   stm32f10x_tim.o
    0x080021e8   0x080021e8   0x000000ac   Code   RO          774    i.TIM_ICInit        stm32f10x_tim.o
    0x08002294   0x08002294   0x00000012   Code   RO          776    i.TIM_ITConfig      stm32f10x_tim.o
    0x080022a6   0x080022a6   0x00000002   PAD
    0x080022a8   0x080022a8   0x00000098   Code   RO          780    i.TIM_OC1Init       stm32f10x_tim.o
    0x08002340   0x08002340   0x00000012   Code   RO          783    i.TIM_OC1PreloadConfig  stm32f10x_tim.o
    0x08002352   0x08002352   0x00000002   PAD
    0x08002354   0x08002354   0x000000a4   Code   RO          785    i.TIM_OC2Init       stm32f10x_tim.o
    0x080023f8   0x080023f8   0x0000001a   Code   RO          788    i.TIM_OC2PreloadConfig  stm32f10x_tim.o
    0x08002412   0x08002412   0x00000004   Code   RO          812    i.TIM_SetCompare1   stm32f10x_tim.o
    0x08002416   0x08002416   0x00000004   Code   RO          813    i.TIM_SetCompare2   stm32f10x_tim.o
    0x0800241a   0x0800241a   0x00000004   Code   RO          816    i.TIM_SetCounter    stm32f10x_tim.o
    0x0800241e   0x0800241e   0x00000012   Code   RO          817    i.TIM_SetIC1Prescaler  stm32f10x_tim.o
    0x08002430   0x08002430   0x0000001a   Code   RO          818    i.TIM_SetIC2Prescaler  stm32f10x_tim.o
    0x0800244a   0x0800244a   0x00000012   Code   RO          819    i.TIM_SetIC3Prescaler  stm32f10x_tim.o
    0x0800245c   0x0800245c   0x0000001a   Code   RO          820    i.TIM_SetIC4Prescaler  stm32f10x_tim.o
    0x08002476   0x08002476   0x00000002   PAD
    0x08002478   0x08002478   0x000000a4   Code   RO          822    i.TIM_TimeBaseInit  stm32f10x_tim.o
    0x0800251c   0x0800251c   0x000000c0   Code   RO          179    i.Tranpose_Matrix   main.o
    0x080025dc   0x080025dc   0x0000015c   Code   RO            3    i.USB_LP_CAN1_RX0_IRQHandler  can.o
    0x08002738   0x08002738   0x0000000e   Code   RO          128    i.int32_to_uint16   controller.o
    0x08002746   0x08002746   0x00000020   Code   RO          181    i.main              main.o
    0x08002766   0x08002766   0x00000002   PAD
    0x08002768   0x08002768   0x00000150   Code   RO         1711    x$fpl$dadd          fz_ws.l(daddsub_clz.o)
    0x080028b8   0x080028b8   0x00000018   Code   RO         1753    x$fpl$dcmpinf       fz_ws.l(dcmpi.o)
    0x080028d0   0x080028d0   0x000002b0   Code   RO         1718    x$fpl$ddiv          fz_ws.l(ddiv.o)
    0x08002b80   0x08002b80   0x00000078   Code   RO         1721    x$fpl$deqf          fz_ws.l(deqf.o)
    0x08002bf8   0x08002bf8   0x0000005e   Code   RO         1723    x$fpl$dfix          fz_ws.l(dfix.o)
    0x08002c56   0x08002c56   0x0000002e   Code   RO         1728    x$fpl$dflt          fz_ws.l(dflt_clz.o)
    0x08002c84   0x08002c84   0x00000078   Code   RO         1733    x$fpl$dleqf         fz_ws.l(dleqf.o)
    0x08002cfc   0x08002cfc   0x00000154   Code   RO         1735    x$fpl$dmul          fz_ws.l(dmul.o)
    0x08002e50   0x08002e50   0x0000009c   Code   RO         1755    x$fpl$dnaninf       fz_ws.l(dnaninf.o)
    0x08002eec   0x08002eec   0x0000000c   Code   RO         1757    x$fpl$dretinf       fz_ws.l(dretinf.o)
    0x08002ef8   0x08002ef8   0x0000006c   Code   RO         1737    x$fpl$drleqf        fz_ws.l(drleqf.o)
    0x08002f64   0x08002f64   0x000001d4   Code   RO         1713    x$fpl$dsub          fz_ws.l(daddsub_clz.o)
    0x08003138   0x08003138   0x00000000   Code   RO         1759    x$fpl$usenofp       fz_ws.l(usenofp.o)
    0x08003138   0x08003138   0x00000020   Data   RO         2138    Region$$Table       anon$$obj.o


    Execution Region ER_RW (Exec base: 0x20000000, Load base: 0x08003158, Size: 0x00000130, Max: 0xffffffff, ABSOLUTE, COMPRESSED[0x00000010])

    Exec Addr    Load Addr    Size         Type   Attr      Idx    E Section Name        Object

    0x20000000   COMPRESSED   0x00000004   Data   RW            4    .data               can.o
    0x20000004   COMPRESSED   0x00000004   PAD
    0x20000008   COMPRESSED   0x00000110   Data   RW          130    .data               controller.o
    0x20000118   COMPRESSED   0x00000018   Data   RW          182    .data               main.o


    Execution Region ER_ZI (Exec base: 0x20000130, Load base: 0x08003168, Size: 0x000011a0, Max: 0xffffffff, ABSOLUTE)

    Exec Addr    Load Addr    Size         Type   Attr      Idx    E Section Name        Object

    0x20000130        -       0x00000b40   Zero   RW          129    .bss                controller.o
    0x20000c70        -       0x00000060   Zero   RW         1838    .bss                c_w.l(libspace.o)
    0x20000cd0        -       0x00000200   Zero   RW          324    HEAP                startup_stm32f10x_md.o
    0x20000ed0        -       0x00000400   Zero   RW          323    STACK               startup_stm32f10x_md.o


==============================================================================

Image component sizes


      Code (inc. data)   RO Data    RW Data    ZI Data      Debug   Object Name

       736         62          0          4          0     258330   can.o
      1874        326          0        272       2880       4916   controller.o
      1788         98          0         24          0       7874   main.o
       132         22          0          0          0       1663   misc.o
       224         12          0          0          0       1487   proximity_ls_io.o
        64         26        236          0       1536        900   startup_stm32f10x_md.o
      1348         18          0          0          0       6186   stm32f10x_can.o
       200         18          0          0          0       2240   stm32f10x_exti.o
        52         12          0          0          0       1097   stm32f10x_flash.o
       494         10          0          0          0       4620   stm32f10x_gpio.o
       186         20          0          0          0       1331   stm32f10x_it.o
       516         78          0          0          0      10211   stm32f10x_rcc.o
      1586        180          0          0          0      16856   stm32f10x_tim.o
       328         28          0          0          0       2185   system_stm32f10x.o

    ----------------------------------------------------------------------
      9540        910        268        304       4416     319896   Object Totals
         0          0         32          0          0          0   (incl. Generated)
        12          0          0          4          0          0   (incl. Padding)

    ----------------------------------------------------------------------

      Code (inc. data)   RO Data    RW Data    ZI Data      Debug   Library Member Name

        58          0          0          0          0          0   __dczerorl.o
         8          0          0          0          0         68   __main.o
         0          0          0          0          0          0   __rtentry.o
        12          0          0          0          0          0   __rtentry2.o
         6          0          0          0          0          0   __rtentry4.o
        52          8          0          0          0          0   __scatter.o
        28          0          0          0          0          0   __scatter_zi.o
        18          0          0          0          0         80   exit.o
         6          0          0          0          0        152   heapauxi.o
         0          0          0          0          0          0   indicate_semi.o
         2          0          0          0          0          0   libinit.o
         2          0          0          0          0          0   libinit2.o
         2          0          0          0          0          0   libshutdown.o
         2          0          0          0          0          0   libshutdown2.o
         8          4          0          0         96         68   libspace.o
         2          0          0          0          0          0   rtexit.o
        10          0          0          0          0          0   rtexit2.o
        12          4          0          0          0         68   sys_exit.o
        74          0          0          0          0         80   sys_stackheap_outer.o
         2          0          0          0          0         68   use_no_semi.o
       804         16          0          0          0        272   daddsub_clz.o
        24          0          0          0          0         68   dcmpi.o
       688        140          0          0          0        208   ddiv.o
       120          4          0          0          0         92   deqf.o
        94          4          0          0          0         92   dfix.o
        46          0          0          0          0         68   dflt_clz.o
       120          4          0          0          0         92   dleqf.o
       340         12          0          0          0        104   dmul.o
       156          4          0          0          0         92   dnaninf.o
        12          0          0          0          0         68   dretinf.o
       108          0          0          0          0         80   drleqf.o
         0          0          0          0          0          0   usenofp.o

    ----------------------------------------------------------------------
      2824        200          0          0         96       1820   Library Totals
         8          0          0          0          0          0   (incl. Padding)

    ----------------------------------------------------------------------

      Code (inc. data)   RO Data    RW Data    ZI Data      Debug   Library Name

       304         16          0          0         96        584   c_w.l
      2512        184          0          0          0       1236   fz_ws.l

    ----------------------------------------------------------------------
      2824        200          0          0         96       1820   Library Totals

    ----------------------------------------------------------------------

==============================================================================


      Code (inc. data)   RO Data    RW Data    ZI Data      Debug   

     12364       1110        268        304       4512     316512   Grand Totals
     12364       1110        268         16       4512     316512   ELF Image Totals (compressed)
     12364       1110        268         16          0          0   ROM Totals

==============================================================================

    Total RO  Size (Code + RO Data)                12632 (  12.34kB)
    Total RW  Size (RW Data + ZI Data)              4816 (   4.70kB)
    Total ROM Size (Code + RO Data + RW Data)      12648 (  12.35kB)

==============================================================================

