Component: ARM Compiler 5.06 update 6 (build 750) Tool: armlink [4d35ed]

==============================================================================

Section Cross References

    stm32f4xx_it.o(i.DMA1_Stream1_IRQHandler) refers to stm32f4xx_dma.o(i.DMA_GetITStatus) for DMA_GetITStatus
    stm32f4xx_it.o(i.DMA1_Stream1_IRQHandler) refers to stm32f4xx_gpio.o(i.GPIO_SetBits) for GPIO_SetBits
    stm32f4xx_it.o(i.DMA1_Stream1_IRQHandler) refers to stm32f4xx_tim.o(i.TIM_Cmd) for TIM_Cmd
    stm32f4xx_it.o(i.DMA1_Stream1_IRQHandler) refers to can.o(i.CanWriteData) for CanWriteData
    stm32f4xx_it.o(i.DMA1_Stream1_IRQHandler) refers to main.o(i.delay) for delay
    stm32f4xx_it.o(i.DMA1_Stream1_IRQHandler) refers to stm32f4xx_gpio.o(i.GPIO_ResetBits) for GPIO_ResetBits
    stm32f4xx_it.o(i.DMA1_Stream1_IRQHandler) refers to stm32f4xx_usart.o(i.USART_Cmd) for USART_Cmd
    stm32f4xx_it.o(i.DMA1_Stream1_IRQHandler) refers to stm32f4xx_dma.o(i.DMA_ClearFlag) for DMA_ClearFlag
    stm32f4xx_it.o(i.DMA1_Stream1_IRQHandler) refers to stm32f4xx_dma.o(i.DMA_Cmd) for DMA_Cmd
    stm32f4xx_it.o(i.DMA1_Stream1_IRQHandler) refers to dflt_clz.o(x$fpl$dflt) for __aeabi_i2d
    stm32f4xx_it.o(i.DMA1_Stream1_IRQHandler) refers to basic.o(x$fpl$basic) for __aeabi_dneg
    stm32f4xx_it.o(i.DMA1_Stream1_IRQHandler) refers to main.o(.bss) for rxbuff
    stm32f4xx_it.o(i.DMA1_Stream1_IRQHandler) refers to stm32f4xx_it.o(.data) for mode_run
    stm32f4xx_it.o(i.DMA1_Stream1_IRQHandler) refers to main.o(.data) for txbuff_AGV
    stm32f4xx_it.o(i.DMA1_Stream1_IRQHandler) refers to stm32f4xx_it.o(.bss) for location_object
    stm32f4xx_it.o(i.DMA1_Stream1_IRQHandler) refers to daddsub_clz.o(x$fpl$dadd) for __aeabi_dadd
    stm32f4xx_it.o(i.DMA1_Stream1_IRQHandler) refers to inverse_planning.o(i.paramsPoly_inverse) for paramsPoly_inverse
    stm32f4xx_it.o(i.DMA1_Stream1_IRQHandler) refers to rt_memcpy_w.o(.text) for __aeabi_memcpy4
    stm32f4xx_it.o(i.DMA1_Stream1_IRQHandler) refers to ddiv.o(x$fpl$ddiv) for __aeabi_ddiv
    stm32f4xx_it.o(i.DMA1_Stream1_IRQHandler) refers to stm32f4xx_dma.o(i.DMA_ClearITPendingBit) for DMA_ClearITPendingBit
    stm32f4xx_it.o(i.EXTI1_IRQHandler) refers to stm32f4xx_exti.o(i.EXTI_GetITStatus) for EXTI_GetITStatus
    stm32f4xx_it.o(i.EXTI1_IRQHandler) refers to stm32f4xx_exti.o(i.EXTI_ClearITPendingBit) for EXTI_ClearITPendingBit
    stm32f4xx_it.o(i.EXTI1_IRQHandler) refers to can.o(i.CanWriteData) for CanWriteData
    stm32f4xx_it.o(i.EXTI1_IRQHandler) refers to misc.o(i.NVIC_Init) for NVIC_Init
    stm32f4xx_it.o(i.EXTI1_IRQHandler) refers to main.o(.data) for set_home_complete
    stm32f4xx_it.o(i.EXTI2_IRQHandler) refers to stm32f4xx_exti.o(i.EXTI_GetITStatus) for EXTI_GetITStatus
    stm32f4xx_it.o(i.EXTI2_IRQHandler) refers to stm32f4xx_exti.o(i.EXTI_ClearITPendingBit) for EXTI_ClearITPendingBit
    stm32f4xx_it.o(i.EXTI2_IRQHandler) refers to can.o(i.CanWriteData) for CanWriteData
    stm32f4xx_it.o(i.EXTI2_IRQHandler) refers to misc.o(i.NVIC_Init) for NVIC_Init
    stm32f4xx_it.o(i.EXTI2_IRQHandler) refers to main.o(.data) for set_home_complete
    stm32f4xx_it.o(i.EXTI3_IRQHandler) refers to stm32f4xx_exti.o(i.EXTI_GetITStatus) for EXTI_GetITStatus
    stm32f4xx_it.o(i.EXTI3_IRQHandler) refers to stm32f4xx_exti.o(i.EXTI_ClearITPendingBit) for EXTI_ClearITPendingBit
    stm32f4xx_it.o(i.EXTI3_IRQHandler) refers to can.o(i.CanWriteData) for CanWriteData
    stm32f4xx_it.o(i.EXTI3_IRQHandler) refers to misc.o(i.NVIC_Init) for NVIC_Init
    stm32f4xx_it.o(i.EXTI3_IRQHandler) refers to main.o(.data) for set_home_complete
    stm32f4xx_it.o(i.TIM2_IRQHandler) refers to stm32f4xx_tim.o(i.TIM_GetITStatus) for TIM_GetITStatus
    stm32f4xx_it.o(i.TIM2_IRQHandler) refers to stm32f4xx_tim.o(i.TIM_ClearITPendingBit) for TIM_ClearITPendingBit
    stm32f4xx_it.o(i.TIM2_IRQHandler) refers to stm32f4xx_dma.o(i.DMA_ClearFlag) for DMA_ClearFlag
    stm32f4xx_it.o(i.TIM2_IRQHandler) refers to stm32f4xx_dma.o(i.DMA_Cmd) for DMA_Cmd
    stm32f4xx_it.o(i.TIM2_IRQHandler) refers to stm32f4xx_it.o(.data) for mode_run
    stm32f4xx_it.o(i.TIM2_IRQHandler) refers to main.o(.data) for txbuff
    stm32f4xx_it.o(i.TIM7_IRQHandler) refers to stm32f4xx_tim.o(i.TIM_GetITStatus) for TIM_GetITStatus
    stm32f4xx_it.o(i.TIM7_IRQHandler) refers to stm32f4xx_tim.o(i.TIM_ClearITPendingBit) for TIM_ClearITPendingBit
    stm32f4xx_it.o(i.TIM7_IRQHandler) refers to rt_memcpy_w.o(.text) for __aeabi_memcpy4
    stm32f4xx_it.o(i.TIM7_IRQHandler) refers to stm32f4xx_tim.o(i.TIM_Cmd) for TIM_Cmd
    stm32f4xx_it.o(i.TIM7_IRQHandler) refers to pow.o(i.__hardfp_pow) for __hardfp_pow
    stm32f4xx_it.o(i.TIM7_IRQHandler) refers to dmul.o(x$fpl$dmul) for __aeabi_dmul
    stm32f4xx_it.o(i.TIM7_IRQHandler) refers to daddsub_clz.o(x$fpl$dadd) for __aeabi_dadd
    stm32f4xx_it.o(i.TIM7_IRQHandler) refers to stm32f4xx_it.o(.data) for stepx
[...]
    can.c                                    0x00000000   Number         0  can.o ABSOLUTE
    dc.s                                     0x00000000   Number         0  dc.o ABSOLUTE
    main.c                                   0x00000000   Number         0  main.o ABSOLUTE
    main.c                                   0x00000000   Number         0  main.o ABSOLUTE
    startup_stm32f40_41xxx.s                 0x00000000   Number         0  startup_stm32f40_41xxx.o ABSOLUTE
    stm32f4xx_it.c                           0x00000000   Number         0  stm32f4xx_it.o ABSOLUTE
    stm32f4xx_it.c                           0x00000000   Number         0  stm32f4xx_it.o ABSOLUTE
    system_stm32f4xx.c                       0x00000000   Number         0  system_stm32f4xx.o ABSOLUTE
    system_stm32f4xx.c                       0x00000000   Number         0  system_stm32f4xx.o ABSOLUTE
    RESET                                    0x08000000   Section      392  startup_stm32f40_41xxx.o(RESET)
    !!!main                                  0x08000188   Section        8  __main.o(!!!main)
    !!!scatter                               0x08000190   Section       52  __scatter.o(!!!scatter)
    !!handler_copy                           0x080001c4   Section       26  __scatter_copy.o(!!handler_copy)
    !!handler_zi                             0x080001e0   Section       28  __scatter_zi.o(!!handler_zi)
    .ARM.Collect$$libinit$$00000000          0x080001fc   Section        2  libinit.o(.ARM.Collect$$libinit$$00000000)
    .ARM.Collect$$libinit$$00000001          0x080001fe   Section        4  libinit2.o(.ARM.Collect$$libinit$$00000001)
    .ARM.Collect$$libinit$$00000004          0x08000202   Section        0  libinit2.o(.ARM.Collect$$libinit$$00000004)
    .ARM.Collect$$libinit$$0000000A          0x08000202   Section        0  libinit2.o(.ARM.Collect$$libinit$$0000000A)
    .ARM.Collect$$libinit$$0000000C          0x08000202   Section        0  libinit2.o(.ARM.Collect$$libinit$$0000000C)
    .ARM.Collect$$libinit$$0000000E          0x08000202   Section        0  libinit2.o(.ARM.Collect$$libinit$$0000000E)
    .ARM.Collect$$libinit$$00000011          0x08000202   Section        0  libinit2.o(.ARM.Collect$$libinit$$00000011)
    .ARM.Collect$$libinit$$00000013          0x08000202   Section        0  libinit2.o(.ARM.Collect$$libinit$$00000013)
    .ARM.Collect$$libinit$$00000015          0x08000202   Section        0  libinit2.o(.ARM.Collect$$libinit$$00000015)
    .ARM.Collect$$libinit$$00000017          0x08000202   Section        0  libinit2.o(.ARM.Collect$$libinit$$00000017)
    .ARM.Collect$$libinit$$00000019          0x08000202   Section        0  libinit2.o(.ARM.Collect$$libinit$$00000019)
    .ARM.Collect$$libinit$$0000001B          0x08000202   Section        0  libinit2.o(.ARM.Collect$$libinit$$0000001B)
    .ARM.Collect$$libinit$$0000001D          0x08000202   Section        0  libinit2.o(.ARM.Collect$$libinit$$0000001D)
    .ARM.Collect$$libinit$$0000001F          0x08000202   Section        0  libinit2.o(.ARM.Collect$$libinit$$0000001F)
    .ARM.Collect$$libinit$$00000021          0x08000202   Section        0  libinit2.o(.ARM.Collect$$libinit$$00000021)
    .ARM.Collect$$libinit$$00000023          0x08000202   Section        0  libinit2.o(.ARM.Collect$$libinit$$00000023)
    .ARM.Collect$$libinit$$00000025          0x08000202   Section        0  libinit2.o(.ARM.Collect$$libinit$$00000025)
    .ARM.Collect$$libinit$$0000002C          0x08000202   Section        0  libinit2.o(.ARM.Collect$$libinit$$0000002C)
    .ARM.Collect$$libinit$$0000002E          0x08000202   Section        0  libinit2.o(.ARM.Collect$$libinit$$0000002E)
    .ARM.Collect$$libinit$$00000030          0x08000202   Section        0  libinit2.o(.ARM.Collect$$libinit$$00000030)
    .ARM.Collect$$libinit$$00000032          0x08000202   Section        0  libinit2.o(.ARM.Collect$$libinit$$00000032)
    .ARM.Collect$$libinit$$00000033          0x08000202   Section        2  libinit2.o(.ARM.Collect$$libinit$$00000033)
    .ARM.Collect$$libshutdown$$00000000      0x08000204   Section        2  libshutdown.o(.ARM.Collect$$libshutdown$$00000000)
    .ARM.Collect$$libshutdown$$00000002      0x08000206   Section        0  libshutdown2.o(.ARM.Collect$$libshutdown$$00000002)
    .ARM.Collect$$libshutdown$$00000004      0x08000206   Section        0  libshutdown2.o(.ARM.Collect$$libshutdown$$00000004)
    .ARM.Collect$$libshutdown$$00000007      0x08000206   Section        0  libshutdown2.o(.ARM.Collect$$libshutdown$$00000007)
    .ARM.Collect$$libshutdown$$0000000A      0x08000206   Section        0  libshutdown2.o(.ARM.Collect$$libshutdown$$0000000A)
    .ARM.Collect$$libshutdown$$0000000C      0x08000206   Section        0  libshutdown2.o(.ARM.Collect$$libshutdown$$0000000C)
    .ARM.Collect$$libshutdown$$0000000F      0x08000206   Section        0  libshutdown2.o(.ARM.Collect$$libshutdown$$0000000F)
    .ARM.Collect$$libshutdown$$00000010      0x08000206   Section        2  libshutdown2.o(.ARM.Collect$$libshutdown$$00000010)
    .ARM.Collect$$rtentry$$00000000          0x08000208   Section        0  __rtentry.o(.ARM.Collect$$rtentry$$00000000)
    .ARM.Collect$$rtentry$$00000002          0x08000208   Section        0  __rtentry2.o(.ARM.Collect$$rtentry$$00000002)
    .ARM.Collect$$rtentry$$00000004          0x08000208   Section        6  __rtentry4.o(.ARM.Collect$$rtentry$$00000004)
    .ARM.Collect$$rtentry$$00000009          0x0800020e   Section        0  __rtentry2.o(.ARM.Collect$$rtentry$$00000009)
    .ARM.Collect$$rtentry$$0000000A          0x0800020e   Section        4  __rtentry2.o(.ARM.Collect$$rtentry$$0000000A)
    .ARM.Collect$$rtentry$$0000000C          0x08000212   Section        0  __rtentry2.o(.ARM.Collect$$rtentry$$0000000C)
    .ARM.Collect$$rtentry$$0000000D          0x08000212   Section        8  __rtentry2.o(.ARM.Collect$$rtentry$$0000000D)
    .ARM.Collect$$rtexit$$00000000           0x0800021a   Section        2  rtexit.o(.ARM.Collect$$rtexit$$00000000)
    .ARM.Collect$$rtexit$$00000002           0x0800021c   Section        0  rtexit2.o(.ARM.Collect$$rtexit$$00000002)
    .ARM.Collect$$rtexit$$00000003           0x0800021c   Section        4  rtexit2.o(.ARM.Collect$$rtexit$$00000003)
    .ARM.Collect$$rtexit$$00000004           0x08000220   Section        6  rtexit2.o(.ARM.Collect$$rtexit$$00000004)
    .text                                    0x08000228   Section       64  startup_stm32f40_41xxx.o(.text)
    $v0                                      0x08000228   Number         0  startup_stm32f40_41xxx.o(.text)
    .text                                    0x08000268   Section      100  rt_memcpy_w.o(.text)
    .text                                    0x080002cc   Section        0  heapauxi.o(.text)
    .text                                    0x080002d2   Section        0  _rserrno.o(.text)
    .text                                    0x080002e8   Section        8  rt_errno_addr_intlibspace.o(.text)
    .text                                    0x080002f0   Section        8  libspace.o(.text)
    .text                                    0x080002f8   Section       74  sys_stackheap_outer.o(.text)
    .text                                    0x08000342   Section        0  exit.o(.text)
    .text                                    0x08000354   Section        0  sys_exit.o(.text)
    .text                                    0x08000360   Section        2  use_no_semi.o(.text)
    .text                                    0x08000362   Section        0  indicate_semi.o(.text)
    i.CAN1_RX0_IRQHandler                    0x08000364   Section        0  can.o(i.CAN1_RX0_IRQHandler)
    i.CAN_ClearITPendingBit                  0x0800044c   Section        0  stm32f4xx_can.o(i.CAN_ClearITPendingBit)
    i.CAN_Config                             0x080004f4   Section        0  can.o(i.CAN_Config)
    i.CAN_DeInit                             0x080005f4   Section        0  stm32f4xx_can.o(i.CAN_DeInit)
    i.CAN_FilterInit                         0x0800062c   Section        0  stm32f4xx_can.o(i.CAN_FilterInit)
    i.CAN_ITConfig                           0x08000734   Section        0  stm32f4xx_can.o(i.CAN_ITConfig)
    i.CAN_Init                               0x08000746   Section        0  stm32f4xx_can.o(i.CAN_Init)
    i.CAN_Receive                            0x0800085a   Section        0  stm32f4xx_can.o(i.CAN_Receive)
    i.CAN_StructInit                         0x0800094a   Section        0  stm32f4xx_can.o(i.CAN_StructInit)
    i.CAN_Transmit                           0x0800096a   Section        0  stm32f4xx_can.o(i.CAN_Transmit)
    i.CAN_TransmitStatus                     0x08000a90   Section        0  stm32f4xx_can.o(i.CAN_TransmitStatus)
    i.CanWriteData                           0x08000b30   Section        0  can.o(i.CanWriteData)
    i.Config_IO                              0x08000d5c   Section        0  main.o(i.Config_IO)
    i.Config_Proximity                       0x08000da4   Section        0  main.o(i.Config_Proximity)
    i.Config_send_PC                         0x08000eb8   Section        0  main.o(i.Config_send_PC)
    i.Config_send_driver                     0x08000f18   Section        0  main.o(i.Config_send_driver)
    i.DMA1_Stream1_IRQHandler                0x08000f74   Section        0  stm32f4xx_it.o(i.DMA1_Stream1_IRQHandler)
    i.DMA_ClearFlag                          0x08001b44   Section        0  stm32f4xx_dma.o(i.DMA_ClearFlag)
    i.DMA_ClearITPendingBit                  0x08001b78   Section        0  stm32f4xx_dma.o(i.DMA_ClearITPendingBit)
    i.DMA_Cmd                                0x08001bac   Section        0  stm32f4xx_dma.o(i.DMA_Cmd)
    i.DMA_GetITStatus                        0x08001bc4   Section        0  stm32f4xx_dma.o(i.DMA_GetITStatus)
    i.DMA_ITConfig                           0x08001c28   Section        0  stm32f4xx_dma.o(i.DMA_ITConfig)
    i.DMA_Init                               0x08001c64   Section        0  stm32f4xx_dma.o(i.DMA_Init)
    i.EXTI1_IRQHandler                       0x08001cbc   Section        0  stm32f4xx_it.o(i.EXTI1_IRQHandler)
    i.EXTI2_IRQHandler                       0x08001d00   Section        0  stm32f4xx_it.o(i.EXTI2_IRQHandler)
    i.EXTI3_IRQHandler                       0x08001d44   Section        0  stm32f4xx_it.o(i.EXTI3_IRQHandler)
    i.EXTI_ClearITPendingBit                 0x08001d88   Section        0  stm32f4xx_exti.o(i.EXTI_ClearITPendingBit)
    i.EXTI_GetITStatus                       0x08001d94   Section        0  stm32f4xx_exti.o(i.EXTI_GetITStatus)
    i.EXTI_Init                              0x08001dac   Section        0  stm32f4xx_exti.o(i.EXTI_Init)
    i.GPIO_Init                              0x08001e40   Section        0  stm32f4xx_gpio.o(i.GPIO_Init)
    i.GPIO_PinAFConfig                       0x08001ed0   Section        0  stm32f4xx_gpio.o(i.GPIO_PinAFConfig)
    i.GPIO_ResetBits                         0x08001f16   Section        0  stm32f4xx_gpio.o(i.GPIO_ResetBits)
    i.GPIO_SetBits                           0x08001f1a   Section        0  stm32f4xx_gpio.o(i.GPIO_SetBits)
    i.Inverse_kinematic                      0x08001f20   Section        0  inverse_planning.o(i.Inverse_kinematic)
    i.NVIC_Init                              0x0800258c   Section        0  misc.o(i.NVIC_Init)
    i.RCC_AHB1PeriphClockCmd                 0x08002604   Section        0  stm32f4xx_rcc.o(i.RCC_AHB1PeriphClockCmd)
    i.RCC_APB1PeriphClockCmd                 0x08002624   Section        0  stm32f4xx_rcc.o(i.RCC_APB1PeriphClockCmd)
    i.RCC_APB1PeriphResetCmd                 0x08002644   Section        0  stm32f4xx_rcc.o(i.RCC_APB1PeriphResetCmd)
    i.RCC_APB2PeriphClockCmd                 0x08002664   Section        0  stm32f4xx_rcc.o(i.RCC_APB2PeriphClockCmd)
    i.RCC_DeInit                             0x08002684   Section        0  stm32f4xx_rcc.o(i.RCC_DeInit)
    i.RCC_GetClocksFreq                      0x080026e8   Section        0  stm32f4xx_rcc.o(i.RCC_GetClocksFreq)
    i.RCC_GetFlagStatus                      0x080027d0   Section        0  stm32f4xx_rcc.o(i.RCC_GetFlagStatus)
    i.RCC_HCLKConfig                         0x08002810   Section        0  stm32f4xx_rcc.o(i.RCC_HCLKConfig)
    i.RCC_HSEConfig                          0x08002828   Section        0  stm32f4xx_rcc.o(i.RCC_HSEConfig)
    i.RCC_PCLK1Config                        0x08002838   Section        0  stm32f4xx_rcc.o(i.RCC_PCLK1Config)
    i.RCC_PCLK2Config                        0x08002850   Section        0  stm32f4xx_rcc.o(i.RCC_PCLK2Config)
    i.RCC_PLLCmd                             0x08002868   Section        0  stm32f4xx_rcc.o(i.RCC_PLLCmd)
    i.RCC_PLLConfig                          0x08002874   Section        0  stm32f4xx_rcc.o(i.RCC_PLLConfig)
    i.RCC_SYSCLKConfig                       0x08002898   Section        0  stm32f4xx_rcc.o(i.RCC_SYSCLKConfig)
    i.RCC_WaitForHSEStartUp                  0x080028b0   Section        0  stm32f4xx_rcc.o(i.RCC_WaitForHSEStartUp)
    i.RCC_configuration                      0x080028e8   Section        0  main.o(i.RCC_configuration)
    i.SYSCFG_EXTILineConfig                  0x08002948   Section        0  stm32f4xx_syscfg.o(i.SYSCFG_EXTILineConfig)
    i.SetSysClock                            0x08002988   Section        0  system_stm32f4xx.o(i.SetSysClock)
    SetSysClock                              0x08002989   Thumb Code   220  system_stm32f4xx.o(i.SetSysClock)
    i.SystemInit                             0x08002a74   Section        0  system_stm32f4xx.o(i.SystemInit)
    i.TIM2_IRQHandler                        0x08002adc   Section        0  stm32f4xx_it.o(i.TIM2_IRQHandler)
    i.TIM7_IRQHandler                        0x08002b24   Section        0  stm32f4xx_it.o(i.TIM7_IRQHandler)
    i.TIM_ClearITPendingBit                  0x0800327c   Section        0  stm32f4xx_tim.o(i.TIM_ClearITPendingBit)
    i.TIM_Cmd                                0x08003282   Section        0  stm32f4xx_tim.o(i.TIM_Cmd)
    i.TIM_GetITStatus                        0x0800329a   Section        0  stm32f4xx_tim.o(i.TIM_GetITStatus)
    i.TIM_ITConfig                           0x080032bc   Section        0  stm32f4xx_tim.o(i.TIM_ITConfig)
    i.TIM_TimeBaseInit                       0x080032d0   Section        0  stm32f4xx_tim.o(i.TIM_TimeBaseInit)
    i.USART_Cmd                              0x08003354   Section        0  stm32f4xx_usart.o(i.USART_Cmd)
    i.USART_DMACmd                           0x0800336c   Section        0  stm32f4xx_usart.o(i.USART_DMACmd)
    i.USART_DMA_Config                       0x08003380   Section        0  main.o(i.USART_DMA_Config)
    i.USART_EVAL_Config                      0x0800351c   Section        0  main.o(i.USART_EVAL_Config)
    i.USART_Init                             0x08003600   Section        0  stm32f4xx_usart.o(i.USART_Init)
    i.__ARM_fpclassify                       0x080036d4   Section        0  fpclassify.o(i.__ARM_fpclassify)
    i.__hardfp_atan                          0x08003708   Section        0  atan.o(i.__hardfp_atan)
    i.__hardfp_cos                           0x080039e0   Section        0  cos.o(i.__hardfp_cos)
    i.__hardfp_pow                           0x08003aa8   Section        0  pow.o(i.__hardfp_pow)
    i.__hardfp_sin                           0x080046f8   Section        0  sin.o(i.__hardfp_sin)
    i.__hardfp_sqrt                          0x080047c0   Section        0  sqrt.o(i.__hardfp_sqrt)
    i.__ieee754_rem_pio2                     0x08004840   Section        0  rred.o(i.__ieee754_rem_pio2)
    i.__kernel_cos                           0x08004c78   Section        0  cos_i.o(i.__kernel_cos)
    i.__kernel_poly                          0x08004de8   Section        0  poly.o(i.__kernel_poly)
    i.__kernel_sin                           0x08004ee0   Section        0  sin_i.o(i.__kernel_sin)
    i.__mathlib_dbl_divzero                  0x08005010   Section        0  dunder.o(i.__mathlib_dbl_divzero)
    i.__mathlib_dbl_infnan                   0x08005040   Section        0  dunder.o(i.__mathlib_dbl_infnan)
    i.__mathlib_dbl_infnan2                  0x08005054   Section        0  dunder.o(i.__mathlib_dbl_infnan2)
    i.__mathlib_dbl_invalid                  0x08005068   Section        0  dunder.o(i.__mathlib_dbl_invalid)
    i.__mathlib_dbl_overflow                 0x08005088   Section        0  dunder.o(i.__mathlib_dbl_overflow)
    i.__mathlib_dbl_underflow                0x080050a8   Section        0  dunder.o(i.__mathlib_dbl_underflow)
    i.abs_d                                  0x080050c8   Section        0  inverse_planning.o(i.abs_d)
    i.delay                                  0x0800510c   Section        0  main.o(i.delay)
    i.fabs                                   0x08005118   Section        0  fabs.o(i.fabs)
    i.main                                   0x08005130   Section        0  main.o(i.main)
    i.paramsPoly_inverse                     0x080051d0   Section        0  inverse_planning.o(i.paramsPoly_inverse)
    i.sqrt                                   0x080053e8   Section        0  sqrt.o(i.sqrt)
    x$fpl$basic                              0x08005456   Section       24  basic.o(x$fpl$basic)
    $v0                                      0x08005456   Number         0  basic.o(x$fpl$basic)
    x$fpl$dadd                               0x08005470   Section      336  daddsub_clz.o(x$fpl$dadd)
    $v0                                      0x08005470   Number         0  daddsub_clz.o(x$fpl$dadd)
    _dadd1                                   0x08005481   Thumb Code     0  daddsub_clz.o(x$fpl$dadd)
    x$fpl$dcheck1                            0x080055c0   Section       16  dcheck1.o(x$fpl$dcheck1)
    $v0                                      0x080055c0   Number         0  dcheck1.o(x$fpl$dcheck1)
    x$fpl$dcmpinf                            0x080055d0   Section       24  dcmpi.o(x$fpl$dcmpinf)
    $v0                                      0x080055d0   Number         0  dcmpi.o(x$fpl$dcmpinf)
    x$fpl$ddiv                               0x080055e8   Section      688  ddiv.o(x$fpl$ddiv)
    $v0                                      0x080055e8   Number         0  ddiv.o(x$fpl$ddiv)
    ddiv_entry                               0x080055ef   Thumb Code     0  ddiv.o(x$fpl$ddiv)
    x$fpl$deqf                               0x08005898   Section      120  deqf.o(x$fpl$deqf)
    $v0                                      0x08005898   Number         0  deqf.o(x$fpl$deqf)
    x$fpl$dfix                               0x08005910   Section       94  dfix.o(x$fpl$dfix)
    $v0                                      0x08005910   Number         0  dfix.o(x$fpl$dfix)
    x$fpl$dfixu                              0x08005970   Section       90  dfixu.o(x$fpl$dfixu)
    $v0                                      0x08005970   Number         0  dfixu.o(x$fpl$dfixu)
    x$fpl$dflt                               0x080059ca   Section       46  dflt_clz.o(x$fpl$dflt)
    $v0                                      0x080059ca   Number         0  dflt_clz.o(x$fpl$dflt)
    x$fpl$dfltu                              0x080059f8   Section       38  dflt_clz.o(x$fpl$dfltu)
    $v0                                      0x080059f8   Number         0  dflt_clz.o(x$fpl$dfltu)
    x$fpl$dleqf                              0x08005a20   Section      120  dleqf.o(x$fpl$dleqf)
    $v0                                      0x08005a20   Number         0  dleqf.o(x$fpl$dleqf)
    x$fpl$dmul                               0x08005a98   Section      340  dmul.o(x$fpl$dmul)
    $v0                                      0x08005a98   Number         0  dmul.o(x$fpl$dmul)
    x$fpl$dnaninf                            0x08005bec   Section      156  dnaninf.o(x$fpl$dnaninf)
    $v0                                      0x08005bec   Number         0  dnaninf.o(x$fpl$dnaninf)
    x$fpl$dretinf                            0x08005c88   Section       12  dretinf.o(x$fpl$dretinf)
    $v0                                      0x08005c88   Number         0  dretinf.o(x$fpl$dretinf)
    x$fpl$drleqf                             0x08005c94   Section      108  drleqf.o(x$fpl$drleqf)
    $v0                                      0x08005c94   Number         0  drleqf.o(x$fpl$drleqf)
    x$fpl$drsb                               0x08005d00   Section       22  daddsub_clz.o(x$fpl$drsb)
    $v0                                      0x08005d00   Number         0  daddsub_clz.o(x$fpl$drsb)
    x$fpl$dsqrt                              0x08005d18   Section      408  dsqrt_umaal.o(x$fpl$dsqrt)
    $v0                                      0x08005d18   Number         0  dsqrt_umaal.o(x$fpl$dsqrt)
    x$fpl$dsub                               0x08005eb0   Section      468  daddsub_clz.o(x$fpl$dsub)
    $v0                                      0x08005eb0   Number         0  daddsub_clz.o(x$fpl$dsub)
    _dsub1                                   0x08005ec1   Thumb Code     0  daddsub_clz.o(x$fpl$dsub)
    x$fpl$fpinit                             0x08006084   Section       10  fpinit.o(x$fpl$fpinit)
    $v0                                      0x08006084   Number         0  fpinit.o(x$fpl$fpinit)
    x$fpl$retnan                             0x0800608e   Section      100  retnan.o(x$fpl$retnan)
    $v0                                      0x0800608e   Number         0  retnan.o(x$fpl$retnan)
    x$fpl$scalbn                             0x080060f2   Section       92  scalbn.o(x$fpl$scalbn)
    $v0                                      0x080060f2   Number         0  scalbn.o(x$fpl$scalbn)
    x$fpl$trapveneer                         0x0800614e   Section       48  trapv.o(x$fpl$trapveneer)
    $v0                                      0x0800614e   Number         0  trapv.o(x$fpl$trapveneer)
    x$fpl$usenofp                            0x0800617e   Section        0  usenofp.o(x$fpl$usenofp)
    .constdata                               0x08006180   Section       24  inverse_planning.o(.constdata)
    .constdata                               0x08006198   Section      152  atan.o(.constdata)
    atanhi                                   0x08006198   Data          32  atan.o(.constdata)
    atanlo                                   0x080061b8   Data          32  atan.o(.constdata)
    aTodd                                    0x080061d8   Data          40  atan.o(.constdata)
    aTeven                                   0x08006200   Data          48  atan.o(.constdata)
    .constdata                               0x08006230   Section      136  pow.o(.constdata)
    bp                                       0x08006230   Data          16  pow.o(.constdata)
    dp_h                                     0x08006240   Data          16  pow.o(.constdata)
    dp_l                                     0x08006250   Data          16  pow.o(.constdata)
    L                                        0x08006260   Data          48  pow.o(.constdata)
    P                                        0x08006290   Data          40  pow.o(.constdata)
    .constdata                               0x080062b8   Section       48  cos_i.o(.constdata)
    C                                        0x080062b8   Data          48  cos_i.o(.constdata)
    .constdata                               0x080062e8   Section        8  qnan.o(.constdata)
    .constdata                               0x080062f0   Section      200  rred.o(.constdata)
    pio2s                                    0x080062f0   Data          48  rred.o(.constdata)
    twooverpi                                0x08006320   Data         152  rred.o(.constdata)
    .constdata                               0x080063b8   Section       40  sin_i.o(.constdata)
    S                                        0x080063b8   Data          40  sin_i.o(.constdata)
    .data                                    0x20000000   Section      208  stm32f4xx_it.o(.data)
    X                                        0x200000b8   Data           8  stm32f4xx_it.o(.data)
    Y                                        0x200000c0   Data           8  stm32f4xx_it.o(.data)
    Z                                        0x200000c8   Data           8  stm32f4xx_it.o(.data)
    .data                                    0x200000d0   Section        8  main.o(.data)
    .data                                    0x200000d8   Section        8  inverse_planning.o(.data)
    k                                        0x200000d8   Data           8  inverse_planning.o(.data)
    .data                                    0x200000e0   Section       13  can.o(.data)
    .data                                    0x200000ed   Section       16  stm32f4xx_rcc.o(.data)
    APBAHBPrescTable                         0x200000ed   Data          16  stm32f4xx_rcc.o(.data)
    .bss                                     0x20000100   Section     1032  stm32f4xx_it.o(.bss)
    .bss                                     0x20000508   Section       18  main.o(.bss)
    .bss                                     0x20000520   Section      120  inverse_planning.o(.bss)
    A                                        0x20000520   Data          24  inverse_planning.o(.bss)
    B                                        0x20000538   Data          24  inverse_planning.o(.bss)
    C                                        0x20000550   Data          24  inverse_planning.o(.bss)
    theta                                    0x20000568   Data          24  inverse_planning.o(.bss)
    pre_theta                                0x20000580   Data          24  inverse_planning.o(.bss)
    .bss                                     0x20000598   Section       96  libspace.o(.bss)
    HEAP                                     0x200005f8   Section      512  startup_stm32f40_41xxx.o(HEAP)
    Heap_Mem                                 0x200005f8   Data         512  startup_stm32f40_41xxx.o(HEAP)
    STACK                                    0x200007f8   Section     1024  startup_stm32f40_41xxx.o(STACK)
    Stack_Mem                                0x200007f8   Data        1024  startup_stm32f40_41xxx.o(STACK)
    __initial_sp                             0x20000bf8   Data           0  startup_stm32f40_41xxx.o(STACK)

    Global Symbols

    Symbol Name                              Value     Ov Type        Size  Object(Section)

    BuildAttributes$$THM_ISAv4$E$P$D$K$B$S$7EM$VFPi3$EXTD16$VFPS$VFMA$PE$A:L22UL41UL21$X:L11$S22US41US21$IEEE1$IW$USESV6$~STKCKD$USESV7$~SHL$OTIME$ROPI$IEEEX$EBA8$UX$STANDARDLIB$REQ8$PRES8$EABIv2 0x00000000   Number         0  anon$$obj.o ABSOLUTE
    __ARM_use_no_argv                        0x00000000   Number         0  main.o ABSOLUTE
    __ARM_exceptions_init                     - Undefined Weak Reference
    __alloca_initialize                       - Undefined Weak Reference
    __arm_preinit_                            - Undefined Weak Reference
    __cpp_initialize__aeabi_                  - Undefined Weak Reference
    __cxa_finalize                            - Undefined Weak Reference
    __rt_locale                               - Undefined Weak Reference
    __sigvec_lookup                           - Undefined Weak Reference
    _atexit_init                              - Undefined Weak Reference
    _call_atexit_fns                          - Undefined Weak Reference
    _clock_init                               - Undefined Weak Reference
    _fp_trap_init                             - Undefined Weak Reference
    _fp_trap_shutdown                         - Undefined Weak Reference
    _get_lc_collate                           - Undefined Weak Reference
    _get_lc_ctype                             - Undefined Weak Reference
    _get_lc_monetary                          - Undefined Weak Reference
    _get_lc_numeric                           - Undefined Weak Reference
    _get_lc_time                              - Undefined Weak Reference
    _getenv_init                              - Undefined Weak Reference
    _handle_redirection                       - Undefined Weak Reference
    _init_alloc                               - Undefined Weak Reference
    _init_user_alloc                          - Undefined Weak Reference
    _initio                                   - Undefined Weak Reference
    _rand_init                                - Undefined Weak Reference
    _signal_finish                            - Undefined Weak Reference
    _signal_init                              - Undefined Weak Reference
    _terminate_alloc                          - Undefined Weak Reference
    _terminate_user_alloc                     - Undefined Weak Reference
    _terminateio                              - Undefined Weak Reference
    __Vectors_Size                           0x00000188   Number         0  startup_stm32f40_41xxx.o ABSOLUTE
    __Vectors                                0x08000000   Data           4  startup_stm32f40_41xxx.o(RESET)
    __Vectors_End                            0x08000188   Data           0  startup_stm32f40_41xxx.o(RESET)
    __main                                   0x08000189   Thumb Code     8  __main.o(!!!main)
    __scatterload                            0x08000191   Thumb Code     0  __scatter.o(!!!scatter)
    __scatterload_rt2                        0x08000191   Thumb Code    44  __scatter.o(!!!scatter)
    __scatterload_rt2_thumb_only             0x08000191   Thumb Code     0  __scatter.o(!!!scatter)
    __scatterload_null                       0x0800019f   Thumb Code     0  __scatter.o(!!!scatter)
    __scatterload_copy                       0x080001c5   Thumb Code    26  __scatter_copy.o(!!handler_copy)
    __scatterload_zeroinit                   0x080001e1   Thumb Code    28  __scatter_zi.o(!!handler_zi)
    __rt_lib_init                            0x080001fd   Thumb Code     0  libinit.o(.ARM.Collect$$libinit$$00000000)
    __rt_lib_init_fp_1                       0x080001ff   Thumb Code     0  libinit2.o(.ARM.Collect$$libinit$$00000001)
    __rt_lib_init_alloca_1                   0x08000203   Thumb Code     0  libinit2.o(.ARM.Collect$$libinit$$0000002E)
    __rt_lib_init_argv_1                     0x08000203   Thumb Code     0  libinit2.o(.ARM.Collect$$libinit$$0000002C)
    __rt_lib_init_atexit_1                   0x08000203   Thumb Code     0  libinit2.o(.ARM.Collect$$libinit$$0000001B)
    __rt_lib_init_clock_1                    0x08000203   Thumb Code     0  libinit2.o(.ARM.Collect$$libinit$$00000021)
    __rt_lib_init_cpp_1                      0x08000203   Thumb Code     0  libinit2.o(.ARM.Collect$$libinit$$00000032)
    __rt_lib_init_exceptions_1               0x08000203   Thumb Code     0  libinit2.o(.ARM.Collect$$libinit$$00000030)
    __rt_lib_init_fp_trap_1                  0x08000203   Thumb Code     0  libinit2.o(.ARM.Collect$$libinit$$0000001F)
    __rt_lib_init_getenv_1                   0x08000203   Thumb Code     0  libinit2.o(.ARM.Collect$$libinit$$00000023)
    __rt_lib_init_heap_1                     0x08000203   Thumb Code     0  libinit2.o(.ARM.Collect$$libinit$$0000000A)
    __rt_lib_init_lc_collate_1               0x08000203   Thumb Code     0  libinit2.o(.ARM.Collect$$libinit$$00000011)
    __rt_lib_init_lc_ctype_1                 0x08000203   Thumb Code     0  libinit2.o(.ARM.Collect$$libinit$$00000013)
    __rt_lib_init_lc_monetary_1              0x08000203   Thumb Code     0  libinit2.o(.ARM.Collect$$libinit$$00000015)
    __rt_lib_init_lc_numeric_1               0x08000203   Thumb Code     0  libinit2.o(.ARM.Collect$$libinit$$00000017)
    __rt_lib_init_lc_time_1                  0x08000203   Thumb Code     0  libinit2.o(.ARM.Collect$$libinit$$00000019)
    __rt_lib_init_preinit_1                  0x08000203   Thumb Code     0  libinit2.o(.ARM.Collect$$libinit$$00000004)
    __rt_lib_init_rand_1                     0x08000203   Thumb Code     0  libinit2.o(.ARM.Collect$$libinit$$0000000E)
    __rt_lib_init_return                     0x08000203   Thumb Code     0  libinit2.o(.ARM.Collect$$libinit$$00000033)
    __rt_lib_init_signal_1                   0x08000203   Thumb Code     0  libinit2.o(.ARM.Collect$$libinit$$0000001D)
    __rt_lib_init_stdio_1                    0x08000203   Thumb Code     0  libinit2.o(.ARM.Collect$$libinit$$00000025)
    __rt_lib_init_user_alloc_1               0x08000203   Thumb Code     0  libinit2.o(.ARM.Collect$$libinit$$0000000C)
    __rt_lib_shutdown                        0x08000205   Thumb Code     0  libshutdown.o(.ARM.Collect$$libshutdown$$00000000)
    __rt_lib_shutdown_cpp_1                  0x08000207   Thumb Code     0  libshutdown2.o(.ARM.Collect$$libshutdown$$00000002)
    __rt_lib_shutdown_fp_trap_1              0x08000207   Thumb Code     0  libshutdown2.o(.ARM.Collect$$libshutdown$$00000007)
    __rt_lib_shutdown_heap_1                 0x08000207   Thumb Code     0  libshutdown2.o(.ARM.Collect$$libshutdown$$0000000F)
    __rt_lib_shutdown_return                 0x08000207   Thumb Code     0  libshutdown2.o(.ARM.Collect$$libshutdown$$00000010)
    __rt_lib_shutdown_signal_1               0x08000207   Thumb Code     0  libshutdown2.o(.ARM.Collect$$libshutdown$$0000000A)
    __rt_lib_shutdown_stdio_1                0x08000207   Thumb Code     0  libshutdown2.o(.ARM.Collect$$libshutdown$$00000004)
    __rt_lib_shutdown_user_alloc_1           0x08000207   Thumb Code     0  libshutdown2.o(.ARM.Collect$$libshutdown$$0000000C)
    __rt_entry                               0x08000209   Thumb Code     0  __rtentry.o(.ARM.Collect$$rtentry$$00000000)
    __rt_entry_presh_1                       0x08000209   Thumb Code     0  __rtentry2.o(.ARM.Collect$$rtentry$$00000002)
    __rt_entry_sh                            0x08000209   Thumb Code     0  __rtentry4.o(.ARM.Collect$$rtentry$$00000004)
    __rt_entry_li                            0x0800020f   Thumb Code     0  __rtentry2.o(.ARM.Collect$$rtentry$$0000000A)
    __rt_entry_postsh_1                      0x0800020f   Thumb Code     0  __rtentry2.o(.ARM.Collect$$rtentry$$00000009)
    __rt_entry_main                          0x08000213   Thumb Code     0  __rtentry2.o(.ARM.Collect$$rtentry$$0000000D)
    __rt_entry_postli_1                      0x08000213   Thumb Code     0  __rtentry2.o(.ARM.Collect$$rtentry$$0000000C)
    __rt_exit                                0x0800021b   Thumb Code     0  rtexit.o(.ARM.Collect$$rtexit$$00000000)
    __rt_exit_ls                             0x0800021d   Thumb Code     0  rtexit2.o(.ARM.Collect$$rtexit$$00000003)
    __rt_exit_prels_1                        0x0800021d   Thumb Code     0  rtexit2.o(.ARM.Collect$$rtexit$$00000002)
    __rt_exit_exit                           0x08000221   Thumb Code     0  rtexit2.o(.ARM.Collect$$rtexit$$00000004)
    Reset_Handler                            0x08000229   Thumb Code     8  startup_stm32f40_41xxx.o(.text)
    NMI_Handler                              0x08000231   Thumb Code     2  startup_stm32f40_41xxx.o(.text)
    HardFault_Handler                        0x08000233   Thumb Code     2  startup_stm32f40_41xxx.o(.text)
    MemManage_Handler                        0x08000235   Thumb Code     2  startup_stm32f40_41xxx.o(.text)
    BusFault_Handler                         0x08000237   Thumb Code     2  startup_stm32f40_41xxx.o(.text)
    UsageFault_Handler                       0x08000239   Thumb Code     2  startup_stm32f40_41xxx.o(.text)
    SVC_Handler                              0x0800023b   Thumb Code     2  startup_stm32f40_41xxx.o(.text)
    DebugMon_Handler                         0x0800023d   Thumb Code     2  startup_stm32f40_41xxx.o(.text)
    PendSV_Handler                           0x0800023f   Thumb Code     2  startup_stm32f40_41xxx.o(.text)
    SysTick_Handler                          0x08000241   Thumb Code     2  startup_stm32f40_41xxx.o(.text)
    ADC_IRQHandler                           0x08000243   Thumb Code     0  startup_stm32f40_41xxx.o(.text)
    CAN1_RX1_IRQHandler                      0x08000243   Thumb Code     0  startup_stm32f40_41xxx.o(.text)
    CAN1_SCE_IRQHandler                      0x08000243   Thumb Code     0  startup_stm32f40_41xxx.o(.text)
    CAN1_TX_IRQHandler                       0x08000243   Thumb Code     0  startup_stm32f40_41xxx.o(.text)
    CAN2_RX0_IRQHandler                      0x08000243   Thumb Code     0  startup_stm32f40_41xxx.o(.text)
    CAN2_RX1_IRQHandler                      0x08000243   Thumb Code     0  startup_stm32f40_41xxx.o(.text)
    CAN2_SCE_IRQHandler                      0x08000243   Thumb Code     0  startup_stm32f40_41xxx.o(.text)
    CAN2_TX_IRQHandler                       0x08000243   Thumb Code     0  startup_stm32f40_41xxx.o(.text)
    CRYP_IRQHandler                          0x08000243   Thumb Code     0  startup_stm32f40_41xxx.o(.text)
    DCMI_IRQHandler                          0x08000243   Thumb Code     0  startup_stm32f40_41xxx.o(.text)
    DMA1_Stream0_IRQHandler                  0x08000243   Thumb Code     0  startup_stm32f40_41xxx.o(.text)
    DMA1_Stream2_IRQHandler                  0x08000243   Thumb Code     0  startup_stm32f40_41xxx.o(.text)
    DMA1_Stream3_IRQHandler                  0x08000243   Thumb Code     0  startup_stm32f40_41xxx.o(.text)
    DMA1_Stream4_IRQHandler                  0x08000243   Thumb Code     0  startup_stm32f40_41xxx.o(.text)
    DMA1_Stream5_IRQHandler                  0x08000243   Thumb Code     0  startup_stm32f40_41xxx.o(.text)
    DMA1_Stream6_IRQHandler                  0x08000243   Thumb Code     0  startup_stm32f40_41xxx.o(.text)
    DMA1_Stream7_IRQHandler                  0x08000243   Thumb Code     0  startup_stm32f40_41xxx.o(.text)
    DMA2_Stream0_IRQHandler                  0x08000243   Thumb Code     0  startup_stm32f40_41xxx.o(.text)
    DMA2_Stream1_IRQHandler                  0x08000243   Thumb Code     0  startup_stm32f40_41xxx.o(.text)
    DMA2_Stream2_IRQHandler                  0x08000243   Thumb Code     0  startup_stm32f40_41xxx.o(.text)
    DMA2_Stream3_IRQHandler                  0x08000243   Thumb Code     0  startup_stm32f40_41xxx.o(.text)
    DMA2_Stream4_IRQHandler                  0x08000243   Thumb Code     0  startup_stm32f40_41xxx.o(.text)
    DMA2_Stream5_IRQHandler                  0x08000243   Thumb Code     0  startup_stm32f40_41xxx.o(.text)
    DMA2_Stream6_IRQHandler                  0x08000243   Thumb Code     0  startup_stm32f40_41xxx.o(.text)
    DMA2_Stream7_IRQHandler                  0x08000243   Thumb Code     0  startup_stm32f40_41xxx.o(.text)
    ETH_IRQHandler                           0x08000243   Thumb Code     0  startup_stm32f40_41xxx.o(.text)
    ETH_WKUP_IRQHandler                      0x08000243   Thumb Code     0  startup_stm32f40_41xxx.o(.text)
    EXTI0_IRQHandler                         0x08000243   Thumb Code     0  startup_stm32f40_41xxx.o(.text)
    EXTI15_10_IRQHandler                     0x08000243   Thumb Code     0  startup_stm32f40_41xxx.o(.text)
    EXTI4_IRQHandler                         0x08000243   Thumb Code     0  startup_stm32f40_41xxx.o(.text)
    EXTI9_5_IRQHandler                       0x08000243   Thumb Code     0  startup_stm32f40_41xxx.o(.text)
    FLASH_IRQHandler                         0x08000243   Thumb Code     0  startup_stm32f40_41xxx.o(.text)
    FPU_IRQHandler                           0x08000243   Thumb Code     0  startup_stm32f40_41xxx.o(.text)
    FSMC_IRQHandler                          0x08000243   Thumb Code     0  startup_stm32f40_41xxx.o(.text)
    HASH_RNG_IRQHandler                      0x08000243   Thumb Code     0  startup_stm32f40_41xxx.o(.text)
    I2C1_ER_IRQHandler                       0x08000243   Thumb Code     0  startup_stm32f40_41xxx.o(.text)
    I2C1_EV_IRQHandler                       0x08000243   Thumb Code     0  startup_stm32f40_41xxx.o(.text)
    I2C2_ER_IRQHandler                       0x08000243   Thumb Code     0  startup_stm32f40_41xxx.o(.text)
    I2C2_EV_IRQHandler                       0x08000243   Thumb Code     0  startup_stm32f40_41xxx.o(.text)
    I2C3_ER_IRQHandler                       0x08000243   Thumb Code     0  startup_stm32f40_41xxx.o(.text)
    I2C3_EV_IRQHandler                       0x08000243   Thumb Code     0  startup_stm32f40_41xxx.o(.text)
    OTG_FS_IRQHandler                        0x08000243   Thumb Code     0  startup_stm32f40_41xxx.o(.text)
    OTG_FS_WKUP_IRQHandler                   0x08000243   Thumb Code     0  startup_stm32f40_41xxx.o(.text)
    OTG_HS_EP1_IN_IRQHandler                 0x08000243   Thumb Code     0  startup_stm32f40_41xxx.o(.text)
    OTG_HS_EP1_OUT_IRQHandler                0x08000243   Thumb Code     0  startup_stm32f40_41xxx.o(.text)
    OTG_HS_IRQHandler                        0x08000243   Thumb Code     0  startup_stm32f40_41xxx.o(.text)
    OTG_HS_WKUP_IRQHandler                   0x08000243   Thumb Code     0  startup_stm32f40_41xxx.o(.text)
    PVD_IRQHandler                           0x08000243   Thumb Code     0  startup_stm32f40_41xxx.o(.text)
    RCC_IRQHandler                           0x08000243   Thumb Code     0  startup_stm32f40_41xxx.o(.text)
    RTC_Alarm_IRQHandler                     0x08000243   Thumb Code     0  startup_stm32f40_41xxx.o(.text)
    RTC_WKUP_IRQHandler                      0x08000243   Thumb Code     0  startup_stm32f40_41xxx.o(.text)
    SDIO_IRQHandler                          0x08000243   Thumb Code     0  startup_stm32f40_41xxx.o(.text)
    SPI1_IRQHandler                          0x08000243   Thumb Code     0  startup_stm32f40_41xxx.o(.text)
    SPI2_IRQHandler                          0x08000243   Thumb Code     0  startup_stm32f40_41xxx.o(.text)
    SPI3_IRQHandler                          0x08000243   Thumb Code     0  startup_stm32f40_41xxx.o(.text)
    TAMP_STAMP_IRQHandler                    0x08000243   Thumb Code     0  startup_stm32f40_41xxx.o(.text)
    TIM1_BRK_TIM9_IRQHandler                 0x08000243   Thumb Code     0  startup_stm32f40_41xxx.o(.text)
    TIM1_CC_IRQHandler                       0x08000243   Thumb Code     0  startup_stm32f40_41xxx.o(.text)
    TIM1_TRG_COM_TIM11_IRQHandler            0x08000243   Thumb Code     0  startup_stm32f40_41xxx.o(.text)
    TIM1_UP_TIM10_IRQHandler                 0x08000243   Thumb Code     0  startup_stm32f40_41xxx.o(.text)
    TIM3_IRQHandler                          0x08000243   Thumb Code     0  startup_stm32f40_41xxx.o(.text)
    TIM4_IRQHandler                          0x08000243   Thumb Code     0  startup_stm32f40_41xxx.o(.text)
    TIM5_IRQHandler                          0x08000243   Thumb Code     0  startup_stm32f40_41xxx.o(.text)
    TIM6_DAC_IRQHandler                      0x08000243   Thumb Code     0  startup_stm32f40_41xxx.o(.text)
    TIM8_BRK_TIM12_IRQHandler                0x08000243   Thumb Code     0  startup_stm32f40_41xxx.o(.text)
    TIM8_CC_IRQHandler                       0x08000243   Thumb Code     0  startup_stm32f40_41xxx.o(.text)
    TIM8_TRG_COM_TIM14_IRQHandler            0x08000243   Thumb Code     0  startup_stm32f40_41xxx.o(.text)
    TIM8_UP_TIM13_IRQHandler                 0x08000243   Thumb Code     0  startup_stm32f40_41xxx.o(.text)
    UART4_IRQHandler                         0x08000243   Thumb Code     0  startup_stm32f40_41xxx.o(.text)
    UART5_IRQHandler                         0x08000243   Thumb Code     0  startup_stm32f40_41xxx.o(.text)
    USART1_IRQHandler                        0x08000243   Thumb Code     0  startup_stm32f40_41xxx.o(.text)
    USART2_IRQHandler                        0x08000243   Thumb Code     0  startup_stm32f40_41xxx.o(.text)
    USART3_IRQHandler                        0x08000243   Thumb Code     0  startup_stm32f40_41xxx.o(.text)
    USART6_IRQHandler                        0x08000243   Thumb Code     0  startup_stm32f40_41xxx.o(.text)
    WWDG_IRQHandler                          0x08000243   Thumb Code     0  startup_stm32f40_41xxx.o(.text)
    __user_initial_stackheap                 0x08000245   Thumb Code     0  startup_stm32f40_41xxx.o(.text)
    __aeabi_memcpy4                          0x08000269   Thumb Code     0  rt_memcpy_w.o(.text)
    __aeabi_memcpy8                          0x08000269   Thumb Code     0  rt_memcpy_w.o(.text)
    __rt_memcpy_w                            0x08000269   Thumb Code   100  rt_memcpy_w.o(.text)
    _memcpy_lastbytes_aligned                0x080002b1   Thumb Code     0  rt_memcpy_w.o(.text)
    __use_two_region_memory                  0x080002cd   Thumb Code     2  heapauxi.o(.text)
    __rt_heap_escrow$2region                 0x080002cf   Thumb Code     2  heapauxi.o(.text)
    __rt_heap_expand$2region                 0x080002d1   Thumb Code     2  heapauxi.o(.text)
    __read_errno                             0x080002d3   Thumb Code    10  _rserrno.o(.text)
    __set_errno                              0x080002dd   Thumb Code    12  _rserrno.o(.text)
    __aeabi_errno_addr                       0x080002e9   Thumb Code     8  rt_errno_addr_intlibspace.o(.text)
    __errno$intlibspace                      0x080002e9   Thumb Code     0  rt_errno_addr_intlibspace.o(.text)
    __rt_errno_addr$intlibspace              0x080002e9   Thumb Code     0  rt_errno_addr_intlibspace.o(.text)
    __user_libspace                          0x080002f1   Thumb Code     8  libspace.o(.text)
    __user_perproc_libspace                  0x080002f1   Thumb Code     0  libspace.o(.text)
    __user_perthread_libspace                0x080002f1   Thumb Code     0  libspace.o(.text)
    __user_setup_stackheap                   0x080002f9   Thumb Code    74  sys_stackheap_outer.o(.text)
    exit                                     0x08000343   Thumb Code    18  exit.o(.text)
    _sys_exit                                0x08000355   Thumb Code     8  sys_exit.o(.text)
    __I$use$semihosting                      0x08000361   Thumb Code     0  use_no_semi.o(.text)
    __use_no_semihosting_swi                 0x08000361   Thumb Code     2  use_no_semi.o(.text)
    __semihosting_library_function           0x08000363   Thumb Code     0  indicate_semi.o(.text)
    CAN1_RX0_IRQHandler                      0x08000365   Thumb Code   200  can.o(i.CAN1_RX0_IRQHandler)
    CAN_ClearITPendingBit                    0x0800044d   Thumb Code   162  stm32f4xx_can.o(i.CAN_ClearITPendingBit)
    CAN_Config                               0x080004f5   Thumb Code   248  can.o(i.CAN_Config)
    CAN_DeInit                               0x080005f5   Thumb Code    50  stm32f4xx_can.o(i.CAN_DeInit)
    CAN_FilterInit                           0x0800062d   Thumb Code   258  stm32f4xx_can.o(i.CAN_FilterInit)
    CAN_ITConfig                             0x08000735   Thumb Code    18  stm32f4xx_can.o(i.CAN_ITConfig)
    CAN_Init                                 0x08000747   Thumb Code   276  stm32f4xx_can.o(i.CAN_Init)
    CAN_Receive                              0x0800085b   Thumb Code   240  stm32f4xx_can.o(i.CAN_Receive)
    CAN_StructInit                           0x0800094b   Thumb Code    32  stm32f4xx_can.o(i.CAN_StructInit)
    CAN_Transmit                             0x0800096b   Thumb Code   294  stm32f4xx_can.o(i.CAN_Transmit)
    CAN_TransmitStatus                       0x08000a91   Thumb Code   138  stm32f4xx_can.o(i.CAN_TransmitStatus)
    CanWriteData                             0x08000b31   Thumb Code   512  can.o(i.CanWriteData)
    Config_IO                                0x08000d5d   Thumb Code    66  main.o(i.Config_IO)
    Config_Proximity                         0x08000da5   Thumb Code   272  main.o(i.Config_Proximity)
    Config_send_PC                           0x08000eb9   Thumb Code    96  main.o(i.Config_send_PC)
    Config_send_driver                       0x08000f19   Thumb Code    88  main.o(i.Config_send_driver)
    DMA1_Stream1_IRQHandler                  0x08000f75   Thumb Code  2944  stm32f4xx_it.o(i.DMA1_Stream1_IRQHandler)
    DMA_ClearFlag                            0x08001b45   Thumb Code    38  stm32f4xx_dma.o(i.DMA_ClearFlag)
    DMA_ClearITPendingBit                    0x08001b79   Thumb Code    38  stm32f4xx_dma.o(i.DMA_ClearITPendingBit)
    DMA_Cmd                                  0x08001bad   Thumb Code    22  stm32f4xx_dma.o(i.DMA_Cmd)
    DMA_GetITStatus                          0x08001bc5   Thumb Code    82  stm32f4xx_dma.o(i.DMA_GetITStatus)
    DMA_ITConfig                             0x08001c29   Thumb Code    58  stm32f4xx_dma.o(i.DMA_ITConfig)
    DMA_Init                                 0x08001c65   Thumb Code    82  stm32f4xx_dma.o(i.DMA_Init)
    EXTI1_IRQHandler                         0x08001cbd   Thumb Code    56  stm32f4xx_it.o(i.EXTI1_IRQHandler)
    EXTI2_IRQHandler                         0x08001d01   Thumb Code    56  stm32f4xx_it.o(i.EXTI2_IRQHandler)
    EXTI3_IRQHandler                         0x08001d45   Thumb Code    56  stm32f4xx_it.o(i.EXTI3_IRQHandler)
    EXTI_ClearITPendingBit                   0x08001d89   Thumb Code     6  stm32f4xx_exti.o(i.EXTI_ClearITPendingBit)
    EXTI_GetITStatus                         0x08001d95   Thumb Code    20  stm32f4xx_exti.o(i.EXTI_GetITStatus)
    EXTI_Init                                0x08001dad   Thumb Code   142  stm32f4xx_exti.o(i.EXTI_Init)
    GPIO_Init                                0x08001e41   Thumb Code   144  stm32f4xx_gpio.o(i.GPIO_Init)
    GPIO_PinAFConfig                         0x08001ed1   Thumb Code    70  stm32f4xx_gpio.o(i.GPIO_PinAFConfig)
    GPIO_ResetBits                           0x08001f17   Thumb Code     4  stm32f4xx_gpio.o(i.GPIO_ResetBits)
    GPIO_SetBits                             0x08001f1b   Thumb Code     4  stm32f4xx_gpio.o(i.GPIO_SetBits)
    Inverse_kinematic                        0x08001f21   Thumb Code  1596  inverse_planning.o(i.Inverse_kinematic)
    NVIC_Init                                0x0800258d   Thumb Code   106  misc.o(i.NVIC_Init)
    RCC_AHB1PeriphClockCmd                   0x08002605   Thumb Code    26  stm32f4xx_rcc.o(i.RCC_AHB1PeriphClockCmd)
    RCC_APB1PeriphClockCmd                   0x08002625   Thumb Code    26  stm32f4xx_rcc.o(i.RCC_APB1PeriphClockCmd)
    RCC_APB1PeriphResetCmd                   0x08002645   Thumb Code    26  stm32f4xx_rcc.o(i.RCC_APB1PeriphResetCmd)
    RCC_APB2PeriphClockCmd                   0x08002665   Thumb Code    26  stm32f4xx_rcc.o(i.RCC_APB2PeriphClockCmd)
    RCC_DeInit                               0x08002685   Thumb Code    82  stm32f4xx_rcc.o(i.RCC_DeInit)
    RCC_GetClocksFreq                        0x080026e9   Thumb Code   214  stm32f4xx_rcc.o(i.RCC_GetClocksFreq)
    RCC_GetFlagStatus                        0x080027d1   Thumb Code    60  stm32f4xx_rcc.o(i.RCC_GetFlagStatus)
    RCC_HCLKConfig                           0x08002811   Thumb Code    18  stm32f4xx_rcc.o(i.RCC_HCLKConfig)
    RCC_HSEConfig                            0x08002829   Thumb Code    12  stm32f4xx_rcc.o(i.RCC_HSEConfig)
    RCC_PCLK1Config                          0x08002839   Thumb Code    18  stm32f4xx_rcc.o(i.RCC_PCLK1Config)
    RCC_PCLK2Config                          0x08002851   Thumb Code    20  stm32f4xx_rcc.o(i.RCC_PCLK2Config)
    RCC_PLLCmd                               0x08002869   Thumb Code     6  stm32f4xx_rcc.o(i.RCC_PLLCmd)
    RCC_PLLConfig                            0x08002875   Thumb Code    30  stm32f4xx_rcc.o(i.RCC_PLLConfig)
    RCC_SYSCLKConfig                         0x08002899   Thumb Code    18  stm32f4xx_rcc.o(i.RCC_SYSCLKConfig)
    RCC_WaitForHSEStartUp                    0x080028b1   Thumb Code    56  stm32f4xx_rcc.o(i.RCC_WaitForHSEStartUp)
    RCC_configuration                        0x080028e9   Thumb Code    94  main.o(i.RCC_configuration)
    SYSCFG_EXTILineConfig                    0x08002949   Thumb Code    60  stm32f4xx_syscfg.o(i.SYSCFG_EXTILineConfig)
    SystemInit                               0x08002a75   Thumb Code    88  system_stm32f4xx.o(i.SystemInit)
    TIM2_IRQHandler                          0x08002add   Thumb Code    60  stm32f4xx_it.o(i.TIM2_IRQHandler)
    TIM7_IRQHandler                          0x08002b25   Thumb Code  1786  stm32f4xx_it.o(i.TIM7_IRQHandler)
    TIM_ClearITPendingBit                    0x0800327d   Thumb Code     6  stm32f4xx_tim.o(i.TIM_ClearITPendingBit)
    TIM_Cmd                                  0x08003283   Thumb Code    24  stm32f4xx_tim.o(i.TIM_Cmd)
    TIM_GetITStatus                          0x0800329b   Thumb Code    34  stm32f4xx_tim.o(i.TIM_GetITStatus)
    TIM_ITConfig                             0x080032bd   Thumb Code    18  stm32f4xx_tim.o(i.TIM_ITConfig)
    TIM_TimeBaseInit                         0x080032d1   Thumb Code   104  stm32f4xx_tim.o(i.TIM_TimeBaseInit)
    USART_Cmd                                0x08003355   Thumb Code    24  stm32f4xx_usart.o(i.USART_Cmd)
    USART_DMACmd                             0x0800336d   Thumb Code    18  stm32f4xx_usart.o(i.USART_DMACmd)
    USART_DMA_Config                         0x08003381   Thumb Code   392  main.o(i.USART_DMA_Config)
    USART_EVAL_Config                        0x0800351d   Thumb Code   212  main.o(i.USART_EVAL_Config)
    USART_Init                               0x08003601   Thumb Code   204  stm32f4xx_usart.o(i.USART_Init)
    __ARM_fpclassify                         0x080036d5   Thumb Code    48  fpclassify.o(i.__ARM_fpclassify)
    __hardfp_atan                            0x08003709   Thumb Code   622  atan.o(i.__hardfp_atan)
    __hardfp_cos                             0x080039e1   Thumb Code   180  cos.o(i.__hardfp_cos)
    __hardfp_pow                             0x08003aa9   Thumb Code  3072  pow.o(i.__hardfp_pow)
    __hardfp_sin                             0x080046f9   Thumb Code   180  sin.o(i.__hardfp_sin)
    __hardfp_sqrt                            0x080047c1   Thumb Code   122  sqrt.o(i.__hardfp_sqrt)
    __ieee754_rem_pio2                       0x08004841   Thumb Code   938  rred.o(i.__ieee754_rem_pio2)
    __kernel_cos                             0x08004c79   Thumb Code   322  cos_i.o(i.__kernel_cos)
    __kernel_poly                            0x08004de9   Thumb Code   248  poly.o(i.__kernel_poly)
    __kernel_sin                             0x08004ee1   Thumb Code   280  sin_i.o(i.__kernel_sin)
    __mathlib_dbl_divzero                    0x08005011   Thumb Code    28  dunder.o(i.__mathlib_dbl_divzero)
    __mathlib_dbl_infnan                     0x08005041   Thumb Code    20  dunder.o(i.__mathlib_dbl_infnan)
    __mathlib_dbl_infnan2                    0x08005055   Thumb Code    20  dunder.o(i.__mathlib_dbl_infnan2)
    __mathlib_dbl_invalid                    0x08005069   Thumb Code    24  dunder.o(i.__mathlib_dbl_invalid)
    __mathlib_dbl_overflow                   0x08005089   Thumb Code    24  dunder.o(i.__mathlib_dbl_overflow)
    __mathlib_dbl_underflow                  0x080050a9   Thumb Code    24  dunder.o(i.__mathlib_dbl_underflow)
    abs_d                                    0x080050c9   Thumb Code    58  inverse_planning.o(i.abs_d)
    delay                                    0x0800510d   Thumb Code    12  main.o(i.delay)
    fabs                                     0x08005119   Thumb Code    24  fabs.o(i.fabs)
    main                                     0x08005131   Thumb Code   130  main.o(i.main)
    paramsPoly_inverse                       0x080051d1   Thumb Code   478  inverse_planning.o(i.paramsPoly_inverse)
    sqrt                                     0x080053e9   Thumb Code   110  sqrt.o(i.sqrt)
    __aeabi_dneg                             0x08005457   Thumb Code     0  basic.o(x$fpl$basic)
    _dneg                                    0x08005457   Thumb Code     6  basic.o(x$fpl$basic)
    __aeabi_fneg                             0x0800545d   Thumb Code     0  basic.o(x$fpl$basic)
    _fneg                                    0x0800545d   Thumb Code     6  basic.o(x$fpl$basic)
    _dabs                                    0x08005463   Thumb Code     6  basic.o(x$fpl$basic)
    _fabs                                    0x08005469   Thumb Code     6  basic.o(x$fpl$basic)
    __aeabi_dadd                             0x08005471   Thumb Code     0  daddsub_clz.o(x$fpl$dadd)
    _dadd                                    0x08005471   Thumb Code   332  daddsub_clz.o(x$fpl$dadd)
    __fpl_dcheck_NaN1                        0x080055c1   Thumb Code    10  dcheck1.o(x$fpl$dcheck1)
    __fpl_dcmp_Inf                           0x080055d1   Thumb Code    24  dcmpi.o(x$fpl$dcmpinf)
    __aeabi_ddiv                             0x080055e9   Thumb Code     0  ddiv.o(x$fpl$ddiv)
    _ddiv                                    0x080055e9   Thumb Code   552  ddiv.o(x$fpl$ddiv)
    __aeabi_cdcmpeq                          0x08005899   Thumb Code     0  deqf.o(x$fpl$deqf)
    _dcmpeq                                  0x08005899   Thumb Code   120  deqf.o(x$fpl$deqf)
    __aeabi_d2iz                             0x08005911   Thumb Code     0  dfix.o(x$fpl$dfix)
    _dfix                                    0x08005911   Thumb Code    94  dfix.o(x$fpl$dfix)
    __aeabi_d2uiz                            0x08005971   Thumb Code     0  dfixu.o(x$fpl$dfixu)
    _dfixu                                   0x08005971   Thumb Code    90  dfixu.o(x$fpl$dfixu)
    __aeabi_i2d                              0x080059cb   Thumb Code     0  dflt_clz.o(x$fpl$dflt)
    _dflt                                    0x080059cb   Thumb Code    46  dflt_clz.o(x$fpl$dflt)
    __aeabi_ui2d                             0x080059f9   Thumb Code     0  dflt_clz.o(x$fpl$dfltu)
    _dfltu                                   0x080059f9   Thumb Code    38  dflt_clz.o(x$fpl$dfltu)
    __aeabi_cdcmple                          0x08005a21   Thumb Code     0  dleqf.o(x$fpl$dleqf)
    _dcmple                                  0x08005a21   Thumb Code   120  dleqf.o(x$fpl$dleqf)
    __fpl_dcmple_InfNaN                      0x08005a83   Thumb Code     0  dleqf.o(x$fpl$dleqf)
    __aeabi_dmul                             0x08005a99   Thumb Code     0  dmul.o(x$fpl$dmul)
    _dmul                                    0x08005a99   Thumb Code   332  dmul.o(x$fpl$dmul)
    __fpl_dnaninf                            0x08005bed   Thumb Code   156  dnaninf.o(x$fpl$dnaninf)
    __fpl_dretinf                            0x08005c89   Thumb Code    12  dretinf.o(x$fpl$dretinf)
    __aeabi_cdrcmple                         0x08005c95   Thumb Code     0  drleqf.o(x$fpl$drleqf)
    _drcmple                                 0x08005c95   Thumb Code   108  drleqf.o(x$fpl$drleqf)
    __aeabi_drsub                            0x08005d01   Thumb Code     0  daddsub_clz.o(x$fpl$drsb)
    _drsb                                    0x08005d01   Thumb Code    22  daddsub_clz.o(x$fpl$drsb)
    _dsqrt                                   0x08005d19   Thumb Code   404  dsqrt_umaal.o(x$fpl$dsqrt)
    __aeabi_dsub                             0x08005eb1   Thumb Code     0  daddsub_clz.o(x$fpl$dsub)
    _dsub                                    0x08005eb1   Thumb Code   464  daddsub_clz.o(x$fpl$dsub)
    _fp_init                                 0x08006085   Thumb Code    10  fpinit.o(x$fpl$fpinit)
    __fplib_config_fpu_vfp                   0x0800608d   Thumb Code     0  fpinit.o(x$fpl$fpinit)
    __fplib_config_pureend_doubles           0x0800608d   Thumb Code     0  fpinit.o(x$fpl$fpinit)
    __fpl_return_NaN                         0x0800608f   Thumb Code   100  retnan.o(x$fpl$retnan)
    __ARM_scalbn                             0x080060f3   Thumb Code    92  scalbn.o(x$fpl$scalbn)
    __fpl_cmpreturn                          0x0800614f   Thumb Code    48  trapv.o(x$fpl$trapveneer)
    __I$use$fp                               0x0800617e   Number         0  usenofp.o(x$fpl$usenofp)
    alpha                                    0x08006180   Data          24  inverse_planning.o(.constdata)
    __mathlib_zero                           0x080062e8   Data           8  qnan.o(.constdata)
    Region$$Table$$Base                      0x080063e0   Number         0  anon$$obj.o(Region$$Table)
    Region$$Table$$Limit                     0x08006400   Number         0  anon$$obj.o(Region$$Table)
    mode_run                                 0x20000000   Data           1  stm32f4xx_it.o(.data)
    Manual_stt                               0x20000001   Data           1  stm32f4xx_it.o(.data)
    timef_manual                             0x20000008   Data           8  stm32f4xx_it.o(.data)
    pre_location_manual                      0x20000010   Data          24  stm32f4xx_it.o(.data)
    pre_location_Auto_run                    0x20000028   Data          24  stm32f4xx_it.o(.data)
    timef_Auto_run                           0x20000040   Data           8  stm32f4xx_it.o(.data)
    Position_SP1                             0x20000048   Data           8  stm32f4xx_it.o(.data)
    Position_SP2                             0x20000050   Data           8  stm32f4xx_it.o(.data)
    Position_SP3                             0x20000058   Data           8  stm32f4xx_it.o(.data)
    type_object                              0x20000060   Data           1  stm32f4xx_it.o(.data)
    pre_type_object                          0x20000061   Data           1  stm32f4xx_it.o(.data)
    stepx                                    0x20000062   Data           1  stm32f4xx_it.o(.data)
    t                                        0x20000068   Data           8  stm32f4xx_it.o(.data)
    location_box_cir                         0x20000070   Data          24  stm32f4xx_it.o(.data)
    location_box_squ                         0x20000088   Data          24  stm32f4xx_it.o(.data)
    location_box_tri                         0x200000a0   Data          24  stm32f4xx_it.o(.data)
    txbuff                                   0x200000d0   Data           1  main.o(.data)
    txbuff_AGV                               0x200000d1   Data           4  main.o(.data)
    set_home_complete                        0x200000d5   Data           3  main.o(.data)
    CAN_DATA_R                               0x200000e0   Data           8  can.o(.data)
    CAN_ID                                   0x200000e8   Data           2  can.o(.data)
    Position1                                0x200000ea   Data           1  can.o(.data)
    Position2                                0x200000eb   Data           1  can.o(.data)
    Position3                                0x200000ec   Data           1  can.o(.data)
    location_manual                          0x20000100   Data          24  stm32f4xx_it.o(.bss)
    location_Auto_run                        0x20000118   Data          24  stm32f4xx_it.o(.bss)
    p0dot                                    0x20000130   Data          24  stm32f4xx_it.o(.bss)
    pfdot                                    0x20000148   Data          24  stm32f4xx_it.o(.bss)
    location_object                          0x20000160   Data          24  stm32f4xx_it.o(.bss)
    location_object_medium                   0x20000178   Data          24  stm32f4xx_it.o(.bss)
    location_box_medium                      0x20000190   Data          24  stm32f4xx_it.o(.bss)
    planning1                                0x200001a8   Data         144  stm32f4xx_it.o(.bss)
    planning2                                0x20000238   Data         144  stm32f4xx_it.o(.bss)
    planning3                                0x200002c8   Data         144  stm32f4xx_it.o(.bss)
    planning4                                0x20000358   Data         144  stm32f4xx_it.o(.bss)
    planning5                                0x200003e8   Data         144  stm32f4xx_it.o(.bss)
    planning6                                0x20000478   Data         144  stm32f4xx_it.o(.bss)
    rxbuff                                   0x20000508   Data          18  main.o(.bss)
    __libspace_start                         0x20000598   Data          96  libspace.o(.bss)
    __temporary_stack_top$libspace           0x200005f8   Data           0  libspace.o(.bss)



==============================================================================

Memory Map of the image

  Image Entry point : 0x08000229

  Load Region LR_1 (Base: 0x08000000, Size: 0x00006500, Max: 0xffffffff, ABSOLUTE)

    Execution Region ER_RO (Exec base: 0x08000000, Load base: 0x08000000, Size: 0x00006400, Max: 0xffffffff, ABSOLUTE)

    Exec Addr    Load Addr    Size         Type   Attr      Idx    E Section Name        Object

    0x08000000   0x08000000   0x00000188   Data   RO          405    RESET               startup_stm32f40_41xxx.o
    0x08000188   0x08000188   0x00000008   Code   RO         2107  * !!!main             c_w.l(__main.o)
    0x08000190   0x08000190   0x00000034   Code   RO         2425    !!!scatter          c_w.l(__scatter.o)
    0x080001c4   0x080001c4   0x0000001a   Code   RO         2427    !!handler_copy      c_w.l(__scatter_copy.o)
    0x080001de   0x080001de   0x00000002   PAD
    0x080001e0   0x080001e0   0x0000001c   Code   RO         2429    !!handler_zi        c_w.l(__scatter_zi.o)
    0x080001fc   0x080001fc   0x00000002   Code   RO         2294    .ARM.Collect$$libinit$$00000000  c_w.l(libinit.o)
    0x080001fe   0x080001fe   0x00000004   Code   RO         2299    .ARM.Collect$$libinit$$00000001  c_w.l(libinit2.o)
    0x08000202   0x08000202   0x00000000   Code   RO         2302    .ARM.Collect$$libinit$$00000004  c_w.l(libinit2.o)
    0x08000202   0x08000202   0x00000000   Code   RO         2305    .ARM.Collect$$libinit$$0000000A  c_w.l(libinit2.o)
    0x08000202   0x08000202   0x00000000   Code   RO         2307    .ARM.Collect$$libinit$$0000000C  c_w.l(libinit2.o)
    0x08000202   0x08000202   0x00000000   Code   RO         2309    .ARM.Collect$$libinit$$0000000E  c_w.l(libinit2.o)
    0x08000202   0x08000202   0x00000000   Code   RO         2312    .ARM.Collect$$libinit$$00000011  c_w.l(libinit2.o)
    0x08000202   0x08000202   0x00000000   Code   RO         2314    .ARM.Collect$$libinit$$00000013  c_w.l(libinit2.o)
    0x08000202   0x08000202   0x00000000   Code   RO         2316    .ARM.Collect$$libinit$$00000015  c_w.l(libinit2.o)
    0x08000202   0x08000202   0x00000000   Code   RO         2318    .ARM.Collect$$libinit$$00000017  c_w.l(libinit2.o)
    0x08000202   0x08000202   0x00000000   Code   RO         2320    .ARM.Collect$$libinit$$00000019  c_w.l(libinit2.o)
    0x08000202   0x08000202   0x00000000   Code   RO         2322    .ARM.Collect$$libinit$$0000001B  c_w.l(libinit2.o)
    0x08000202   0x08000202   0x00000000   Code   RO         2324    .ARM.Collect$$libinit$$0000001D  c_w.l(libinit2.o)
    0x08000202   0x08000202   0x00000000   Code   RO         2326    .ARM.Collect$$libinit$$0000001F  c_w.l(libinit2.o)
    0x08000202   0x08000202   0x00000000   Code   RO         2328    .ARM.Collect$$libinit$$00000021  c_w.l(libinit2.o)
    0x08000202   0x08000202   0x00000000   Code   RO         2330    .ARM.Collect$$libinit$$00000023  c_w.l(libinit2.o)
    0x08000202   0x08000202   0x00000000   Code   RO         2332    .ARM.Collect$$libinit$$00000025  c_w.l(libinit2.o)
    0x08000202   0x08000202   0x00000000   Code   RO         2336    .ARM.Collect$$libinit$$0000002C  c_w.l(libinit2.o)
    0x08000202   0x08000202   0x00000000   Code   RO         2338    .ARM.Collect$$libinit$$0000002E  c_w.l(libinit2.o)
    0x08000202   0x08000202   0x00000000   Code   RO         2340    .ARM.Collect$$libinit$$00000030  c_w.l(libinit2.o)
    0x08000202   0x08000202   0x00000000   Code   RO         2342    .ARM.Collect$$libinit$$00000032  c_w.l(libinit2.o)
    0x08000202   0x08000202   0x00000002   Code   RO         2343    .ARM.Collect$$libinit$$00000033  c_w.l(libinit2.o)
    0x08000204   0x08000204   0x00000002   Code   RO         2365    .ARM.Collect$$libshutdown$$00000000  c_w.l(libshutdown.o)
    0x08000206   0x08000206   0x00000000   Code   RO         2378    .ARM.Collect$$libshutdown$$00000002  c_w.l(libshutdown2.o)
    0x08000206   0x08000206   0x00000000   Code   RO         2380    .ARM.Collect$$libshutdown$$00000004  c_w.l(libshutdown2.o)
    0x08000206   0x08000206   0x00000000   Code   RO         2383    .ARM.Collect$$libshutdown$$00000007  c_w.l(libshutdown2.o)
    0x08000206   0x08000206   0x00000000   Code   RO         2386    .ARM.Collect$$libshutdown$$0000000A  c_w.l(libshutdown2.o)
    0x08000206   0x08000206   0x00000000   Code   RO         2388    .ARM.Collect$$libshutdown$$0000000C  c_w.l(libshutdown2.o)
    0x08000206   0x08000206   0x00000000   Code   RO         2391    .ARM.Collect$$libshutdown$$0000000F  c_w.l(libshutdown2.o)
    0x08000206   0x08000206   0x00000002   Code   RO         2392    .ARM.Collect$$libshutdown$$00000010  c_w.l(libshutdown2.o)
    0x08000208   0x08000208   0x00000000   Code   RO         2203    .ARM.Collect$$rtentry$$00000000  c_w.l(__rtentry.o)
    0x08000208   0x08000208   0x00000000   Code   RO         2257    .ARM.Collect$$rtentry$$00000002  c_w.l(__rtentry2.o)
    0x08000208   0x08000208   0x00000006   Code   RO         2269    .ARM.Collect$$rtentry$$00000004  c_w.l(__rtentry4.o)
    0x0800020e   0x0800020e   0x00000000   Code   RO         2259    .ARM.Collect$$rtentry$$00000009  c_w.l(__rtentry2.o)
    0x0800020e   0x0800020e   0x00000004   Code   RO         2260    .ARM.Collect$$rtentry$$0000000A  c_w.l(__rtentry2.o)
    0x08000212   0x08000212   0x00000000   Code   RO         2262    .ARM.Collect$$rtentry$$0000000C  c_w.l(__rtentry2.o)
    0x08000212   0x08000212   0x00000008   Code   RO         2263    .ARM.Collect$$rtentry$$0000000D  c_w.l(__rtentry2.o)
    0x0800021a   0x0800021a   0x00000002   Code   RO         2297    .ARM.Collect$$rtexit$$00000000  c_w.l(rtexit.o)
    0x0800021c   0x0800021c   0x00000000   Code   RO         2347    .ARM.Collect$$rtexit$$00000002  c_w.l(rtexit2.o)
    0x0800021c   0x0800021c   0x00000004   Code   RO         2348    .ARM.Collect$$rtexit$$00000003  c_w.l(rtexit2.o)
    0x08000220   0x08000220   0x00000006   Code   RO         2349    .ARM.Collect$$rtexit$$00000004  c_w.l(rtexit2.o)
    0x08000226   0x08000226   0x00000002   PAD
    0x08000228   0x08000228   0x00000040   Code   RO          406  * .text               startup_stm32f40_41xxx.o
    0x08000268   0x08000268   0x00000064   Code   RO         2103    .text               c_w.l(rt_memcpy_w.o)
    0x080002cc   0x080002cc   0x00000006   Code   RO         2105    .text               c_w.l(heapauxi.o)
    0x080002d2   0x080002d2   0x00000016   Code   RO         2204    .text               c_w.l(_rserrno.o)
    0x080002e8   0x080002e8   0x00000008   Code   RO         2274    .text               c_w.l(rt_errno_addr_intlibspace.o)
    0x080002f0   0x080002f0   0x00000008   Code   RO         2282    .text               c_w.l(libspace.o)
    0x080002f8   0x080002f8   0x0000004a   Code   RO         2285    .text               c_w.l(sys_stackheap_outer.o)
    0x08000342   0x08000342   0x00000012   Code   RO         2287    .text               c_w.l(exit.o)
    0x08000354   0x08000354   0x0000000c   Code   RO         2357    .text               c_w.l(sys_exit.o)
    0x08000360   0x08000360   0x00000002   Code   RO         2368    .text               c_w.l(use_no_semi.o)
    0x08000362   0x08000362   0x00000000   Code   RO         2370    .text               c_w.l(indicate_semi.o)
    0x08000362   0x08000362   0x00000002   PAD
    0x08000364   0x08000364   0x000000e8   Code   RO          322    i.CAN1_RX0_IRQHandler  can.o
    0x0800044c   0x0800044c   0x000000a8   Code   RO          489    i.CAN_ClearITPendingBit  stm32f4xx_can.o
    0x080004f4   0x080004f4   0x00000100   Code   RO          323    i.CAN_Config        can.o
    0x080005f4   0x080005f4   0x00000038   Code   RO          491    i.CAN_DeInit        stm32f4xx_can.o
    0x0800062c   0x0800062c   0x00000108   Code   RO          493    i.CAN_FilterInit    stm32f4xx_can.o
    0x08000734   0x08000734   0x00000012   Code   RO          499    i.CAN_ITConfig      stm32f4xx_can.o
    0x08000746   0x08000746   0x00000114   Code   RO          500    i.CAN_Init          stm32f4xx_can.o
    0x0800085a   0x0800085a   0x000000f0   Code   RO          503    i.CAN_Receive       stm32f4xx_can.o
    0x0800094a   0x0800094a   0x00000020   Code   RO          506    i.CAN_StructInit    stm32f4xx_can.o
    0x0800096a   0x0800096a   0x00000126   Code   RO          508    i.CAN_Transmit      stm32f4xx_can.o
    0x08000a90   0x08000a90   0x000000a0   Code   RO          509    i.CAN_TransmitStatus  stm32f4xx_can.o
    0x08000b30   0x08000b30   0x0000022c   Code   RO          324    i.CanWriteData      can.o
    0x08000d5c   0x08000d5c   0x00000048   Code   RO          190    i.Config_IO         main.o
    0x08000da4   0x08000da4   0x00000114   Code   RO          191    i.Config_Proximity  main.o
    0x08000eb8   0x08000eb8   0x00000060   Code   RO          192    i.Config_send_PC    main.o
    0x08000f18   0x08000f18   0x0000005c   Code   RO          193    i.Config_send_driver  main.o
    0x08000f74   0x08000f74   0x00000bd0   Code   RO            4    i.DMA1_Stream1_IRQHandler  stm32f4xx_it.o
    0x08001b44   0x08001b44   0x00000034   Code   RO         1846    i.DMA_ClearFlag     stm32f4xx_dma.o
    0x08001b78   0x08001b78   0x00000034   Code   RO         1847    i.DMA_ClearITPendingBit  stm32f4xx_dma.o
    0x08001bac   0x08001bac   0x00000016   Code   RO         1848    i.DMA_Cmd           stm32f4xx_dma.o
    0x08001bc2   0x08001bc2   0x00000002   PAD
    0x08001bc4   0x08001bc4   0x00000064   Code   RO         1858    i.DMA_GetITStatus   stm32f4xx_dma.o
    0x08001c28   0x08001c28   0x0000003a   Code   RO         1859    i.DMA_ITConfig      stm32f4xx_dma.o
    0x08001c62   0x08001c62   0x00000002   PAD
    0x08001c64   0x08001c64   0x00000058   Code   RO         1860    i.DMA_Init          stm32f4xx_dma.o
    0x08001cbc   0x08001cbc   0x00000044   Code   RO            5    i.EXTI1_IRQHandler  stm32f4xx_it.o
    0x08001d00   0x08001d00   0x00000044   Code   RO            6    i.EXTI2_IRQHandler  stm32f4xx_it.o
    0x08001d44   0x08001d44   0x00000044   Code   RO            7    i.EXTI3_IRQHandler  stm32f4xx_it.o
    0x08001d88   0x08001d88   0x0000000c   Code   RO         1979    i.EXTI_ClearITPendingBit  stm32f4xx_exti.o
    0x08001d94   0x08001d94   0x00000018   Code   RO         1983    i.EXTI_GetITStatus  stm32f4xx_exti.o
    0x08001dac   0x08001dac   0x00000094   Code   RO         1984    i.EXTI_Init         stm32f4xx_exti.o
    0x08001e40   0x08001e40   0x00000090   Code   RO         1745    i.GPIO_Init         stm32f4xx_gpio.o
    0x08001ed0   0x08001ed0   0x00000046   Code   RO         1746    i.GPIO_PinAFConfig  stm32f4xx_gpio.o
    0x08001f16   0x08001f16   0x00000004   Code   RO         1752    i.GPIO_ResetBits    stm32f4xx_gpio.o
    0x08001f1a   0x08001f1a   0x00000004   Code   RO         1753    i.GPIO_SetBits      stm32f4xx_gpio.o
    0x08001f1e   0x08001f1e   0x00000002   PAD
    0x08001f20   0x08001f20   0x0000066c   Code   RO          277    i.Inverse_kinematic  inverse_planning.o
    0x0800258c   0x0800258c   0x00000078   Code   RO          413    i.NVIC_Init         misc.o
    0x08002604   0x08002604   0x00000020   Code   RO          654    i.RCC_AHB1PeriphClockCmd  stm32f4xx_rcc.o
    0x08002624   0x08002624   0x00000020   Code   RO          663    i.RCC_APB1PeriphClockCmd  stm32f4xx_rcc.o
    0x08002644   0x08002644   0x00000020   Code   RO          665    i.RCC_APB1PeriphResetCmd  stm32f4xx_rcc.o
    0x08002664   0x08002664   0x00000020   Code   RO          666    i.RCC_APB2PeriphClockCmd  stm32f4xx_rcc.o
    0x08002684   0x08002684   0x00000064   Code   RO          674    i.RCC_DeInit        stm32f4xx_rcc.o
    0x080026e8   0x080026e8   0x000000e8   Code   RO          675    i.RCC_GetClocksFreq  stm32f4xx_rcc.o
    0x080027d0   0x080027d0   0x00000040   Code   RO          676    i.RCC_GetFlagStatus  stm32f4xx_rcc.o
    0x08002810   0x08002810   0x00000018   Code   RO          679    i.RCC_HCLKConfig    stm32f4xx_rcc.o
    0x08002828   0x08002828   0x00000010   Code   RO          680    i.RCC_HSEConfig     stm32f4xx_rcc.o
    0x08002838   0x08002838   0x00000018   Code   RO          689    i.RCC_PCLK1Config   stm32f4xx_rcc.o
    0x08002850   0x08002850   0x00000018   Code   RO          690    i.RCC_PCLK2Config   stm32f4xx_rcc.o
    0x08002868   0x08002868   0x0000000c   Code   RO          691    i.RCC_PLLCmd        stm32f4xx_rcc.o
    0x08002874   0x08002874   0x00000024   Code   RO          692    i.RCC_PLLConfig     stm32f4xx_rcc.o
    0x08002898   0x08002898   0x00000018   Code   RO          703    i.RCC_SYSCLKConfig  stm32f4xx_rcc.o
    0x080028b0   0x080028b0   0x00000038   Code   RO          705    i.RCC_WaitForHSEStartUp  stm32f4xx_rcc.o
    0x080028e8   0x080028e8   0x0000005e   Code   RO          194    i.RCC_configuration  main.o
    0x08002946   0x08002946   0x00000002   PAD
    0x08002948   0x08002948   0x00000040   Code   RO         2047    i.SYSCFG_EXTILineConfig  stm32f4xx_syscfg.o
    0x08002988   0x08002988   0x000000ec   Code   RO          365    i.SetSysClock       system_stm32f4xx.o
    0x08002a74   0x08002a74   0x00000068   Code   RO          367    i.SystemInit        system_stm32f4xx.o
    0x08002adc   0x08002adc   0x00000048   Code   RO            8    i.TIM2_IRQHandler   stm32f4xx_it.o
    0x08002b24   0x08002b24   0x00000758   Code   RO            9    i.TIM7_IRQHandler   stm32f4xx_it.o
    0x0800327c   0x0800327c   0x00000006   Code   RO          997    i.TIM_ClearITPendingBit  stm32f4xx_tim.o
    0x08003282   0x08003282   0x00000018   Code   RO         1002    i.TIM_Cmd           stm32f4xx_tim.o
    0x0800329a   0x0800329a   0x00000022   Code   RO         1023    i.TIM_GetITStatus   stm32f4xx_tim.o
    0x080032bc   0x080032bc   0x00000012   Code   RO         1027    i.TIM_ITConfig      stm32f4xx_tim.o
    0x080032ce   0x080032ce   0x00000002   PAD
    0x080032d0   0x080032d0   0x00000084   Code   RO         1074    i.TIM_TimeBaseInit  stm32f4xx_tim.o
    0x08003354   0x08003354   0x00000018   Code   RO         1556    i.USART_Cmd         stm32f4xx_usart.o
    0x0800336c   0x0800336c   0x00000012   Code   RO         1557    i.USART_DMACmd      stm32f4xx_usart.o
    0x0800337e   0x0800337e   0x00000002   PAD
    0x08003380   0x08003380   0x0000019c   Code   RO          196    i.USART_DMA_Config  main.o
    0x0800351c   0x0800351c   0x000000e4   Code   RO          197    i.USART_EVAL_Config  main.o
    0x08003600   0x08003600   0x000000d4   Code   RO         1563    i.USART_Init        stm32f4xx_usart.o
    0x080036d4   0x080036d4   0x00000030   Code   RO         2240    i.__ARM_fpclassify  m_wm.l(fpclassify.o)
    0x08003704   0x08003704   0x00000004   PAD
    0x08003708   0x08003708   0x000002d8   Code   RO         2139    i.__hardfp_atan     m_wm.l(atan.o)
    0x080039e0   0x080039e0   0x000000c8   Code   RO         2153    i.__hardfp_cos      m_wm.l(cos.o)
    0x08003aa8   0x08003aa8   0x00000c50   Code   RO         2165    i.__hardfp_pow      m_wm.l(pow.o)
    0x080046f8   0x080046f8   0x000000c8   Code   RO         2179    i.__hardfp_sin      m_wm.l(sin.o)
    0x080047c0   0x080047c0   0x0000007a   Code   RO         2191    i.__hardfp_sqrt     m_wm.l(sqrt.o)
    0x0800483a   0x0800483a   0x00000006   PAD
    0x08004840   0x08004840   0x00000438   Code   RO         2245    i.__ieee754_rem_pio2  m_wm.l(rred.o)
    0x08004c78   0x08004c78   0x00000170   Code   RO         2217    i.__kernel_cos      m_wm.l(cos_i.o)
    0x08004de8   0x08004de8   0x000000f8   Code   RO         2242    i.__kernel_poly     m_wm.l(poly.o)
    0x08004ee0   0x08004ee0   0x00000130   Code   RO         2250    i.__kernel_sin      m_wm.l(sin_i.o)
    0x08005010   0x08005010   0x00000030   Code   RO         2220    i.__mathlib_dbl_divzero  m_wm.l(dunder.o)
    0x08005040   0x08005040   0x00000014   Code   RO         2221    i.__mathlib_dbl_infnan  m_wm.l(dunder.o)
    0x08005054   0x08005054   0x00000014   Code   RO         2222    i.__mathlib_dbl_infnan2  m_wm.l(dunder.o)
    0x08005068   0x08005068   0x00000020   Code   RO         2223    i.__mathlib_dbl_invalid  m_wm.l(dunder.o)
    0x08005088   0x08005088   0x00000020   Code   RO         2224    i.__mathlib_dbl_overflow  m_wm.l(dunder.o)
    0x080050a8   0x080050a8   0x00000020   Code   RO         2226    i.__mathlib_dbl_underflow  m_wm.l(dunder.o)
    0x080050c8   0x080050c8   0x00000044   Code   RO          278    i.abs_d             inverse_planning.o
    0x0800510c   0x0800510c   0x0000000c   Code   RO          198    i.delay             main.o
    0x08005118   0x08005118   0x00000018   Code   RO         2236    i.fabs              m_wm.l(fabs.o)
    0x08005130   0x08005130   0x000000a0   Code   RO          199    i.main              main.o
    0x080051d0   0x080051d0   0x00000218   Code   RO          279    i.paramsPoly_inverse  inverse_planning.o
    0x080053e8   0x080053e8   0x0000006e   Code   RO         2193    i.sqrt              m_wm.l(sqrt.o)
    0x08005456   0x08005456   0x00000018   Code   RO         2109    x$fpl$basic         fz_wm.l(basic.o)
    0x0800546e   0x0800546e   0x00000002   PAD
    0x08005470   0x08005470   0x00000150   Code   RO         2111    x$fpl$dadd          fz_wm.l(daddsub_clz.o)
    0x080055c0   0x080055c0   0x00000010   Code   RO         2276    x$fpl$dcheck1       fz_wm.l(dcheck1.o)
    0x080055d0   0x080055d0   0x00000018   Code   RO         2206    x$fpl$dcmpinf       fz_wm.l(dcmpi.o)
    0x080055e8   0x080055e8   0x000002b0   Code   RO         2118    x$fpl$ddiv          fz_wm.l(ddiv.o)
    0x08005898   0x08005898   0x00000078   Code   RO         2121    x$fpl$deqf          fz_wm.l(deqf.o)
    0x08005910   0x08005910   0x0000005e   Code   RO         2278    x$fpl$dfix          fz_wm.l(dfix.o)
    0x0800596e   0x0800596e   0x00000002   PAD
    0x08005970   0x08005970   0x0000005a   Code   RO         2123    x$fpl$dfixu         fz_wm.l(dfixu.o)
    0x080059ca   0x080059ca   0x0000002e   Code   RO         2128    x$fpl$dflt          fz_wm.l(dflt_clz.o)
    0x080059f8   0x080059f8   0x00000026   Code   RO         2127    x$fpl$dfltu         fz_wm.l(dflt_clz.o)
    0x08005a1e   0x08005a1e   0x00000002   PAD
    0x08005a20   0x08005a20   0x00000078   Code   RO         2133    x$fpl$dleqf         fz_wm.l(dleqf.o)
    0x08005a98   0x08005a98   0x00000154   Code   RO         2135    x$fpl$dmul          fz_wm.l(dmul.o)
    0x08005bec   0x08005bec   0x0000009c   Code   RO         2208    x$fpl$dnaninf       fz_wm.l(dnaninf.o)
    0x08005c88   0x08005c88   0x0000000c   Code   RO         2210    x$fpl$dretinf       fz_wm.l(dretinf.o)
    0x08005c94   0x08005c94   0x0000006c   Code   RO         2137    x$fpl$drleqf        fz_wm.l(drleqf.o)
    0x08005d00   0x08005d00   0x00000016   Code   RO         2112    x$fpl$drsb          fz_wm.l(daddsub_clz.o)
    0x08005d16   0x08005d16   0x00000002   PAD
    0x08005d18   0x08005d18   0x00000198   Code   RO         2212    x$fpl$dsqrt         fz_wm.l(dsqrt_umaal.o)
    0x08005eb0   0x08005eb0   0x000001d4   Code   RO         2113    x$fpl$dsub          fz_wm.l(daddsub_clz.o)
    0x08006084   0x08006084   0x0000000a   Code   RO         2355    x$fpl$fpinit        fz_wm.l(fpinit.o)
    0x0800608e   0x0800608e   0x00000064   Code   RO         2295    x$fpl$retnan        fz_wm.l(retnan.o)
    0x080060f2   0x080060f2   0x0000005c   Code   RO         2214    x$fpl$scalbn        fz_wm.l(scalbn.o)
    0x0800614e   0x0800614e   0x00000030   Code   RO         2344    x$fpl$trapveneer    fz_wm.l(trapv.o)
    0x0800617e   0x0800617e   0x00000000   Code   RO         2216    x$fpl$usenofp       fz_wm.l(usenofp.o)
    0x0800617e   0x0800617e   0x00000002   PAD
    0x08006180   0x08006180   0x00000018   Data   RO          281    .constdata          inverse_planning.o
    0x08006198   0x08006198   0x00000098   Data   RO         2142    .constdata          m_wm.l(atan.o)
    0x08006230   0x08006230   0x00000088   Data   RO         2168    .constdata          m_wm.l(pow.o)
    0x080062b8   0x080062b8   0x00000030   Data   RO         2218    .constdata          m_wm.l(cos_i.o)
    0x080062e8   0x080062e8   0x00000008   Data   RO         2244    .constdata          m_wm.l(qnan.o)
    0x080062f0   0x080062f0   0x000000c8   Data   RO         2247    .constdata          m_wm.l(rred.o)
    0x080063b8   0x080063b8   0x00000028   Data   RO         2251    .constdata          m_wm.l(sin_i.o)
    0x080063e0   0x080063e0   0x00000020   Data   RO         2423    Region$$Table       anon$$obj.o


    Execution Region ER_RW (Exec base: 0x20000000, Load base: 0x08006400, Size: 0x00000100, Max: 0xffffffff, ABSOLUTE)

    Exec Addr    Load Addr    Size         Type   Attr      Idx    E Section Name        Object

    0x20000000   0x08006400   0x000000d0   Data   RW           11    .data               stm32f4xx_it.o
    0x200000d0   0x080064d0   0x00000008   Data   RW          201    .data               main.o
    0x200000d8   0x080064d8   0x00000008   Data   RW          282    .data               inverse_planning.o
    0x200000e0   0x080064e0   0x0000000d   Data   RW          325    .data               can.o
    0x200000ed   0x080064ed   0x00000010   Data   RW          706    .data               stm32f4xx_rcc.o


    Execution Region ER_ZI (Exec base: 0x20000100, Load base: 0x08006500, Size: 0x00000af8, Max: 0xffffffff, ABSOLUTE)

    Exec Addr    Load Addr    Size         Type   Attr      Idx    E Section Name        Object

    0x20000100        -       0x00000408   Zero   RW           10    .bss                stm32f4xx_it.o
    0x20000508        -       0x00000012   Zero   RW          200    .bss                main.o
    0x2000051a   0x08006500   0x00000006   PAD
    0x20000520        -       0x00000078   Zero   RW          280    .bss                inverse_planning.o
    0x20000598        -       0x00000060   Zero   RW         2283    .bss                c_w.l(libspace.o)
    0x200005f8        -       0x00000200   Zero   RW          404    HEAP                startup_stm32f40_41xxx.o
    0x200007f8        -       0x00000400   Zero   RW          403    STACK               startup_stm32f40_41xxx.o


==============================================================================

Image component sizes


      Code (inc. data)   RO Data    RW Data    ZI Data      Debug   Object Name

      1044         84          0         13          0       3172   can.o
      2248        216         24          8        120       3485   inverse_planning.o
      1442         80          0          8         18       6751   main.o
       120         14          0          0          0     240596   misc.o
        64         26        392          0       1536        832   startup_stm32f40_41xxx.o
      1508         40          0          0          0       7427   stm32f4xx_can.o
       372         52          0          0          0       5470   stm32f4xx_dma.o
       184         16          0          0          0       2388   stm32f4xx_exti.o
       222          0          0          0          0       3203   stm32f4xx_gpio.o
      5180        524          0        208       1032     312131   stm32f4xx_it.o
       740        102          0         16          0      11774   stm32f4xx_rcc.o
        64          4          0          0          0        688   stm32f4xx_syscfg.o
       214         28          0          0          0       4030   stm32f4xx_tim.o
       254          8          0          0          0       2952   stm32f4xx_usart.o
       340         32          0          0          0       1601   system_stm32f4xx.o

    ----------------------------------------------------------------------
     14008       1226        448        256       2712     606500   Object Totals
         0          0         32          0          0          0   (incl. Generated)
        12          0          0          3          6          0   (incl. Padding)

    ----------------------------------------------------------------------

      Code (inc. data)   RO Data    RW Data    ZI Data      Debug   Library Member Name

         8          0          0          0          0         68   __main.o
         0          0          0          0          0          0   __rtentry.o
        12          0          0          0          0          0   __rtentry2.o
         6          0          0          0          0          0   __rtentry4.o
        52          8          0          0          0          0   __scatter.o
        26          0          0          0          0          0   __scatter_copy.o
        28          0          0          0          0          0   __scatter_zi.o
        22          0          0          0          0        100   _rserrno.o
        18          0          0          0          0         80   exit.o
         6          0          0          0          0        152   heapauxi.o
         0          0          0          0          0          0   indicate_semi.o
         2          0          0          0          0          0   libinit.o
         6          0          0          0          0          0   libinit2.o
         2          0          0          0          0          0   libshutdown.o
         2          0          0          0          0          0   libshutdown2.o
         8          4          0          0         96         68   libspace.o
         8          4          0          0          0         68   rt_errno_addr_intlibspace.o
       100          0          0          0          0         80   rt_memcpy_w.o
         2          0          0          0          0          0   rtexit.o
        10          0          0          0          0          0   rtexit2.o
        12          4          0          0          0         68   sys_exit.o
        74          0          0          0          0         80   sys_stackheap_outer.o
         2          0          0          0          0         68   use_no_semi.o
        24          0          0          0          0        164   basic.o
       826         16          0          0          0        492   daddsub_clz.o
        16          4          0          0          0        116   dcheck1.o
        24          0          0          0          0        116   dcmpi.o
       688        140          0          0          0        256   ddiv.o
       120          4          0          0          0        140   deqf.o
        94          4          0          0          0        140   dfix.o
        90          4          0          0          0        140   dfixu.o
        84          0          0          0          0        232   dflt_clz.o
       120          4          0          0          0        140   dleqf.o
       340         12          0          0          0        152   dmul.o
       156          4          0          0          0        140   dnaninf.o
        12          0          0          0          0        116   dretinf.o
       108          0          0          0          0        128   drleqf.o
       408         56          0          0          0        168   dsqrt_umaal.o
        10          0          0          0          0        116   fpinit.o
       100          0          0          0          0        116   retnan.o
        92          0          0          0          0        116   scalbn.o
        48          0          0          0          0        116   trapv.o
         0          0          0          0          0          0   usenofp.o
       728        106        152          0          0        228   atan.o
       200         20          0          0          0        164   cos.o
       368         46         48          0          0        200   cos_i.o
       184         44          0          0          0        744   dunder.o
        24          0          0          0          0        124   fabs.o
        48          0          0          0          0        124   fpclassify.o
       248          0          0          0          0        152   poly.o
      3152        296        136          0          0        352   pow.o
         0          0          8          0          0          0   qnan.o
      1080        142        200          0          0        188   rred.o
       200         20          0          0          0        164   sin.o
       304         24         40          0          0        208   sin_i.o
       232          0          0          0          0        296   sqrt.o

    ----------------------------------------------------------------------
     10560        966        584          0         96       6880   Library Totals
        26          0          0          0          0          0   (incl. Padding)

    ----------------------------------------------------------------------

      Code (inc. data)   RO Data    RW Data    ZI Data      Debug   Library Name

       406         20          0          0         96        832   c_w.l
      3360        248          0          0          0       3104   fz_wm.l
      6768        698        584          0          0       2944   m_wm.l

    ----------------------------------------------------------------------
     10560        966        584          0         96       6880   Library Totals

    ----------------------------------------------------------------------

==============================================================================


      Code (inc. data)   RO Data    RW Data    ZI Data      Debug   

     24568       2192       1032        256       2808     602568   Grand Totals
     24568       2192       1032        256       2808     602568   ELF Image Totals
     24568       2192       1032        256          0          0   ROM Totals

==============================================================================

    Total RO  Size (Code + RO Data)                25600 (  25.00kB)
    Total RW  Size (RW Data + ZI Data)              3064 (   2.99kB)
    Total ROM Size (Code + RO Data + RW Data)      25856 (  25.25kB)

==============================================================================

